# strategy jumping=0 robust=0 crit_chi=1000
# ray_trace -N xorder=8 zorder=8 clen=0.8 nintp=8 bend_tol=0.001
# smooth_vel -SV on=1 wmin=200 wmax=200 dw=201 -Ss=-1 log10(-XV)=0
# smooth_dep -SD on=1 wmin=20 wmax=20 dw=21 log10(-XD)=0
# damping: MODE=auto  using=-T/-TV/-TD  fixed_-D=OFF  -TV_percent=5 -TV_frac=0.05  -TD_percent=1 -TD_frac=0.01
# filter_-s: OFF  (ON=2D filter after each iter; OFF=no -s)
# water: invert_only=0 crust_only=1 seafloor=Y
# psx: invert_vs=0 joint_vpvs=0 freeze_lid=0 zmax_below=0  (TOMO2D_INV_PSX_ZMAX, 0=off)
# inv_strategy=ON  PPP+PmP->lid Vs->corr PSP->below Vs  (TOMO2D_INV_STRATEGY=0 off; -ts force)
# ndata 775
# nnodes nnodev=5103 nvel=5103 nnoded(refl)=63 freeze_-u=OFF refl_weight=1
# LSQR atol=0.001 itermax=510300 cap=8000  (TOMO2D_INV_LSQR_MAXITER)
# lsqr_precond: OFF maxD=50  (ON=TOMO2D_INV_LSQR_PRECOND!=0; default OFF; Legacy forces OFF; maxD<=0=unbounded)
# accel: reuse=OFF thresh=0 c2f=OFF legacy=OFF
1 1 465 0.181458 329.271 155 0.107878 116.378 155 0.232844 542.163 0.53968 8.77176 200 20 0 378.652 6 704 1 37.4073 0.0440968 0.011158 0.00196763 0.00257124 0.0480358
2 1 465 0.0622435 38.7426 155 0.0493352 24.3397 155 0.0729009 53.1455 0.571926 8.66678 200 20 0 306.738 5 269 0 20.9793 0.00427175 0.011034 0.000981149 0.0010593 0.0400399
3 1 465 0.0463628 21.4951 155 0.0362826 13.1643 155 0.054613 29.8258 0.54679 8.91298 200 20 0 239.439 4 161 0 14.1658 0.00171071 0.00894229 0.000595791 0.000760484 0.0373324
4 1 465 0.0378158 14.3003 155 0.0333395 11.1152 155 0.0418155 17.4854 0.520909 8.37936 200 20 0 40.3729 4 147 0 11.2027 0.00172153 0.0100308 0.000446882 0.000814106 0.0320402
5 1 465 0.0323948 10.4943 155 0.0328732 10.8065 155 0.0319093 10.1821 0.555708 8.36748 200 20 0 0 1 31 0 9.22381 0.00100674 0.00199478 0.000341228 0.00077693 0.031399
6 1 465 0.0305449 9.32993 155 0.0317751 10.0965 155 0.0292632 8.56332 0.542184 8.50256 200 20 0 0 1 30 0 8.38701 0.000883832 0.00130145 0.00030952 0.00072014 0.0201606
7 1 465 0.0288579 8.32776 155 0.030629 9.38135 155 0.0269707 7.27416 0.609106 8.21837 200 20 0 0 1 29 0 7.57533 0.000776519 0.00132696 0.000279228 0.000643181 0.0169685
8 1 465 0.0280808 7.88532 155 0.0295624 8.73936 155 0.0265166 7.03129 0.517566 8.06525 200 20 0 0 1 26 0 7.23387 0.00066346 0.0013205 0.000268318 0.000600092 0.0166335
9 1 620 0.0450222 15.2904 0 0 0 0 0 0 0.321515 17.9343 200 20 0 0 1 54 0 8.0055 0.0070704 0.0013205 0.000943516 0.00013714 -1
10 1 620 0.032712 7.90354 0 0 0 0 0 0 0.346056 17.9463 200 20 0 0 1 42 0 7.63327 0.00104758 0.0013205 0.00036434 7.34213e-05 -1
11 1 620 0.0321522 7.61505 0 0 0 0 0 0 0.328827 17.8686 200 20 0 0 1 16 0 7.54039 0.000213243 0.0013205 0.000214112 4.38973e-05 -1
12 1 620 0.0319979 7.5314 0 0 0 0 0 0 0.329153 18.3434 200 20 0 0 1 15 0 7.49261 0.000136293 0.0013205 0.000157601 2.90981e-05 -1
13 1 620 0.0319193 7.48674 0 0 0 0 0 0 0.342405 17.2319 200 20 0 0 1 9 0 7.4649 6.12858e-05 0.0013205 0.00012074 1.94338e-05 -1
14 1 620 0.0318621 7.45482 0 0 0 0 0 0 0.397088 17.8349 200 20 0 0 1 7 0 7.44103 4.42679e-05 0.0013205 9.62097e-05 1.60699e-05 -1
15 1 620 0.0318321 7.43778 0 0 0 0 0 0 0.343734 17.8367 200 20 0 0 1 6 0 7.42866 3.42093e-05 0.0013205 7.83129e-05 1.33854e-05 -1
16 1 620 0.0318131 7.42626 0 0 0 0 0 0 0.342064 18.6919 200 20 0 0 1 6 0 7.42006 2.78715e-05 0.0013205 6.43996e-05 1.27255e-05 -1
18 1 870 0.0733425 2.15165 0 0 0 0 0 0 6.2e-06 14.8617 200 20 0 0 1 161 0 0.461791 0.00666592 0.0013205 7.45443e-05 3.46043e-05 -1
19 1 870 0.0344336 0.47427 0 0 0 0 0 0 5.4e-06 15.2614 200 20 0 0 1 27 0 0.465614 0.00015206 0.0013205 1.71041e-05 2.72583e-05 -1
20 1 870 0.034152 0.466545 0 0 0 0 0 0 5.2e-06 15.4229 200 20 0 0 1 30 0 0.45961 0.000144644 0.0013205 1.91725e-05 2.4681e-05 -1
21 1 870 0.0338876 0.459347 0 0 0 0 0 0 6.6e-06 15.2981 200 20 0 0 1 31 0 0.452561 0.000161034 0.0013205 1.81413e-05 2.52864e-05 -1
22 1 870 0.0337792 0.456415 0 0 0 0 0 0 2.47e-05 15.287 200 20 0 0 1 29 0 0.45056 0.000104941 0.0013205 1.666e-05 2.3902e-05 -1
23 1 870 0.0334221 0.446814 0 0 0 0 0 0 4.9e-06 15.2034 200 20 0 0 1 30 0 0.440788 0.000139254 0.0013205 1.64968e-05 2.4474e-05 -1
24 1 870 0.0332114 0.4412 0 0 0 0 0 0 7.1e-06 15.1718 200 20 0 0 1 30 0 0.435828 0.000104325 0.0013205 1.58296e-05 2.29215e-05 -1
25 1 870 0.0330241 0.436236 0 0 0 0 0 0 5.5e-06 15.3359 200 20 0 0 1 29 0 0.431053 0.000100527 0.0013205 1.55442e-05 2.26528e-05 -1
