# strategy jumping=0 robust=0 crit_chi=1000
# ray_trace -N xorder=8 zorder=8 clen=0.8 nintp=8 bend_tol=0.0001
# smooth_vel -SV on=1 wmin=200 wmax=200 dw=201 -Ss=-1 log10(-XV)=0
# smooth_dep -SD on=0 wmin=0 wmax=0 dw=1 log10(-XD)=0
# damping: MODE=fixed  using=-D/-DV/-DD  auto_-T=OFF  -DV=1 -DD=0
# damping: -DQ=ON wdv=1
# filter_-s: OFF  (ON=2D filter after each iter; OFF=no -s)
# water: invert_only=0 crust_only=1 seafloor=Y
# psx: invert_vs=0 joint_vpvs=0 freeze_lid=0 zmax_below=0  (TOMO2D_INV_PSX_ZMAX, 0=off)
# ndata 77
# nnodes nnodev=5103 nvel=5103 nnoded(refl)=0 refl_weight=1
# LSQR atol=0.001 itermax=510300 cap=8000  (TOMO2D_INV_LSQR_MAXITER)
# lsqr_precond: OFF maxD=50  (ON=TOMO2D_INV_LSQR_PRECOND!=0; default OFF; Legacy forces OFF; maxD<=0=unbounded)
# accel: reuse=OFF thresh=0 c2f=OFF legacy=OFF
1 1 0 0.401524 64.4886 77 0.401524 64.4886 0 0 0 0.316572 2.64086 200 0 1 0 1 53 0 41.9185 0.00691561 0 0.000383897 0.00139709 -1
2 1 0 0.326746 42.7052 77 0.326746 42.7052 0 0 0 0.312174 2.83581 200 0 1 0 1 53 0 30.4907 0.00485152 0 0.000275158 0.00104235 -1
3 1 0 0.277857 30.8819 77 0.277857 30.8819 0 0 0 0.299198 2.52192 200 0 1 0 1 52 0 23.7511 0.00351857 0 0.000204066 0.000803818 -1
4 1 0 0.244908 23.992 77 0.244908 23.992 0 0 0 0.306515 2.63421 200 0 1 0 1 52 0 19.5126 0.00259125 0 0.000155692 0.000645373 -1
5 1 0 0.221609 19.6442 77 0.221609 19.6442 0 0 0 0.311173 2.68736 200 0 1 0 1 52 0 16.5831 0.00192166 0 0.000122534 0.000546069 -1
6 1 0 0.204133 16.6681 77 0.204133 16.6681 0 0 0 0.313883 2.62369 200 0 1 0 1 31 0 14.4485 0.00130103 0 0.000101254 0.0004849 -1
7 1 0 0.189838 14.4154 77 0.189838 14.4154 0 0 0 0.317537 2.70828 200 0 1 0 1 30 0 12.6562 0.00104725 0 9.17993e-05 0.000438366 -1
8 1 0 0.17772 12.6337 77 0.17772 12.6337 0 0 0 0.288191 2.69854 200 0 1 0 1 30 0 11.2152 0.000892343 0 8.38102e-05 0.000395811 -1
