# strategy jumping=0 robust=0 crit_chi=1000
# ray_trace -N xorder=8 zorder=8 clen=0.8 nintp=8 bend_tol=0.0001
# smooth_vel -SV on=1 wmin=200 wmax=200 dw=201 -Ss=-1 log10(-XV)=0
# smooth_dep -SD on=0 wmin=0 wmax=0 dw=1 log10(-XD)=0
# damping: MODE=auto  using=-T/-TV/-TD  fixed_-D=OFF  -TV_percent=5 -TV_frac=0.05  -TD_percent=0 -TD_frac=0
# filter_-s: OFF  (ON=2D filter after each iter; OFF=no -s)
# water: invert_only=0 crust_only=1 seafloor=Y
# psx: invert_vs=1 joint_vpvs=0 freeze_lid=0 zmax_below=0  (TOMO2D_INV_PSX_ZMAX, 0=off)
# ndata 465
# nnodes nnodev=5103 nvel=5103 nnoded(refl)=0 refl_weight=1
# LSQR atol=0.001 itermax=510300 cap=8000  (TOMO2D_INV_LSQR_MAXITER)
# lsqr_precond: OFF maxD=50  (ON=TOMO2D_INV_LSQR_PRECOND!=0; default OFF; Legacy forces OFF; maxD<=0=unbounded)
# accel: reuse=OFF thresh=0 c2f=OFF legacy=OFF
1 1 0 0.606714 3681.02 0 0 0 0 0 0 4e-06 83.0727 200 0 124.005 0 4 236 0 568.93 0.0559062 0 0.00968407 0.00717294 -1
2 1 0 0.268641 721.679 0 0 0 0 0 0 3.30003e-06 91.3659 200 0 0 0 1 70 0 428.809 0.0469639 0 0.0039672 0.00469081 -1
3 1 0 0.178928 320.151 0 0 0 0 0 0 2.80001e-06 85.9199 200 0 0 0 1 45 0 297.403 0.011129 0 0.00206208 0.00298219 -1
4 1 0 0.178383 318.205 0 0 0 0 0 0 4.3e-06 84.9501 200 0 0 0 1 22 0 310.199 0.00321176 0 0.00129558 0.00238113 -1
5 1 0 0.146456 214.495 0 0 0 0 0 0 3.2e-06 82.7075 200 0 0 0 1 20 0 208.675 0.00238971 0 0.00141398 0.00174658 -1
6 1 0 0.15786 249.197 0 0 0 0 0 0 2.80001e-06 82.5165 200 0 0 0 1 19 0 242.131 0.00245539 0 0.00124887 0.00227949 -1
7 1 0 0.1679 281.906 0 0 0 0 0 0 3.6e-06 83.2106 200 0 0 0 1 18 0 275.164 0.00253315 0 0.00162569 0.00185445 -1
8 1 0 0.189885 360.563 0 0 0 0 0 0 3.50003e-06 83.279 200 0 0 0 1 18 0 349.83 0.00330262 0 0.00196384 0.00230339 -1
