# strategy jumping=0 robust=0 crit_chi=1000
# ray_trace -N xorder=8 zorder=8 clen=0.8 nintp=8 bend_tol=0.001
# smooth_vel -SV on=1 wmin=200 wmax=200 dw=201 -Ss=-1 log10(-XV)=0
# smooth_dep -SD on=0 wmin=0 wmax=0 dw=1 log10(-XD)=0
# damping: MODE=auto  using=-T/-TV/-TD  fixed_-D=OFF  -TV_percent=5 -TV_frac=0.05  -TD_percent=0 -TD_frac=0
# filter_-s: OFF  (ON=2D filter after each iter; OFF=no -s)
# water: invert_only=0 crust_only=1 seafloor=Y
# psx: invert_vs=1 joint_vpvs=0 freeze_lid=0
# ndata 83
# nnodes nnodev=6156 nvel=6156 nnoded(refl)=0 freeze_-u=OFF refl_weight=1
# LSQR atol=0.001 itermax=615600 cap=8000  (TOMO2D_INV_LSQR_MAXITER)
# lsqr_precond: OFF maxD=10  (ON=TOMO2D_INV_LSQR_PRECOND!=0; default OFF; Legacy forces OFF; maxD=kappa vs col-norm median, empty D=0, miniter=20)
# sens_weight: ON kappa=10 eps=0.05  (ON=TOMO2D_INV_SENS_WEIGHT!=0; default OFF; T*=w, R couple 2/(wi+wj); median per Vp/Vs-lid/Vs-below/Moho)
# linesearch: OFF c=0.0001 rho=0.5 amin=0.03125  (ON=TOMO2D_INV_LINESEARCH!=0; default OFF; Armijo on true chi2 after re-trace)
# lm: OFF lambda=1 up=4 down=0.5 lmax=256 rho_acc=0.1 rho_good=0.5  (ON=TOMO2D_INV_LM!=0; default OFF; trust-region: scale T and re-LSQR on true chi2)
# accel: reuse=OFF thresh=0 c2f=OFF legacy=OFF
1 1 0 0.282385 797.415 0 0 0 0 0 0 2.50002e-06 33.7825 200 0 56.5331 0 6 509 0 277.506 0.0405785 0 0.00429066 0.00240781 -1
2 1 0 0.159306 253.784 0 0 0 0 0 0 2.60002e-06 30.0036 200 0 30.7994 0 5 450 0 32.5378 0.0412617 0 0.00259905 0.00126685 -1
3 1 0 0.0531043 28.2007 0 0 0 0 0 0 2.70002e-06 29.6164 200 0 0 0 1 144 0 0.40844 0.0243465 0 0.000488233 0.000166653 -1
4 1 0 0.00636652 0.405326 0 0 0 0 0 0 2.10002e-06 29.0011 200 0 0 0 1 38 0 0.390115 0.000280242 0 2.88997e-05 1.99176e-05 -1
5 1 0 0.00624356 0.389821 0 0 0 0 0 0 2.99999e-06 29.6434 200 0 0 0 1 11 0 0.389394 1.49306e-05 0 7.48923e-06 3.06176e-06 -1
6 1 0 0.00623984 0.389356 0 0 0 0 0 0 2.79999e-06 28.7664 200 0 0 0 1 11 0 0.389067 1.21441e-05 0 6.16305e-06 2.55184e-06 -1
7 1 0 0.0062374 0.389052 0 0 0 0 0 0 2.99999e-06 27.3116 200 0 0 0 1 5 0 0.388951 4.3658e-06 0 3.97358e-06 7.37493e-07 -1
8 1 0 0.00623688 0.388987 0 0 0 0 0 0 2.29999e-06 26.8962 200 0 0 0 1 5 0 0.388901 4.0295e-06 0 3.6722e-06 7.01823e-07 -1
