# strategy jumping=0 robust=0 crit_chi=1000
# ray_trace -N xorder=8 zorder=8 clen=0.8 nintp=8 bend_tol=0.0001
# smooth_vel -SV on=1 wmin=50 wmax=50 dw=51 -Ss=200 log10(-XV)=0
# smooth_dep -SD on=0 wmin=0 wmax=0 dw=1 log10(-XD)=0
# damping: MODE=auto  using=-T/-TV/-TD  fixed_-D=OFF  -TV_percent=5 -TV_frac=0.05  -TD_percent=0 -TD_frac=0
# filter_-s: OFF  (ON=2D filter after each iter; OFF=no -s)
# water: invert_only=0 crust_only=1 seafloor=Y
# psx: invert_vs=1 joint_vpvs=1 freeze_lid=1 zmax_below=0  (TOMO2D_INV_PSX_ZMAX, 0=off)
# ndata 310
# nnodes nnodev=5103 nvel=10206 nnoded(refl)=0 refl_weight=1
# LSQR atol=0.001 itermax=510300 cap=8000  (TOMO2D_INV_LSQR_MAXITER)
# lsqr_precond: OFF maxD=50  (ON=TOMO2D_INV_LSQR_PRECOND!=0; default OFF; Legacy forces OFF; maxD<=0=unbounded)
# accel: reuse=OFF thresh=0 c2f=OFF legacy=OFF
1 1 155 0.26845 720.656 155 0.26845 720.656 0 0 0 0.352716 27.1325 50 0 14.2627 0 6 322 0 10.5499 0.0419247 0 0.00253114 0.00557658 -1
2 1 155 0.0710431 50.4712 155 0.0710431 50.4712 0 0 0 0.322746 27.1684 50 0 0 0 1 83 0 3.64387 0.0217814 0 0.00109789 0.00271729 -1
3 1 155 0.0286179 8.18984 155 0.0286179 8.18984 0 0 0 0.313001 30.9085 50 0 0 0 1 46 0 3.5513 0.00403415 0 0.000719246 0.00159467 -1
# auto_damp: skip undamped probe (joint Vs-only iter=4)
# auto_damp: joint Vs-only wdv=50
4 1 155 0.466189 2173.32 0 0 0 0 0 0 0.293289 31.5136 50 0 50 0 1 1 0 2173.32 5.56555e-06 0 6.82764e-06 1.05961e-05 -1
# auto_damp: skip undamped probe (joint Vs-only iter=5)
# auto_damp: joint Vs-only wdv=50
5 1 155 0.465308 2165.12 0 0 0 0 0 0 0.277611 31.9401 50 0 50 0 1 1 0 2165.12 4.70894e-06 0 5.73071e-06 8.95899e-06 -1
# auto_damp: skip undamped probe (joint Vs-only iter=6)
# auto_damp: joint Vs-only wdv=50
6 1 155 0.464434 2156.99 0 0 0 0 0 0 0.274181 32.4541 50 0 50 0 1 1 0 2156.99 4.59406e-06 0 5.62485e-06 8.73885e-06 -1
# auto_damp: skip undamped probe (joint Vs-only iter=7)
# auto_damp: joint Vs-only wdv=50
7 1 155 0.464181 2154.64 0 0 0 0 0 0 0.287298 32.1574 50 0 50 0 1 1 0 2154.64 4.01659e-06 0 4.88094e-06 7.63726e-06 -1
# auto_damp: skip undamped probe (joint Vs-only iter=8)
# auto_damp: joint Vs-only wdv=50
8 1 155 0.465679 2168.57 0 0 0 0 0 0 0.291683 31.1642 50 0 50 0 1 1 0 2168.57 5.68071e-06 0 7.03489e-06 1.08019e-05 -1
