# strategy jumping=0 robust=0 crit_chi=1000
# ray_trace -N xorder=8 zorder=8 clen=0.8 nintp=8 bend_tol=0.0001
# smooth_vel -SV on=1 wmin=200 wmax=200 dw=201 -Ss=-1 log10(-XV)=0
# smooth_dep -SD on=0 wmin=0 wmax=0 dw=1 log10(-XD)=0
# damping: MODE=fixed  using=-D/-DV/-DD  auto_-T=OFF  -DV=1 -DD=0
# damping: -DQ=ON wdv=1
# filter_-s: OFF  (ON=2D filter after each iter; OFF=no -s)
# water: invert_only=0 crust_only=1 seafloor=Y
# psx: invert_vs=0 joint_vpvs=0 freeze_lid=0 zmax_below=0  (TOMO2D_INV_PSX_ZMAX, 0=off)
# ndata 155
# nnodes nnodev=5103 nvel=5103 nnoded(refl)=0 refl_weight=1
# LSQR atol=0.001 itermax=510300 cap=8000  (TOMO2D_INV_LSQR_MAXITER)
# lsqr_precond: OFF maxD=50  (ON=TOMO2D_INV_LSQR_PRECOND!=0; default OFF; Legacy forces OFF; maxD<=0=unbounded)
# accel: reuse=OFF thresh=0 c2f=OFF legacy=OFF
1 1 0 0.0531079 28.2045 155 0.0531079 28.2045 0 0 0 0.338321 3.35697 200 0 1 0 1 24 0 21.6496 0.00146145 0 0.000199525 0.000905348 -1
2 1 0 0.046521 21.6421 155 0.046521 21.6421 0 0 0 0.304245 3.29357 200 0 1 0 1 24 0 19.7038 0.000771969 0 0.000198598 0.000643863 -1
3 1 0 0.0443205 19.6431 155 0.0443205 19.6431 0 0 0 0.294032 3.11015 200 0 1 0 1 23 0 18.4136 0.000628118 0 0.000175872 0.000520355 -1
4 1 0 0.0429642 18.4592 155 0.0429642 18.4592 0 0 0 0.324873 3.13001 200 0 1 0 1 21 0 17.5732 0.000510407 0 0.000152097 0.000440378 -1
5 1 0 0.0418709 17.5317 155 0.0418709 17.5317 0 0 0 0.306087 3.25392 200 0 1 0 1 20 0 16.8607 0.00040575 0 0.000130665 0.000380735 -1
6 1 0 0.041076 16.8723 155 0.041076 16.8723 0 0 0 0.302805 3.14822 200 0 1 0 1 19 0 16.3366 0.00033635 0 0.000111521 0.000336891 -1
7 1 0 0.0404402 16.3541 155 0.0404402 16.3541 0 0 0 0.32364 3.10643 200 0 1 0 1 17 0 15.9122 0.000261701 0 9.61141e-05 0.000300955 -1
8 1 0 0.0398647 15.8919 155 0.0398647 15.8919 0 0 0 0.328679 3.17573 200 0 1 0 1 15 0 15.515 0.00020821 0 8.54628e-05 0.000273112 -1
