# strategy jumping=0 robust=0 crit_chi=1000
# ray_trace -N xorder=8 zorder=8 clen=0.8 nintp=8 bend_tol=0.001
# smooth_vel -SV on=1 wmin=200 wmax=200 dw=201 -Ss=-1 log10(-XV)=0
# smooth_dep -SD on=0 wmin=0 wmax=0 dw=1 log10(-XD)=0
# damping: MODE=auto  using=-T/-TV/-TD  fixed_-D=OFF  -TV_percent=5 -TV_frac=0.05  -TD_percent=0 -TD_frac=0
# filter_-s: OFF  (ON=2D filter after each iter; OFF=no -s)
# water: invert_only=0 crust_only=1 seafloor=Y
# psx: invert_vs=1 joint_vpvs=0 freeze_lid=0
# ndata 83
# nnodes nnodev=6156 nvel=6156 nnoded(refl)=0 freeze_-u=OFF refl_weight=1
# LSQR atol=0.001 itermax=615600 cap=8000  (TOMO2D_INV_LSQR_MAXITER)
# lsqr_precond: OFF maxD=10  (ON=TOMO2D_INV_LSQR_PRECOND!=0; default OFF; Legacy forces OFF; maxD=kappa vs col-norm median, empty D=0, miniter=20)
# sens_weight: OFF kappa=10 eps=0.05  (ON=TOMO2D_INV_SENS_WEIGHT!=0; default OFF; T*=w, R couple 2/(wi+wj); median per Vp/Vs-lid/Vs-below/Moho)
# linesearch: OFF c=0.0001 rho=0.5 amin=0.03125  (ON=TOMO2D_INV_LINESEARCH!=0; default OFF; Armijo on true chi2 after re-trace)
# lm: OFF lambda=1 up=4 down=0.5 lmax=256 rho_acc=0.1 rho_good=0.5  (ON=TOMO2D_INV_LM!=0; default OFF; trust-region: scale T and re-LSQR on true chi2)
# accel: reuse=OFF thresh=0 c2f=ON legacy=OFF
1 1 0 0.282385 797.415 0 0 0 0 0 0 2.19999e-06 35.2481 600 0 166.436 0 6 526 0 609.135 0.0197842 0 0.001046 0.00015175 -1
2 1 0 0.24456 598.097 0 0 0 0 0 0 2.59999e-06 34.2771 512.851 0 137.26 0 5 493 0 404.184 0.0239575 0 0.00121216 0.000173389 -1
3 1 0 0.198443 393.796 0 0 0 0 0 0 2.30002e-06 34.3906 438.36 0 105.914 0 4 462 0 213.353 0.0292912 0 0.00128342 0.000181731 -1
4 1 0 0.143171 204.978 0 0 0 0 0 0 2.40002e-06 34.9448 374.689 0 96.6631 0 4 465 0 94.1862 0.0242754 0 0.00116837 0.000164899 -1
5 1 0 0.095042 90.3298 0 0 0 0 0 0 2.10002e-06 34.6821 320.266 0 59.7886 0 6 578 0 21.1188 0.0289826 0 0.000844864 0.000111903 -1
6 1 0 0.0432181 18.678 0 0 0 0 0 0 2.10002e-06 34.3033 273.748 0 0 0 1 162 0 0.472518 0.0348352 0 5.12778e-05 6.94381e-06 -1
7 1 0 0.00635767 0.404199 0 0 0 0 0 0 1.40001e-06 39.6129 233.986 0 0 0 1 47 0 0.359492 0.00151339 0 1.07252e-05 2.12711e-06 -1
8 1 0 0.00599923 0.359908 0 0 0 0 0 0 2.19999e-06 33.9264 200 0 0 0 1 7 0 0.359831 1.79144e-05 0 2.87323e-06 7.76739e-07 -1
