# strategy jumping=0 robust=0 crit_chi=1000
# ray_trace -N xorder=8 zorder=8 clen=0.8 nintp=8 bend_tol=0.001
# smooth_vel -SV on=1 wmin=200 wmax=200 dw=201 -Ss=-1 log10(-XV)=0
# smooth_dep -SD on=0 wmin=0 wmax=0 dw=1 log10(-XD)=0
# damping: MODE=auto  using=-T/-TV/-TD  fixed_-D=OFF  -TV_percent=5 -TV_frac=0.05  -TD_percent=0 -TD_frac=0
# filter_-s: OFF  (ON=2D filter after each iter; OFF=no -s)
# water: invert_only=0 crust_only=1 seafloor=Y
# psx: invert_vs=1 joint_vpvs=0 freeze_lid=1 zmax_below=0  (TOMO2D_INV_PSX_ZMAX, 0=off)
# ndata 60
# nnodes nnodev=5103 nvel=5103 nnoded(refl)=0 refl_weight=1
# LSQR atol=0.001 itermax=510300 cap=8000  (TOMO2D_INV_LSQR_MAXITER)
# lsqr_precond: OFF maxD=50  (ON=TOMO2D_INV_LSQR_PRECOND!=0; default OFF; Legacy forces OFF; maxD<=0=unbounded)
# accel: reuse=OFF thresh=0 c2f=OFF legacy=OFF
1 1 0 0.664031 4409.37 0 0 0 0 0 0 2.5e-06 16.233 200 0 50.5338 0 4 347 0 68.8738 0.0369321 0 0.00190667 0.00285706 -1
2 1 0 0.127122 161.601 0 0 0 0 0 0 2.4e-06 16.6072 200 0 0 0 1 136 0 8.12833 0.027199 0 0.000576513 0.000849664 -1
3 1 0 0.0311329 9.6926 0 0 0 0 0 0 2.6e-06 16.2737 200 0 0 0 1 84 0 5.31504 0.00452375 0 0.00020854 0.000312166 -1
4 1 0 0.0226364 5.12406 0 0 0 0 0 0 2.4e-06 15.8929 200 0 0 0 1 32 0 4.55827 0.000662699 0 0.000152074 0.000220837 -1
5 1 0 0.0216353 4.68088 0 0 0 0 0 0 2.4e-06 15.5386 200 0 0 0 1 32 0 4.22764 0.000525739 0 0.000138517 0.000202726 -1
6 1 0 0.0205875 4.23846 0 0 0 0 0 0 2.1e-06 15.5011 200 0 0 0 1 28 0 3.90391 0.000346365 0 0.000118821 0.000179314 -1
7 1 0 0.0199388 3.97556 0 0 0 0 0 0 3.2e-06 15.7476 200 0 0 0 1 27 0 3.67598 0.000301235 0 0.00010837 0.000171582 -1
8 1 0 0.0187756 3.52523 0 0 0 0 0 0 2.4e-06 15.4249 200 0 0 0 1 28 0 3.31031 0.000310579 0 9.14533e-05 0.000145603 -1
