# strategy jumping=0 robust=0 crit_chi=1000
# ray_trace -N xorder=8 zorder=8 clen=0.8 nintp=8 bend_tol=0.001
# smooth_vel -SV on=1 wmin=200 wmax=200 dw=201 -Ss=-1 log10(-XV)=0
# smooth_dep -SD on=1 wmin=20 wmax=20 dw=21 log10(-XD)=0
# damping: MODE=auto  using=-T/-TV/-TD  fixed_-D=OFF  -TV_percent=5 -TV_frac=0.05  -TD_percent=1 -TD_frac=0.01
# filter_-s: OFF  (ON=2D filter after each iter; OFF=no -s)
# water: invert_only=0 crust_only=1 seafloor=Y
# psx: invert_vs=0 joint_vpvs=0 freeze_lid=0 zmax_below=0  (TOMO2D_INV_PSX_ZMAX, 0=off)
# ndata 620
# nnodes nnodev=5103 nvel=5103 nnoded(refl)=63 freeze_-u=OFF refl_weight=1
# LSQR atol=0.001 itermax=510300 cap=8000  (TOMO2D_INV_LSQR_MAXITER)
# lsqr_precond: OFF maxD=50  (ON=TOMO2D_INV_LSQR_PRECOND!=0; default OFF; Legacy forces OFF; maxD<=0=unbounded)
# accel: reuse=OFF thresh=0 c2f=OFF legacy=OFF
1 1 310 0.181458 329.271 155 0.107878 116.378 155 0.232844 542.163 0.549224 8.96757 200 20 0 378.652 6 704 0 37.4073 0.0440968 0.011158 0.00196763 0.00257124 0.0480358
2 1 310 0.0622435 38.7426 155 0.0493352 24.3397 155 0.0729009 53.1455 0.598239 8.8773 200 20 0 306.738 5 269 0 20.9793 0.00427175 0.011034 0.000981149 0.0010593 0.0400399
3 1 310 0.0463628 21.4951 155 0.0362826 13.1643 155 0.054613 29.8258 0.534922 8.60289 200 20 0 239.439 4 161 0 14.1658 0.00171071 0.00894229 0.000595791 0.000760484 0.0373324
4 1 310 0.0378158 14.3003 155 0.0333395 11.1152 155 0.0418155 17.4854 0.539064 8.33044 200 20 0 40.3729 4 147 0 11.2027 0.00172153 0.0100308 0.000446882 0.000814106 0.0320402
5 1 310 0.0323948 10.4943 155 0.0328732 10.8065 155 0.0319093 10.1821 0.536821 7.81432 200 20 0 0 1 31 0 9.22381 0.00100674 0.00199478 0.000341228 0.00077693 0.031399
6 1 310 0.0305449 9.32993 155 0.0317751 10.0965 155 0.0292632 8.56332 0.518081 8.11267 200 20 0 0 1 30 0 8.38701 0.000883832 0.00130145 0.00030952 0.00072014 0.0201606
7 1 310 0.0288579 8.32776 155 0.030629 9.38135 155 0.0269707 7.27416 0.507055 8.15118 200 20 0 0 1 29 0 7.57533 0.000776519 0.00132696 0.000279228 0.000643181 0.0169685
8 1 310 0.0280808 7.88532 155 0.0295624 8.73936 155 0.0265166 7.03129 0.514366 7.86831 200 20 0 0 1 26 0 7.23387 0.00066346 0.0013205 0.000268318 0.000600092 0.0166335
9 1 310 0.107449 115.453 0 0 0 0 0 0 3.5e-06 36.7419 200 20 0 0 1 62 0 83.3063 0.0108371 0.0013205 0.001908 0.00147645 -1
10 1 310 0.222448 494.832 0 0 0 0 0 0 3e-06 37.0636 200 20 0 0 1 29 0 429.073 0.00684721 0.0013205 0.00324218 0.00499721 -1
11 1 310 0.226625 513.588 0 0 0 0 0 0 4.3e-06 38.0056 200 20 0 0 1 33 0 465.659 0.00677963 0.0013205 0.00318943 0.00444 -1
12 1 310 0.220654 486.883 0 0 0 0 0 0 2.6e-06 37.4365 200 20 0 0 1 26 0 465.455 0.00408878 0.0013205 0.00225719 0.0031011 -1
13 1 310 0.20618 425.104 0 0 0 0 0 0 4.1e-06 36.2885 200 20 0 0 1 29 0 407.253 0.0042855 0.0013205 0.0018983 0.00281886 -1
14 1 310 0.203623 414.622 0 0 0 0 0 0 3.9e-06 36.375 200 20 0 0 1 23 0 399.471 0.00356144 0.0013205 0.00148608 0.00261383 -1
15 1 310 0.212763 452.681 0 0 0 0 0 0 4.5e-06 37.2115 200 20 0 0 1 22 0 441.91 0.0028036 0.0013205 0.00169158 0.00215716 -1
16 1 310 0.228714 523.103 0 0 0 0 0 0 2.7e-06 38.5058 200 20 0 0 1 20 0 509.854 0.00280805 0.0013205 0.00199484 0.00224837 -1
