# strategy jumping=0 robust=0 crit_chi=1000
# ray_trace -N xorder=8 zorder=8 clen=0.8 nintp=8 bend_tol=0.0001
# smooth_vel -SV on=1 wmin=200 wmax=200 dw=201 -Ss=-1 log10(-XV)=0
# smooth_dep -SD on=0 wmin=0 wmax=0 dw=1 log10(-XD)=0
# damping: MODE=auto  using=-T/-TV/-TD  fixed_-D=OFF  -TV_percent=5 -TV_frac=0.05  -TD_percent=0 -TD_frac=0
# filter_-s: OFF  (ON=2D filter after each iter; OFF=no -s)
# water: invert_only=0 crust_only=1 seafloor=Y
# psx: invert_vs=1 joint_vpvs=0 freeze_lid=0 zmax_below=0  (TOMO2D_INV_PSX_ZMAX, 0=off)
# ndata 155
# nnodes nnodev=5103 nvel=5103 nnoded(refl)=0 refl_weight=1
# LSQR atol=0.001 itermax=510300 cap=8000  (TOMO2D_INV_LSQR_MAXITER)
# lsqr_precond: OFF maxD=50  (ON=TOMO2D_INV_LSQR_PRECOND!=0; default OFF; Legacy forces OFF; maxD<=0=unbounded)
# accel: reuse=OFF thresh=0 c2f=OFF legacy=OFF
1 1 0 0.888201 7889.01 0 0 0 0 0 0 4.79999e-06 29.7524 200 0 107.903 0 4 283 0 1497.32 0.0543462 0 0.00692825 0.00754004 -1
2 1 0 0.409246 1674.83 0 0 0 0 0 0 3.5e-06 35.1078 200 0 18.0224 0 4 236 0 1022.97 0.0490142 0 0.00320907 0.00450567 -1
3 1 0 0.324384 1052.25 0 0 0 0 0 0 2.40002e-06 32.1792 200 0 0 0 1 50 0 975.051 0.0165515 0 0.00262207 0.00328266 -1
4 1 0 0.310171 962.063 0 0 0 0 0 0 2.99999e-06 32.4548 200 0 0 0 1 36 0 931.445 0.00658089 0 0.00167799 0.00267554 -1
5 1 0 0.294232 865.723 0 0 0 0 0 0 1.99999e-06 31.5421 200 0 0 0 1 31 0 831.878 0.00489265 0 0.00196361 0.0025624 -1
6 1 0 0.304569 927.622 0 0 0 0 0 0 3.30001e-06 32.9386 200 0 0 0 1 25 0 891.029 0.00409559 0 0.00247852 0.0024634 -1
7 1 0 0.322643 1040.99 0 0 0 0 0 0 2.19997e-06 33.2692 200 0 0 0 1 27 0 997.632 0.00454832 0 0.00251175 0.00289612 -1
8 1 0 0.34677 1202.49 0 0 0 0 0 0 1.8e-06 31.1083 200 0 0 0 1 33 0 1121.89 0.00811794 0 0.0031812 0.00344367 -1
