# strategy jumping=0 robust=0 crit_chi=1000
# ray_trace -N xorder=8 zorder=8 clen=0.8 nintp=8 bend_tol=0.0001
# smooth_vel -SV on=1 wmin=200 wmax=200 dw=201 -Ss=200 log10(-XV)=0
# smooth_dep -SD on=0 wmin=0 wmax=0 dw=1 log10(-XD)=0
# damping: MODE=auto  using=-T/-TV/-TD  fixed_-D=OFF  -TV_percent=5 -TV_frac=0.05  -TD_percent=0 -TD_frac=0
# filter_-s: OFF  (ON=2D filter after each iter; OFF=no -s)
# water: invert_only=0 crust_only=1 seafloor=Y
# psx: invert_vs=1 joint_vpvs=1 freeze_lid=0 zmax_below=0  (TOMO2D_INV_PSX_ZMAX, 0=off)
# ndata 620
# nnodes nnodev=5103 nvel=10206 nnoded(refl)=0 refl_weight=1
# LSQR atol=0.001 itermax=510300 cap=8000  (TOMO2D_INV_LSQR_MAXITER)
# lsqr_precond: OFF maxD=50  (ON=TOMO2D_INV_LSQR_PRECOND!=0; default OFF; Legacy forces OFF; maxD<=0=unbounded)
# accel: reuse=OFF thresh=0 c2f=OFF legacy=OFF
1 1 465 0.183424 336.444 155 0.183424 336.444 0 0 0 1.42462 94.387 200 0 0 0 1 84 0 118.285 0.0475437 0 0.00130021 0.00194317 -1
2 1 465 0.10385 107.849 155 0.10385 107.849 0 0 0 1.64222 87.5327 200 0 0 0 1 41 0 99.0072 0.00583217 0 0.000581748 0.000892709 -1
3 1 465 0.0989677 97.9461 155 0.0989677 97.9461 0 0 0 1.43619 87.8547 200 0 0 0 1 31 0 93.7615 0.0020497 0 0.000448734 0.000724651 -1
# auto_damp: skip undamped probe (joint Vs-only iter=4)
# auto_damp: joint Vs-only wdv=50
4 1 155 0.380723 1449.5 0 0 0 0 0 0 1.43989 93.989 200 0 50 0 1 45 0 618.573 0.077733 0 0.00408729 0.00232996 -1
# auto_damp: skip undamped probe (joint Vs-only iter=5)
# auto_damp: joint Vs-only wdv=50
5 1 155 0.242418 587.662 0 0 0 0 0 0 1.37209 93.4008 200 0 50 0 1 28 0 551.226 0.0104243 0 0.00177621 0.0025237 -1
# auto_damp: skip undamped probe (joint Vs-only iter=6)
# auto_damp: joint Vs-only wdv=50
6 1 155 0.232277 539.526 0 0 0 0 0 0 1.38769 91.9931 200 0 50 0 1 15 0 531.508 0.00201767 0 0.000949144 0.0018051 -1
# auto_damp: skip undamped probe (joint Vs-only iter=7)
# auto_damp: joint Vs-only wdv=50
7 1 155 0.233404 544.776 0 0 0 0 0 0 1.52664 90.6934 200 0 50 0 1 14 0 535.237 0.0024782 0 0.000940396 0.00199 -1
# auto_damp: skip undamped probe (joint Vs-only iter=8)
# auto_damp: joint Vs-only wdv=50
8 1 155 0.226517 513.099 0 0 0 0 0 0 1.52506 92.1985 200 0 50 0 1 14 0 507.335 0.00168611 0 0.000757495 0.00155495 -1
