shot  ray i.angle  f.angle   dist     depth red.time  npts code
  -1   1   -3.071   -4.360  303.493    0.00  14.856    58   1.2
  -1   2    0.139   -7.570  315.118    0.00   8.573    34   1.2
  -1   3    3.348  -10.779  319.843   -0.00   6.050    25   1.2
  -1   4    6.557  -13.988  322.418    0.00   4.694    20   1.2
  -1   5    9.767  -17.198  324.047    0.00   3.850    16   1.2
  -1   6   12.976  -20.407  325.177    0.00   3.278    13   1.2
  -1   7   16.185  -23.616  326.010    0.00   2.867    11   1.2
  -1   8   19.395  -26.826  326.654    0.00   2.559    10   1.2
  -1   9   22.604  -30.035  327.169    0.00   2.321     9   1.2
  -1  10   25.813  -33.245  327.594    0.00   2.133     8   1.2
  -1  11   29.023  -36.454  327.951    0.00   1.982     8   1.2
  -1  12   32.232  -39.663  328.258    0.00   1.859     7   1.2
  -1  13   35.441  -42.873  328.526    0.00   1.758     6   1.2
  -1  14   38.651  -46.082  328.764    0.00   1.675     6   1.2
  -1  15   41.860  -49.292  328.977    0.00   1.606     6   1.2
  -1  16   45.069  -52.501  329.170    0.00   1.548     5   1.2
  -1  17   48.279  -55.711  329.348    0.00   1.501     5   1.2
  -1  18   51.488  -58.920  329.513    0.00   1.462     4   1.2
  -1  19   54.697  -62.130  329.666    0.00   1.431     4   1.2
  -1  20   57.907  -65.339  329.811   -0.00   1.407     4   1.2
  -1  21   61.116  -68.549  329.949    0.00   1.388     4   1.2
  -1  22   64.325  -71.756  330.081    0.00   1.374     4   1.2
  -1  23   67.535  -74.965  330.208    0.00   1.366     4   1.2
  -1  24   70.744  -78.175  330.331    0.00   1.362     4   1.2
  -1  25   73.953  -81.384  330.451    0.00   1.363     4   1.2
  -1  26   77.163  -84.593  330.569    0.00   1.368     4   1.2
  -1  27   80.372  -87.803  330.686    0.00   1.378     4   1.2
  -1  28   83.581   89.084  330.800    0.00   1.383     4   1.2
  -1  29   86.791   85.801  330.919    0.00   1.371     4   1.2
  -1  30   90.000   82.582  331.037    0.00   1.364     4   1.2
  -1   1   75.856  -78.003  207.799    0.00   4.881    74   7.2
  -1   2   75.873   88.977  219.702    0.00   6.009    79   7.2
  -1   3   75.924  -75.306  234.048    0.00   6.709    73   7.2
  -1   4   76.008  -80.556  262.660    0.00   5.193    63   7.2
  -1   5   76.126  -76.735  266.358    0.00   5.195    59   7.2
  -1   6   76.277  -75.117  270.311    0.00   5.085    59   7.2
  -1   7   76.462  -76.369  275.922    0.00   4.731    55   7.2
  -1   8   76.681  -76.676  279.683    0.00   4.647    54   7.2
  -1   9   76.933  -77.425  283.122    0.00   4.561    55   7.2
  -1  10   77.219  -77.479  286.516    0.00   4.463    51   7.2
  -1  11   77.538  -82.700  292.278    0.00   4.513    50   7.2
  -1  12   77.891  -86.576  295.446    0.00   4.800    52   7.2
  -1  13   78.278  -85.440  298.306    0.00   5.036    51   7.2
  -1  14   78.699  -84.868  301.089    0.00   5.232    50   7.2
  -1  15   79.153  -84.869  303.774    0.00   5.415    48   7.2
  -1  16   79.640  -84.824  306.385    0.00   5.579    47   7.2
  -1  17   80.162  -86.765  308.993    0.00   5.767    46   7.2
  -1  18   80.717  -86.553  311.557    0.00   5.992    45   7.2
  -1  19   81.305  -89.612  314.120    0.00   6.259    47   7.2
  -1  20   81.928   89.549  316.611    0.00   6.558    45   7.2
  -1  21   82.583  -89.253  319.186    0.00   6.874    45   7.2
  -1  22   83.273   88.952  321.714    0.00   7.188    46   7.2
  -1  23   83.996   86.859  324.399    0.00   7.597    46   7.2
  -1  24   84.753   88.013  326.689    0.00   7.961    47   7.2
  -1  25   85.543   88.378  329.205    0.00   8.320    45   7.2
  -1  26   86.367   84.682  332.180    0.00   8.474    46   7.2
  -1  27   87.225   85.237  334.984    0.00   8.272    45   7.2
  -1  28   88.116   85.622  338.067    0.00   8.059    50   7.2
  -1  29   89.041   87.849  341.382    0.00   7.754    48   7.2
  -1  30   90.000   87.969  342.020    0.00   7.688    50   7.2
  -1   1   67.852  -71.425  328.519    0.00   2.064    23   4.1
  -1   2   68.056  -69.962  326.510   -0.00   2.261    28   4.1
  -1   3   68.260  -72.393  325.403    0.00   2.361    30   4.1
  -1   4   68.465  -74.451  324.400    0.00   2.430    32   4.1
  -1   5   68.669  -73.792  323.269    0.00   2.496    33   4.1
  -1   6   68.873  -74.912  322.274    0.00   2.539    35   4.1
  -1   7   69.077  -75.327  321.505    0.00   2.573    37   4.1
  -1   8   69.281  -74.093  320.723    0.00   2.611    39   4.1
  -1   9   69.485  -73.246  320.086    0.00   2.651    40   4.1
  -1  10   69.690  -73.316  319.508    0.00   2.691    42   4.1
  -1  11   69.894  -73.803  318.959    0.00   2.726    44   4.1
  -1  12   70.098  -73.761  318.398    0.00   2.761    46   4.1
  -1  13   70.302  -74.108  317.865    0.00   2.792    47   4.1
  -1  14   70.506  -74.502  317.334    0.00   2.822    48   4.1
  -1  15   70.710  -76.837  316.895    0.00   2.841    48   4.1
  -1  16   70.915  -77.152  316.329    0.00   2.854    48   4.1
  -1  17   71.119  -76.064  315.730    0.00   2.873    48   4.1
  -1  18   71.323  -76.849  315.216    0.00   2.890    50   4.1
  -1  19   71.527  -77.179  314.666    0.00   2.906    49   4.1
  -1  20   71.731  -77.751  314.121    0.00   2.915    50   4.1
  -1  21   71.935  -77.578  313.551   -0.00   2.924    50   4.1
  -1  22   72.140  -78.132  312.996    0.00   2.933    52   4.1
  -1  23   72.344  -77.128  312.388    0.00   2.944    54   4.1
  -1  24   72.548  -76.918  311.817   -0.00   2.959    55   4.1
  -1  25   72.752  -76.129  311.231    0.00   2.978    56   4.1
  -1  26   72.956  -76.711  310.671    0.00   2.995    55   4.1
  -1  27   73.160  -77.050  310.080    0.00   3.009    57   4.1
  -1  28   73.365  -77.591  309.504    0.00   3.022    57   4.1
  -1  29   73.569  -77.754  308.908    0.00   3.032    58   4.1
  -1  30   73.773  -78.414  308.314    0.00   3.040    59   4.1
  -1   1   67.852  -71.425  328.519    0.00   2.064    23   4.1
  -1   2   68.056  -69.962  326.510   -0.00   2.261    28   4.1
  -1   3   68.260  -72.393  325.403    0.00   2.361    30   4.1
  -1   4   68.465  -74.451  324.400    0.00   2.430    32   4.1
  -1   5   68.669  -73.792  323.269    0.00   2.496    33   4.1
  -1   6   68.873  -74.912  322.274    0.00   2.539    35   4.1
  -1   7   69.077  -75.327  321.505    0.00   2.573    37   4.1
  -1   8   69.281  -74.093  320.723    0.00   2.611    39   4.1
  -1   9   69.485  -73.246  320.086    0.00   2.651    40   4.1
  -1  10   69.690  -73.316  319.508    0.00   2.691    42   4.1
  -1  11   69.894  -73.803  318.959    0.00   2.726    44   4.1
  -1  12   70.098  -73.761  318.398    0.00   2.761    46   4.1
  -1  13   70.302  -74.108  317.865    0.00   2.792    47   4.1
  -1  14   70.506  -74.502  317.334    0.00   2.822    48   4.1
  -1  15   70.710  -76.837  316.895    0.00   2.841    48   4.1
  -1  16   70.915  -77.152  316.329    0.00   2.854    48   4.1
  -1  17   71.119  -76.064  315.730    0.00   2.873    48   4.1
  -1  18   71.323  -76.849  315.216    0.00   2.890    50   4.1
  -1  19   71.527  -77.179  314.666    0.00   2.906    49   4.1
  -1  20   71.731  -77.751  314.121    0.00   2.915    50   4.1
  -1  21   71.935  -77.578  313.551   -0.00   2.924    50   4.1
  -1  22   72.140  -78.132  312.996    0.00   2.933    52   4.1
  -1  23   72.344  -77.128  312.388    0.00   2.944    54   4.1
  -1  24   72.548  -76.918  311.817   -0.00   2.959    55   4.1
  -1  25   72.752  -76.129  311.231    0.00   2.978    56   4.1
  -1  26   72.956  -76.711  310.671    0.00   2.995    55   4.1
  -1  27   73.160  -77.050  310.080    0.00   3.009    57   4.1
  -1  28   73.365  -77.591  309.504    0.00   3.022    57   4.1
  -1  29   73.569  -77.754  308.908    0.00   3.032    58   4.1
  -1  30   73.773  -78.414  308.314    0.00   3.040    59   4.1
  -1   1   73.943  -76.922  307.721    0.00   3.044    55   5.1
  -1   2   73.977  -77.614  302.493    0.00   3.190    58   5.1
  -1   3   74.010  -78.618  299.595    0.00   3.223    61   5.1
  -1   4   74.044  -79.579  297.502    0.00   3.228    60   5.1
  -1   5   74.077  -80.860  295.637    0.00   3.200    62   5.1
  -1   6   74.111  -83.142  293.576    0.00   3.113    64   5.1
  -1   7   74.144  -77.532  292.092    0.00   3.096    66   5.1
  -1   8   74.177  -75.739  290.733    0.00   3.139    63   5.1
  -1   9   74.211  -75.839  289.565    0.00   3.186    64   5.1
  -1  10   74.244  -75.265  288.379    0.00   3.242    63   5.1
  -1  11   74.278  -73.679  287.190    0.00   3.295    62   5.1
  -1  12   74.311  -72.342  286.239    0.00   3.360    60   5.1
  -1  13   74.345  -70.962  285.293    0.00   3.442    63   5.1
  -1  14   74.378  -72.526  284.615   -0.00   3.499    63   5.1
  -1  15   74.411  -72.823  283.851    0.00   3.554    65   5.1
  -1  16   74.445  -73.544  283.106    0.00   3.602    65   5.1
  -1  17   74.478  -73.110  282.372    0.00   3.653    65   5.1
  -1  18   74.512  -73.454  281.642    0.00   3.699    65   5.1
  -1  19   74.545  -73.259  280.875    0.00   3.752    67   5.1
  -1  20   74.579  -73.336  280.129    0.00   3.800    65   5.1
  -1  21   74.612  -73.396  279.402    0.00   3.849    67   5.1
  -1  22   74.646  -73.471  278.736    0.00   3.892    66   5.1
  -1  23   74.679  -73.974  278.110    0.00   3.931    67   5.1
  -1  24   74.712  -74.283  277.479    0.00   3.968    66   5.1
  -1  25   74.746  -75.041  276.853    0.00   3.999    64   5.1
  -1  26   74.779  -73.979  276.114    0.00   4.034    65   5.1
  -1  27   74.813  -72.596  275.440    0.00   4.077    66   5.1
  -1  28   74.846  -68.555  274.625    0.00   4.156    66   5.1
  -1  29   74.880  -68.376  273.999    0.00   4.231    67   5.1
  -1  30   74.913  -68.580  273.405    0.00   4.302    69   5.1
  -1   1   74.929  -74.144  269.632   -0.00   4.610    68   6.1
  -1   2   74.940  -75.249  268.190    0.00   4.685    69   6.1
  -1   3   74.951  -74.902  266.825    0.00   4.747    68   6.1
  -1   4   74.963  -75.353  265.665    0.00   4.802    68   6.1
  -1   5   74.974  -77.521  264.353    0.00   4.843    70   6.1
  -1   6   74.985  -79.008  263.211    0.00   4.844    70   6.1
  -1   7   74.997  -74.820  261.571    0.00   4.877    68   6.1
  -1   8   75.008  -71.480  259.878    0.00   4.994    69   6.1
  -1   9   75.019  -69.594  258.704    0.00   5.104    69   6.1
  -1  10   75.030  -68.592  257.537    0.00   5.240    71   6.1
  -1  11   75.042  -67.680  256.687    0.00   5.347    69   6.1
  -1  12   75.053  -69.178  255.950    0.00   5.435    69   6.1
  -1  13   75.064  -72.183  255.440    0.00   5.477    70   6.1
  -1  14   75.076  -72.302  254.706    0.00   5.535    69   6.1
  -1  15   75.087  -71.888  253.932    0.00   5.597    70   6.1
  -1  16   75.098  -72.353  253.198    0.00   5.656    71   6.1
  -1  17   75.110  -71.464  252.388    0.00   5.723    70   6.1
  -1  18   75.121  -71.135  251.554    0.00   5.797    69   6.1
  -1  19   75.132  -70.934  250.707    0.00   5.875    74   6.1
  -1  20   75.144  -71.756  250.024    0.00   5.933    71   6.1
  -1  21   75.155  -73.573  249.558    0.00   5.972    71   6.1
  -1  22   75.166  -74.225  248.918    0.00   6.009    72   6.1
  -1  23   75.177  -74.990  248.305    0.00   6.040    72   6.1
  -1  24   75.189  -76.264  247.648    0.00   6.069    72   6.1
  -1  25   75.200  -76.743  246.954    0.00   6.089    69   6.1
  -1  26   75.211  -73.006  245.773    0.00   6.143    74   6.1
  -1  27   75.223  -72.402  244.928    0.00   6.205    73   6.1
  -1  28   75.234  -72.180  244.041    0.00   6.272    75   6.1
  -1  29   75.245  -74.165  243.474    0.00   6.311    75   6.1
  -1  30   75.257  -77.974  243.074    0.00   6.320    73   6.1
  -1   1   75.272  -81.122  242.371    0.00   6.308    79   7.1
  -1   2   75.292  -80.164  240.504    0.00   6.262    81   7.1
  -1   3   75.311  -71.653  238.021    0.00   6.375    81   7.1
  -1   4   75.331  -73.050  236.716    0.00   6.477    80   7.1
  -1   5   75.350  -73.547  235.409    0.00   6.563    79   7.1
  -1   6   75.370  -74.349  234.158    0.00   6.637    79   7.1
  -1   7   75.389  -74.738  232.879    0.00   6.703    79   7.1
  -1   8   75.408  -76.480  231.673    0.00   6.749    75   7.1
  -1   9   75.428  -77.442  230.341    0.00   6.789    77   7.1
  -1  10   75.447  -79.808  228.946    0.00   6.788    78   7.1
  -1  11   75.467  -82.055  227.445    0.00   6.768    79   7.1
  -1  12   75.486  -84.521  225.394    0.00   6.700    77   7.1
  -1  13   75.506   87.564  222.085    0.00   6.350    80   7.1
  -1  14   75.525   89.090  219.128    0.00   5.904    79   7.1
  -1  15   75.545   89.094  216.324    0.00   5.525    79   7.1
  -1  16   75.564   88.850  213.500    0.00   5.136    79   7.1
  -1  17   75.583  -78.432  210.560    0.00   4.835    75   7.1
  -1  18   75.603  -77.986  208.355    0.00   4.860    76   7.1
  -1  19   75.622  -77.722  206.156    0.00   4.893    75   7.1
  -1  20   75.642  -77.487  204.081    0.00   4.930    74   7.1
  -1  21   75.661  -77.378  202.121    0.00   4.969    73   7.1
  -1  22   75.681  -77.211  199.857    0.00   5.018    73   7.1
  -1  23   75.700  -77.103  197.684   -0.00   5.068    71   7.1
  -1  24   75.720  -77.034  195.524    0.00   5.120    69   7.1
  -1  25   75.739  -76.998  193.384    0.00   5.173    71   7.1
  -1  26   75.759  -76.984  190.687    0.00   5.240    70   7.1
  -1  27   75.778  -77.000  188.877    0.00   5.286    73   7.1
  -1  28   75.797  -77.041  187.277    0.00   5.326    72   7.1
  -1  29   75.817  -77.049  185.400    0.00   5.372    72   7.1
  -1  30   75.836  -77.066  183.452    0.00   5.419    72   7.1
  -1   1   76.209  -69.260  257.142    0.00   5.542    65   8.1
  -1   2   76.247  -75.375  249.279    0.00   6.111    65   8.1
  -1   3   76.284  -73.822  236.674    0.00   6.475    70   8.1
  -1   4   76.322  -80.082  228.682    0.00   6.710    73   8.1
  -1   5   76.359  -77.950  205.856    0.00   4.746    70   8.1
  -1   6   76.397  -77.258  184.869    0.00   5.180    69   8.1
  -1   7   76.435  -77.333  177.689    0.00   5.336    68   8.1
  -1   8   76.472  -69.433  167.113    0.00   5.807    77   8.1
  -1   9   76.510  -70.044  161.513    0.00   6.463    78   8.1
  -1  10   76.547  -73.178  152.837    0.00   7.363    83   8.1
  -1  11   76.585  -74.207  149.112    0.00   7.565    81   8.1
  -1  12   76.622  -74.022  146.612    0.00   7.742    85   8.1
  -1  13   76.660  -76.535  142.662    0.00   7.847    84   8.1
  -1  14   76.698  -79.499  139.067    0.00   7.913    84   8.1
  -1  15   76.735  -77.522  144.739    0.00   7.834    84   8.1
  -1  16   76.773  -78.093  140.475   -0.00   7.903    86   8.1
  -1  17   76.810  -79.481  143.497    0.00   7.844    81   8.1
  -1  18   76.848  -77.061  142.195    0.00   7.871    83   8.1
  -1  19   76.885  -80.596  138.191    0.00   7.891    85   8.1
  -1  20   76.923  -79.891  124.816    0.00   7.725    89   8.1
  -1  21   76.960  -81.419  107.233    0.00   7.309    90   8.1
  -1  22   76.998  -81.662  102.550    0.00   7.304    89   8.1
  -1  23   77.036  -74.358   97.125    0.00   7.629    88   8.1
  -1  24   77.073  -79.776   90.748   -0.00   7.631    88   8.1
  -1  25   77.111  -80.091   83.372   -0.00   7.611    87   8.1
  -1  26   77.148  -80.925   77.123    0.00   7.501    86   8.1
  -1  27   77.186  -80.931   71.914    0.00   7.397    89   8.1
  -1  28   77.223  -80.941   63.741    0.00   7.245    91   8.1
  -1  29   77.261  -80.708   57.376    0.00   7.114    89   8.1
  -1  30   77.299  -85.856   50.008    0.00   6.825    94   8.1
  -1   1   72.790  -71.702  328.666    0.00   2.645    23   4.1
  -1   2   72.984  -69.920  326.673    0.00   2.837    28   4.1
  -1   3   73.177  -72.378  325.722    0.00   2.928    30   4.1
  -1   4   73.371  -73.777  324.664    0.00   3.005    34   4.1
  -1   5   73.565  -73.513  323.642    0.00   3.062    33   4.1
  -1   6   73.759  -75.917  322.788    0.00   3.104    36   4.1
  -1   7   73.953  -75.418  321.889    0.00   3.145    39   4.1
  -1   8   74.147  -75.129  321.154    0.00   3.177    40   4.1
  -1   9   74.341  -73.915  320.437    0.00   3.215    41   4.1
  -1  10   74.535  -72.999  319.814    0.00   3.255    41   4.1
  -1  11   74.729  -73.735  319.270    0.00   3.292    42   4.1
  -1  12   74.923  -73.792  318.716    0.00   3.325    45   4.1
  -1  13   75.117  -74.065  318.172    0.00   3.358    46   4.1
  -1  14   75.311  -74.328  317.640    0.00   3.388    47   4.1
  -1  15   75.505  -75.016  317.126    0.00   3.414    49   4.1
  -1  16   75.699  -77.436  316.679   -0.00   3.428    49   4.1
  -1  17   75.892  -76.747  316.088    0.00   3.441    48   4.1
  -1  18   76.086  -76.262  315.514    0.00   3.460    48   4.1
  -1  19   76.280  -76.709  314.991    0.00   3.476    50   4.1
  -1  20   76.474  -77.733  314.457    0.00   3.488    51   4.1
  -1  21   76.668  -77.965  313.899    0.00   3.496    51   4.1
  -1  22   76.862  -77.740  313.329    0.00   3.505    52   4.1
  -1  23   77.056  -77.806  312.746    0.00   3.513    54   4.1
  -1  24   77.250  -76.954  312.167    0.00   3.525    55   4.1
  -1  25   77.444  -76.217  311.592    0.00   3.540    55   4.1
  -1  26   77.638  -76.674  311.036   -0.00   3.559    55   4.1
  -1  27   77.832  -77.051  310.471    0.00   3.574    57   4.1
  -1  28   78.026  -77.193  309.877    0.00   3.588    58   4.1
  -1  29   78.220  -77.733  309.300    0.00   3.598    58   4.1
  -1  30   78.414  -78.271  308.704    0.00   3.608    57   4.1
  -1   1   78.615  -78.554  308.358    0.00   3.606    55   5.1
  -1   2   78.648  -77.944  302.927    0.00   3.754    57   5.1
  -1   3   78.680  -78.693  300.061    0.00   3.791    62   5.1
  -1   4   78.712  -79.692  297.235    0.00   3.798    63   5.1
  -1   5   78.745  -81.653  295.630    0.00   3.770    64   5.1
  -1   6   78.777  -83.559  294.175    0.00   3.712    65   5.1
  -1   7   78.809  -79.672  292.534   -0.00   3.663    63   5.1
  -1   8   78.842  -76.664  291.142    0.00   3.695    64   5.1
  -1   9   78.874  -75.304  289.850    0.00   3.745    64   5.1
  -1  10   78.906  -75.004  288.784    0.00   3.794    62   5.1
  -1  11   78.939  -75.696  287.673    0.00   3.844    60   5.1
  -1  12   78.971  -73.142  286.617    0.00   3.904    60   5.1
  -1  13   79.004  -71.056  285.587    0.00   3.985    62   5.1
  -1  14   79.036  -71.939  284.842    0.00   4.051    65   5.1
  -1  15   79.068  -72.819  284.075    0.00   4.108    64   5.1
  -1  16   79.101  -73.926  283.311    0.00   4.159    66   5.1
  -1  17   79.133  -72.598  282.531    0.00   4.210    66   5.1
  -1  18   79.165  -73.817  281.843    0.00   4.256    65   5.1
  -1  19   79.198  -72.991  281.057    0.00   4.309    63   5.1
  -1  20   79.230  -73.619  280.390   -0.00   4.353    64   5.1
  -1  21   79.262  -73.265  279.662    0.00   4.401    64   5.1
  -1  22   79.295  -73.462  278.994    0.00   4.444    66   5.1
  -1  23   79.327  -73.945  278.348    0.00   4.486    67   5.1
  -1  24   79.360  -73.994  277.704    0.00   4.523    66   5.1
  -1  25   79.392  -75.000  277.068    0.00   4.558    63   5.1
  -1  26   79.424  -75.412  276.389    0.00   4.589    64   5.1
  -1  27   79.457  -73.472  275.649   -0.00   4.632    65   5.1
  -1  28   79.489  -68.564  274.776    0.00   4.706    66   5.1
  -1  29   79.521  -68.447  274.137    0.00   4.783    67   5.1
  -1  30   79.554  -68.615  273.529    0.00   4.855    67   5.1
  -1   1   79.569  -74.178  269.558   -0.00   5.182    69   6.1
  -1   2   79.581  -75.271  267.941    0.00   5.264    68   6.1
  -1   3   79.592  -74.899  266.817    0.00   5.316    67   6.1
  -1   4   79.603  -75.357  265.581   -0.00   5.375    68   6.1
  -1   5   79.615  -78.564  264.329    0.00   5.412    69   6.1
  -1   6   79.626  -79.029  263.096    0.00   5.412    68   6.1
  -1   7   79.637  -74.216  261.364    0.00   5.455    69   6.1
  -1   8   79.648  -71.464  259.859    0.00   5.564    67   6.1
  -1   9   79.660  -69.590  258.691    0.00   5.674    68   6.1
  -1  10   79.671  -68.598  257.551    0.00   5.806    70   6.1
  -1  11   79.682  -67.689  256.697    0.00   5.913    68   6.1
  -1  12   79.694  -69.179  255.962    0.00   6.002    68   6.1
  -1  13   79.705  -72.183  255.426    0.00   6.046    69   6.1
  -1  14   79.716  -72.311  254.621    0.00   6.109    69   6.1
  -1  15   79.728  -71.896  253.802    0.00   6.176    72   6.1
  -1  16   79.739  -72.467  253.043    0.00   6.236    72   6.1
  -1  17   79.750  -71.458  252.142    0.00   6.312    71   6.1
  -1  18   79.762  -70.830  251.203    0.00   6.397    72   6.1
  -1  19   79.773  -71.569  250.537    0.00   6.457    72   6.1
  -1  20   79.784  -71.806  249.838    0.00   6.516    72   6.1
  -1  21   79.795  -74.022  249.386    0.00   6.550    70   6.1
  -1  22   79.807  -74.469  248.718    0.00   6.588    72   6.1
  -1  23   79.818  -75.457  248.067    0.00   6.619    71   6.1
  -1  24   79.829  -76.529  247.384    0.00   6.645    71   6.1
  -1  25   79.841  -75.562  246.497    0.00   6.671    72   6.1
  -1  26   79.852  -72.560  245.339    0.00   6.741    73   6.1
  -1  27   79.863  -72.179  244.387    0.00   6.812    76   6.1
  -1  28   79.875  -73.778  243.711    0.00   6.864    73   6.1
  -1  29   79.886  -76.691  243.245    0.00   6.884    74   6.1
  -1  30   79.897  -82.302  243.036    0.00   6.894    75   6.1
  -1   1   79.913  -80.920  241.630    0.00   6.855    79   7.1
  -1   2   79.932  -72.053  238.687    0.00   6.888    82   7.1
  -1   3   79.951  -72.870  237.206    0.00   7.010    84   7.1
  -1   4   79.970  -73.398  236.123    0.00   7.085    79   7.1
  -1   5   79.989  -74.110  234.826    0.00   7.167    79   7.1
  -1   6   80.007  -74.466  233.529    0.00   7.236    78   7.1
  -1   7   80.026  -75.888  232.335    0.00   7.294    75   7.1
  -1   8   80.045  -76.607  231.037    0.00   7.337    73   7.1
  -1   9   80.064  -79.190  229.737    0.00   7.358    78   7.1
  -1  10   80.083  -80.043  228.144    0.00   7.350    78   7.1
  -1  11   80.102  -81.524  226.484    0.00   7.307    78   7.1
  -1  12   80.121  -87.154  224.273    0.00   7.181    78   7.1
  -1  13   80.140   86.765  221.176    0.00   6.769    78   7.1
  -1  14   80.159   89.142  218.085    0.00   6.330    78   7.1
  -1  15   80.178   88.898  215.491    0.00   5.978    79   7.1
  -1  16   80.197   88.888  212.657    0.00   5.585    77   7.1
  -1  17   80.215  -78.295  210.007    0.00   5.406    74   7.1
  -1  18   80.234  -77.903  207.753    0.00   5.435    75   7.1
  -1  19   80.253  -77.679  205.599    0.00   5.469    74   7.1
  -1  20   80.272  -77.490  203.758    0.00   5.503    73   7.1
  -1  21   80.291  -77.328  201.455    0.00   5.549    72   7.1
  -1  22   80.310  -77.178  199.157   -0.00   5.600    72   7.1
  -1  23   80.329  -77.080  196.960    0.00   5.652    70   7.1
  -1  24   80.348  -77.021  194.771    0.00   5.705    69   7.1
  -1  25   80.367  -76.996  192.641    0.00   5.758    68   7.1
  -1  26   80.386  -76.993  190.037    0.00   5.823    72   7.1
  -1  27   80.405  -77.009  188.208    0.00   5.869    73   7.1
  -1  28   80.424  -77.045  186.521    0.00   5.910    72   7.1
  -1  29   80.442  -77.062  184.579    0.00   5.957    72   7.1
  -1  30   80.461  -77.077  182.648    0.00   6.004    71   7.1
  -1   1   80.819  -72.459  255.880    0.00   6.238    65   8.1
  -1   2   80.856  -79.666  242.842    0.00   6.929    68   8.1
  -1   3   80.893  -74.338  235.256    0.00   7.120    71   8.1
  -1   4   80.930   88.679  215.058    0.00   5.788    73   8.1
  -1   5   80.967  -77.211  192.275    0.00   5.580    70   8.1
  -1   6   81.004  -77.269  182.972    0.00   5.787    70   8.1
  -1   7   81.041  -77.368  175.451    0.00   5.948    68   8.1
  -1   8   81.078  -69.358  166.230    0.00   6.468    77   8.1
  -1   9   81.115  -70.541  160.557    0.00   7.124    78   8.1
  -1  10   81.152  -74.748  152.371    0.00   7.956    87   8.1
  -1  11   81.189  -74.055  148.473    0.00   8.166    86   8.1
  -1  12   81.226  -74.254  145.789    0.00   8.353    85   8.1
  -1  13   81.263  -76.172  141.994    0.00   8.433    88   8.1
  -1  14   81.300  -79.488  138.147    0.00   8.474    86   8.1
  -1  15   81.337  -79.081  143.809    0.00   8.406    84   8.1
  -1  16   81.374  -79.721  139.310    0.00   8.471    86   8.1
  -1  17   81.411  -78.037  141.292    0.00   8.450    83   8.1
  -1  18   81.448  -79.921  139.616    0.00   8.462    81   8.1
  -1  19   81.485  -81.061  134.148    0.00   8.361    87   8.1
  -1  20   81.522  -83.158  120.567    0.00   8.147    88   8.1
  -1  21   81.559  -79.462  111.625    0.00   7.905    90   8.1
  -1  22   81.596  -80.676  106.253    0.00   7.846    87   8.1
  -1  23   81.633  -79.395   95.567    0.00   8.172    85   8.1
  -1  24   81.670  -79.924   89.144    0.00   8.183    87   8.1
  -1  25   81.707  -81.085   81.572    0.00   8.152    87   8.1
  -1  26   81.744  -80.659   75.725    0.00   8.040    89   8.1
  -1  27   81.781  -80.836   68.566    0.00   7.898    89   8.1
  -1  28   81.818  -80.613   62.077    0.00   7.778    91   8.1
  -1  29   81.855  -80.305   56.058    0.00   7.657    90   8.1
  -1  30   81.892  -82.165   48.156    0.00   7.286    96   8.1
   1   1   -0.898   -5.969  397.340    0.00  36.108   136   1.2
***  ray stopped - illegal reflection  ***
   1   2    2.236    0.055  338.304    2.20   4.085    18   1.2
***  ray stopped - illegal reflection  ***
   1   3    5.371    2.465  333.189    2.18   1.334     8   1.2
   1   4    8.505   -1.075  410.000    0.59  42.932   158   1.2
   1   5   11.640   -4.209  359.022   -0.00  15.359    60   1.2
   1   6   14.774   -7.343  346.902    0.00   8.831    35   1.2
   1   7   17.908  -10.478  342.010    0.00   6.219    26   1.2
   1   8   21.043  -13.612  339.353    0.00   4.818    20   1.2
   1   9   24.177  -16.747  337.677    0.00   3.948    17   1.2
   1  10   27.312  -19.881  336.516   -0.00   3.359    14   1.2
   1  11   30.446  -23.016  335.661    0.00   2.935    13   1.2
   1  12   33.581  -26.150  335.001    0.00   2.617    12   1.2
   1  13   36.715  -29.285  334.474    0.00   2.371    10   1.2
   1  14   39.849  -32.419  334.040    0.00   2.177    10   1.2
   1  15   42.984  -35.554  333.676    0.00   2.021     9   1.2
   1  16   46.118  -38.688  333.363    0.00   1.894     8   1.2
   1  17   49.253  -41.823  333.090    0.00   1.789     8   1.2
   1  18   52.387  -44.957  332.849    0.00   1.702     7   1.2
   1  19   55.521  -48.092  332.632    0.00   1.630     7   1.2
   1  20   58.656  -51.226  332.436    0.00   1.570     6   1.2
   1  21   61.790  -54.361  332.257   -0.00   1.520     6   1.2
   1  22   64.925  -57.495  332.091    0.00   1.479     6   1.2
   1  23   68.059  -60.630  331.936    0.00   1.445     5   1.2
   1  24   71.194  -63.764  331.791    0.00   1.418     5   1.2
   1  25   74.328  -66.899  331.653    0.00   1.397     5   1.2
   1  26   77.462  -70.034  331.522    0.00   1.381     5   1.2
   1  27   80.597  -73.171  331.395    0.00   1.370     4   1.2
   1  28   83.731  -76.307  331.273    0.00   1.364     4   1.2
   1  29   86.866  -79.444  331.154    0.00   1.362     4   1.2
   1  30   90.000  -82.582  331.037    0.00   1.364     4   1.2
   1   1   81.814  -35.480  410.000   13.17   3.139    59   7.2
   1   2   81.823  -38.315  410.000   11.81   3.264    56   7.2
   1   3   81.853  -78.920  405.017    0.00   6.600    78   7.2
   1   4   81.901  -78.000  402.675    0.00   6.531    78   7.2
   1   5   81.969  -84.350  399.426    0.00   6.635    74   7.2
   1   6   82.057  -85.983  398.009    0.00   6.732    72   7.2
   1   7   82.164  -84.962  396.377    0.00   6.852    71   7.2
   1   8   82.291  -75.976  404.624    0.00   6.666    77   7.2
   1   9   82.437  -80.287  401.069    0.00   6.551    71   7.2
   1  10   82.602  -83.404  398.321    0.00   6.647    66   7.2
   1  11   82.787  -76.618  406.820    0.00   6.783    75   7.2
   1  12   82.991  -73.888  403.429    0.00   6.618    71   7.2
   1  13   83.215  -81.723  398.128    0.00   6.590    68   7.2
   1  14   83.459  -78.371  401.138    0.00   6.557    72   7.2
   1  15   83.721  -79.491  396.561    0.00   6.615    71   7.2
   1  16   84.004   87.443  383.670    0.00   6.321    63   7.2
   1  17   84.306   89.107  379.268    0.00   6.872    65   7.2
   1  18   84.627  -77.437  376.569    0.00   7.153    67   7.2
   1  19   84.967  -85.882  372.357    0.00   7.400    55   7.2
   1  20   85.328  -81.455  369.748    0.00   7.483    54   7.2
   1  21   85.707  -79.217  369.318    0.00   7.485    60   7.2
   1  22   86.106  -76.889  366.535    0.00   7.416    59   7.2
   1  23   86.525  -73.574  363.864    0.00   7.273    58   7.2
   1  24   86.963  -75.211  360.786    0.00   7.069    54   7.2
   1  25   87.420  -79.925  357.600    0.00   6.970    55   7.2
   1  26   87.897  -85.147  354.510    0.00   7.136    52   7.2
   1  27   88.394  -82.208  351.998    0.00   7.260    54   7.2
   1  28   88.910  -81.528  348.999    0.00   7.342    54   7.2
   1  29   89.445  -82.806  345.998    0.00   7.466    52   7.2
   1  30   90.000  -87.969  342.020    0.00   7.688    50   7.2
   1   1   74.821  -66.754  333.902    0.00   2.281    28   4.1
   1   2   75.014  -68.420  336.486    0.00   2.612    33   4.1
   1   3   75.207  -69.115  337.696   -0.00   2.757    37   4.1
   1   4   75.399  -70.196  338.656    0.00   2.860    41   4.1
   1   5   75.592  -71.101  339.543    0.00   2.947    43   4.1
   1   6   75.785  -72.329  340.295    0.00   3.012    43   4.1
   1   7   75.978  -74.970  340.963    0.00   3.050    45   4.1
   1   8   76.171  -75.122  341.813    0.00   3.089    48   4.1
   1   9   76.364  -75.615  342.571    0.00   3.121    49   4.1
   1  10   76.557  -72.880  343.468    0.00   3.170    51   4.1
   1  11   76.749  -71.644  344.128    0.00   3.223    51   4.1
   1  12   76.942  -70.699  344.774   -0.00   3.280    51   4.1
   1  13   77.135  -71.271  345.271    0.00   3.326    51   4.1
   1  14   77.328  -71.518  345.831    0.00   3.375    53   4.1
   1  15   77.521  -71.852  346.351    0.00   3.417    55   4.1
   1  16   77.714  -71.847  346.940    0.00   3.466    55   4.1
   1  17   77.906  -71.516  347.521    0.00   3.516    58   4.1
   1  18   78.099  -72.483  348.015    0.00   3.554    58   4.1
   1  19   78.292  -73.078  348.547    0.00   3.592    60   4.1
   1  20   78.485  -71.892  349.233    0.00   3.638    61   4.1
   1  21   78.678  -72.242  349.801    0.00   3.684    63   4.1
   1  22   78.871  -71.930  350.461    0.00   3.735    63   4.1
   1  23   79.064  -72.098  351.011    0.00   3.780    65   4.1
   1  24   79.256  -73.910  351.424    0.00   3.810    65   4.1
   1  25   79.449  -73.673  352.028    0.00   3.847    67   4.1
   1  26   79.642  -74.548  352.569    0.00   3.879    68   4.1
   1  27   79.835  -74.852  353.174    0.00   3.910    69   4.1
   1  28   80.028  -76.563  353.662    0.00   3.932    70   4.1
   1  29   80.221  -77.131  354.290    0.00   3.950    68   4.1
   1  30   80.414  -78.769  354.856    0.00   3.958    70   4.1
   1   1   74.821  -66.754  333.902    0.00   2.281    28   4.1
   1   2   75.014  -68.420  336.486    0.00   2.612    33   4.1
   1   3   75.207  -69.115  337.696   -0.00   2.757    37   4.1
   1   4   75.399  -70.196  338.656    0.00   2.860    41   4.1
   1   5   75.592  -71.101  339.543    0.00   2.947    43   4.1
   1   6   75.785  -72.329  340.295    0.00   3.012    43   4.1
   1   7   75.978  -74.970  340.963    0.00   3.050    45   4.1
   1   8   76.171  -75.122  341.813    0.00   3.089    48   4.1
   1   9   76.364  -75.615  342.571    0.00   3.121    49   4.1
   1  10   76.557  -72.880  343.468    0.00   3.170    51   4.1
   1  11   76.749  -71.644  344.128    0.00   3.223    51   4.1
   1  12   76.942  -70.699  344.774   -0.00   3.280    51   4.1
   1  13   77.135  -71.271  345.271    0.00   3.326    51   4.1
   1  14   77.328  -71.518  345.831    0.00   3.375    53   4.1
   1  15   77.521  -71.852  346.351    0.00   3.417    55   4.1
   1  16   77.714  -71.847  346.940    0.00   3.466    55   4.1
   1  17   77.906  -71.516  347.521    0.00   3.516    58   4.1
   1  18   78.099  -72.483  348.015    0.00   3.554    58   4.1
   1  19   78.292  -73.078  348.547    0.00   3.592    60   4.1
   1  20   78.485  -71.892  349.233    0.00   3.638    61   4.1
   1  21   78.678  -72.242  349.801    0.00   3.684    63   4.1
   1  22   78.871  -71.930  350.461    0.00   3.735    63   4.1
   1  23   79.064  -72.098  351.011    0.00   3.780    65   4.1
   1  24   79.256  -73.910  351.424    0.00   3.810    65   4.1
   1  25   79.449  -73.673  352.028    0.00   3.847    67   4.1
   1  26   79.642  -74.548  352.569    0.00   3.879    68   4.1
   1  27   79.835  -74.852  353.174    0.00   3.910    69   4.1
   1  28   80.028  -76.563  353.662    0.00   3.932    70   4.1
   1  29   80.221  -77.131  354.290    0.00   3.950    68   4.1
   1  30   80.414  -78.769  354.856    0.00   3.958    70   4.1
   1   1   80.740  -67.533  364.574    0.00   4.745    66   5.1
   1   2   80.773  -72.069  368.059    0.00   5.103    66   5.1
   1   3   80.806  -72.670  370.908    0.00   5.307    68   5.1
   1   4   80.839  -81.536  373.002    0.00   5.323    64   5.1
   1   5   80.872  -71.881  376.827    0.00   5.261    72   5.1
   1   6   80.905  -80.732  378.272    0.00   5.198    68   5.1
   1   7   80.938  -84.412  381.645    0.00   4.877    72   5.1
   1   8   80.970  -81.329  385.279    0.00   4.577    79   5.1
   1   9   81.003  -69.111  389.433    0.00   4.713    84   5.1
   1  10   81.036  -66.363  392.383    0.00   5.102    90   5.1
   1  11   81.069  -71.642  394.106    0.00   5.285    85   5.1
   1  12   81.102  -74.710  395.758    0.00   5.397    85   5.1
   1  13   81.135  -75.602  397.050    0.00   5.458    83   5.1
   1  14   81.168  -77.599  398.147    0.00   5.489    82   5.1
   1  15   81.201  -76.785  399.166    0.00   5.507    81   5.1
   1  16   81.234  -77.663  400.353    0.00   5.538    78   5.1
   1  17   81.267  -75.153  401.654    0.00   5.574    80   5.1
   1  18   81.299  -71.247  403.312    0.00   5.691    80   5.1
   1  19   81.332  -71.370  404.810    0.00   5.844    79   5.1
   1  20   81.365  -72.683  406.400    0.00   5.950    80   5.1
   1  21   81.398  -72.392  407.884    0.00   6.056    77   5.1
   1  22   81.431  -75.194  409.050    0.00   6.126    78   5.1
   1  23   81.464  -78.554  410.000    0.32   5.932    77   5.1
   1  24   81.497  -56.636  410.000    3.83   4.111    66   5.1
   1  25   81.530  -51.361  410.000    5.51   3.786    63   5.1
   1  26   81.563  -47.021  410.000    6.79   3.578    60   5.1
   1  27   81.596  -42.563  410.000    8.01   3.409    59   5.1
   1  28   81.629  -38.688  410.000    8.97   3.293    57   5.1
   1  29   81.661  -34.692  410.000    9.87   3.199    55   5.1
   1  30   81.694  -31.081  410.000   10.61   3.132    54   5.1
***  shot#   1 ray code  6.1 1 ray traced  ***
   1   1   81.710  -15.086  410.000   16.77   2.859    54   6.1
   1   1   81.741  -20.002  410.000   16.80   2.854    56   7.1
   1   2   81.742  -20.048  410.000   16.80   2.855    56   7.1
   1   3   81.743  -20.109  410.000   16.80   2.855    56   7.1
   1   4   81.744  -20.146  410.000   16.80   2.855    56   7.1
   1   5   81.746  -20.195  410.000   16.80   2.855    56   7.1
   1   6   81.747  -20.244  410.000   16.79   2.855    56   7.1
   1   7   81.748  -20.301  410.000   16.79   2.855    56   7.1
   1   8   81.749  -20.322  410.000   16.79   2.855    56   7.1
   1   9   81.750  -20.374  410.000   16.79   2.855    56   7.1
   1  10   81.751  -20.417  410.000   16.79   2.855    56   7.1
   1  11   81.752  -20.479  410.000   16.80   2.855    56   7.1
   1  12   81.753  -20.505  410.000   16.80   2.855    56   7.1
   1  13   81.755  -20.548  410.000   16.80   2.855    56   7.1
   1  14   81.756  -20.590  410.000   16.80   2.855    56   7.1
   1  15   81.757  -20.653  410.000   16.80   2.855    56   7.1
   1  16   81.758  -20.706  410.000   16.81   2.854    56   7.1
   1  17   81.759  -20.738  410.000   16.81   2.854    57   7.1
   1  18   81.760  -20.789  410.000   16.81   2.854    57   7.1
   1  19   81.761  -20.838  410.000   16.82   2.854    57   7.1
   1  20   81.763  -20.877  410.000   16.82   2.854    57   7.1
   1  21   81.764  -20.918  410.000   16.83   2.854    57   7.1
   1  22   81.765  -20.959  410.000   16.83   2.853    57   7.1
   1  23   81.766  -21.014  410.000   16.84   2.853    57   7.1
   1  24   81.767  -21.048  410.000   16.85   2.852    57   7.1
   1  25   81.768  -21.086  410.000   16.85   2.852    57   7.1
   1  26   81.769  -21.140  410.000   16.86   2.852    57   7.1
   1  27   81.770  -21.160  410.000   16.86   2.851    57   7.1
   1  28   81.772  -21.202  410.000   16.87   2.851    57   7.1
   1  29   81.773  -21.241  410.000   16.88   2.851    57   7.1
   1  30   81.774  -21.276  410.000   16.89   2.850    57   7.1
   1   1   81.834  -29.570  410.000   17.10   2.814    53   8.1
   1   2   81.852  -24.799  410.000   18.67   2.710    54   8.1
   1   3   81.869  -23.121  410.000   19.46   2.665    53   8.1
   1   4   81.887   -5.952  410.000   21.68   2.566    48   8.1
   1   5   81.905   -5.582  410.000   21.94   2.563    48   8.1
   1   6   81.922   -5.162  410.000   22.24   2.559    48   8.1
   1   7   81.940   -4.743  410.000   22.54   2.556    49   8.1
   1   8   81.958   -3.897  410.000   23.01   2.552    49   8.1
   1   9   81.975   -3.788  410.000   23.18   2.550    49   8.1
   1  10   81.993   -3.679  410.000   23.36   2.549    49   8.1
   1  11   82.010   -3.525  410.000   23.56   2.547    48   8.1
   1  12   82.028   -3.338  410.000   23.77   2.545    47   8.1
   1  13   82.046   -3.125  410.000   23.99   2.544    47   8.1
   1  14   82.063   -2.979  410.000   24.14   2.543    47   8.1
   1  15   82.081   -2.771  410.000   24.35   2.542    48   8.1
   1  16   82.099   -2.529  410.000   24.58   2.540    48   8.1
   1  17   82.116   -2.291  410.000   24.81   2.539    48   8.1
   1  18   82.134   -2.037  410.000   25.05   2.538    48   8.1
   1  19   82.152   -1.751  410.000   25.32   2.536    48   8.1
   1  20   82.169   -1.475  410.000   25.58   2.535    48   8.1
   1  21   82.187   -1.183  410.000   25.85   2.535    48   8.1
   1  22   82.204   -6.279  410.000   23.74   2.553    48   8.1
   1  23   82.222   -5.471  410.000   24.19   2.547    47   8.1
   1  24   82.240   -4.741  410.000   24.60   2.542    46   8.1
   1  25   82.257   -4.083  410.000   24.99   2.538    46   8.1
   1  26   82.275   -3.466  410.000   25.37   2.535    46   8.1
   1  27   82.293   -2.877  410.000   25.74   2.533    45   8.1
   1  28   82.310   -2.339  410.000   26.09   2.531    45   8.1
   1  29   82.328   -1.841  410.000   26.42   2.529    44   8.1
   1  30   82.345   -1.345  410.000   26.75   2.528    44   8.1
   1   1   67.290  -65.821  332.583    0.00   2.670    25   4.1
   1   2   67.532  -66.794  334.073    0.00   2.883    28   4.1
   1   3   67.774  -68.537  335.524    0.00   3.071    33   4.1
   1   4   68.016  -68.123  336.993    0.00   3.250    35   4.1
   1   5   68.258  -69.443  337.905    0.00   3.357    38   4.1
   1   6   68.500  -70.270  338.716    0.00   3.442    42   4.1
   1   7   68.743  -71.127  339.520    0.00   3.521    44   4.1
   1   8   68.985  -72.250  340.233    0.00   3.582    44   4.1
   1   9   69.227  -75.008  340.855    0.00   3.619    46   4.1
   1  10   69.469  -75.153  341.711    0.00   3.658    49   4.1
   1  11   69.711  -75.914  342.473    0.00   3.690    51   4.1
   1  12   69.953  -72.980  343.413    0.00   3.739    49   4.1
   1  13   70.195  -71.740  344.097    0.00   3.792    50   4.1
   1  14   70.438  -70.791  344.778    0.00   3.852    51   4.1
   1  15   70.680  -71.338  345.315    0.00   3.901    52   4.1
   1  16   70.922  -72.333  345.843    0.00   3.947    55   4.1
   1  17   71.164  -71.683  346.525    0.00   4.001    57   4.1
   1  18   71.406  -71.956  347.136    0.00   4.052    57   4.1
   1  19   71.648  -72.418  347.689    0.00   4.097    58   4.1
   1  20   71.890  -73.099  348.296    0.00   4.143    60   4.1
   1  21   72.133  -73.721  348.930    0.00   4.183    60   4.1
   1  22   72.375  -72.232  349.680    0.00   4.241    63   4.1
   1  23   72.617  -71.990  350.415    0.00   4.297    64   4.1
   1  24   72.859  -72.205  351.038    0.00   4.348    66   4.1
   1  25   73.101  -74.039  351.535    0.00   4.381    65   4.1
   1  26   73.343  -73.916  352.220    0.00   4.423    68   4.1
   1  27   73.586  -74.740  352.850    0.00   4.458    68   4.1
   1  28   73.828  -75.578  353.530    0.00   4.490    69   4.1
   1  29   74.070  -76.930  354.157    0.00   4.509    71   4.1
   1  30   74.312  -78.798  354.812    0.00   4.521    70   4.1
   1   1   74.561  -75.520  352.477    0.00   4.446    66   5.1
   1   2   74.599  -67.776  362.229    0.00   4.994    64   5.1
   1   3   74.637  -71.288  366.680    0.00   5.549    66   5.1
   1   4   74.675  -76.076  369.865    0.00   5.814    67   5.1
   1   5   74.714  -78.738  372.089    0.00   5.908    66   5.1
   1   6   74.752   88.984  373.634    0.00   5.834    67   5.1
   1   7   74.790  -82.013  377.086    0.00   5.771    70   5.1
   1   8   74.829  -88.941  380.251    0.00   5.564    70   5.1
   1   9   74.867  -82.998  384.657    0.00   5.155    77   5.1
   1  10   74.905  -69.641  389.060    0.00   5.234    86   5.1
   1  11   74.943  -66.298  392.256    0.00   5.645    86   5.1
   1  12   74.982  -70.592  393.964    0.00   5.835    85   5.1
   1  13   75.020  -74.660  395.695    0.00   5.955    83   5.1
   1  14   75.058  -75.643  397.090    0.00   6.020    82   5.1
   1  15   75.097  -77.645  398.100    0.00   6.050    81   5.1
   1  16   75.135  -76.832  399.412    0.00   6.075    79   5.1
   1  17   75.173  -77.892  400.719    0.00   6.104    77   5.1
   1  18   75.211  -73.165  402.344    0.00   6.176    83   5.1
   1  19   75.250  -69.277  404.056    0.00   6.326    78   5.1
   1  20   75.288  -74.208  405.666    0.00   6.463    76   5.1
   1  21   75.326  -73.537  407.118    0.00   6.561    79   5.1
   1  22   75.365  -73.549  408.564    0.00   6.662    78   5.1
   1  23   75.403  -78.386  409.554    0.00   6.698    77   5.1
   1  24   75.441  -66.533  410.000    3.15   4.855    68   5.1
   1  25   75.479  -52.599  410.000    5.13   4.414    63   5.1
   1  26   75.518  -47.914  410.000    6.54   4.176    60   5.1
   1  27   75.556  -43.124  410.000    7.87   3.987    59   5.1
   1  28   75.594  -38.795  410.000    8.95   3.855    57   5.1
   1  29   75.633  -34.478  410.000    9.93   3.754    55   5.1
   1  30   75.671  -30.597  410.000   10.71   3.684    53   5.1
   1   1   75.679  -15.067  410.000   16.77   3.419    54   6.1
   1   2   75.679  -15.111  410.000   16.76   3.419    54   6.1
   1   3   75.680  -15.077  410.000   16.76   3.419    54   6.1
   1   4   75.680  -15.120  410.000   16.76   3.419    54   6.1
   1   5   75.681  -15.159  410.000   16.76   3.419    54   6.1
   1   6   75.681  -15.197  410.000   16.76   3.419    54   6.1
   1   7   75.682  -15.232  410.000   16.75   3.419    54   6.1
   1   8   75.682  -15.269  410.000   16.75   3.419    54   6.1
   1   9   75.683  -15.304  410.000   16.75   3.419    54   6.1
   1  10   75.683  -15.348  410.000   16.75   3.419    54   6.1
   1  11   75.684  -15.383  410.000   16.75   3.419    54   6.1
   1  12   75.685  -15.414  410.000   16.75   3.419    54   6.1
   1  13   75.685  -15.448  410.000   16.75   3.419    54   6.1
   1  14   75.686  -15.464  410.000   16.75   3.419    54   6.1
   1  15   75.686  -15.498  410.000   16.75   3.419    54   6.1
   1  16   75.687  -15.524  410.000   16.75   3.419    54   6.1
   1  17   75.687  -15.560  410.000   16.75   3.419    54   6.1
   1  18   75.688  -15.583  410.000   16.75   3.419    54   6.1
   1  19   75.688  -15.617  410.000   16.76   3.419    54   6.1
   1  20   75.689  -15.641  410.000   16.76   3.419    54   6.1
   1  21   75.689  -15.664  410.000   16.76   3.419    54   6.1
   1  22   75.690  -15.683  410.000   16.76   3.419    54   6.1
   1  23   75.690  -15.711  410.000   16.77   3.418    54   6.1
   1  24   75.691  -17.938  410.000   16.43   3.433    54   7.1
   1  25   75.691  -17.986  410.000   16.43   3.433    54   7.1
   1  26   75.692  -18.054  410.000   16.42   3.433    54   7.1
   1  27   75.693  -18.107  410.000   16.41   3.434    54   7.1
   1  28   75.693  -18.189  410.000   16.40   3.434    55   7.1
   1  29   75.694  -18.226  410.000   16.40   3.434    55   7.1
   1  30   75.694  -18.280  410.000   16.39   3.435    55   7.1
   1   1   75.710  -20.307  410.000   16.78   3.415    56   7.1
   1   2   75.713  -20.413  410.000   16.78   3.416    56   7.1
   1   3   75.716  -20.528  410.000   16.78   3.416    56   7.1
   1   4   75.720  -20.646  410.000   16.79   3.415    56   7.1
   1   5   75.723  -20.769  410.000   16.80   3.415    57   7.1
   1   6   75.726  -20.872  410.000   16.81   3.414    57   7.1
   1   7   75.729  -20.979  410.000   16.82   3.414    57   7.1
   1   8   75.733  -21.092  410.000   16.83   3.413    57   7.1
   1   9   75.736  -21.195  410.000   16.85   3.412    57   7.1
   1  10   75.739  -21.297  410.000   16.87   3.411    57   7.1
   1  11   75.743  -21.407  410.000   16.89   3.410    57   7.1
   1  12   75.746  -21.493  410.000   16.91   3.409    57   7.1
   1  13   75.749  -21.592  410.000   16.94   3.407    57   7.1
   1  14   75.753  -21.691  410.000   16.97   3.406    57   7.1
   1  15   75.756  -21.779  410.000   17.01   3.404    57   7.1
***  ray stopped - illegal reflection  ***
   1  16   75.759   -2.833  395.231   21.80   3.102    48   7.2
***  ray stopped - illegal reflection  ***
   1  17   75.762   -2.741  395.085   21.83   3.101    47   7.2
***  ray stopped - illegal reflection  ***
   1  18   75.766   -2.634  394.937   21.86   3.100    47   7.2
***  ray stopped - illegal reflection  ***
   1  19   75.769   -2.495  394.763   21.89   3.098    47   7.2
***  ray stopped - illegal reflection  ***
   1  20   75.772   -2.347  394.589   21.92   3.096    48   7.2
***  ray stopped - illegal reflection  ***
   1  21   75.776   -2.197  394.421   21.95   3.095    48   7.2
***  ray stopped - illegal reflection  ***
   1  22   75.779   -2.050  394.248   21.98   3.094    47   7.2
***  ray stopped - illegal reflection  ***
   1  23   75.782   -1.909  394.084   22.01   3.092    47   7.2
***  ray stopped - illegal reflection  ***
   1  24   75.785   -1.740  393.895   22.05   3.090    47   7.2
***  ray stopped - illegal reflection  ***
   1  25   75.789   -1.568  393.711   22.08   3.088    47   7.2
***  ray stopped - illegal reflection  ***
   1  26   75.792   -1.386  393.520   22.12   3.087    47   7.2
***  ray stopped - illegal reflection  ***
   1  27   75.795   -1.188  393.319   22.16   3.085    47   7.2
***  ray stopped - illegal reflection  ***
   1  28   75.799   -0.984  393.116   22.19   3.083    47   7.2
***  ray stopped - illegal reflection  ***
   1  29   75.802   -0.747  392.884   22.24   3.081    47   7.2
***  ray stopped - illegal reflection  ***
   1  30   75.805   -0.513  392.659   22.28   3.079    47   7.2
   1   1   75.819  -30.075  410.000   16.84   3.393    53   8.1
   1   2   75.838  -25.043  410.000   18.54   3.278    53   8.1
   1   3   75.857  -23.457  410.000   19.35   3.231    54   8.1
   1   4   75.876   -6.073  410.000   21.63   3.127    48   8.1
   1   5   75.896   -5.677  410.000   21.91   3.123    48   8.1
   1   6   75.915   -5.270  410.000   22.19   3.120    48   8.1
   1   7   75.934   -4.804  410.000   22.52   3.116    49   8.1
   1   8   75.953   -3.977  410.000   22.98   3.111    49   8.1
   1   9   75.973   -3.884  410.000   23.16   3.110    49   8.1
   1  10   75.992   -3.765  410.000   23.35   3.108    49   8.1
   1  11   76.011   -3.608  410.000   23.55   3.107    48   8.1
   1  12   76.030   -3.416  410.000   23.75   3.105    47   8.1
   1  13   76.050   -3.216  410.000   23.96   3.103    46   8.1
   1  14   76.069   -3.015  410.000   24.16   3.102    47   8.1
   1  15   76.088   -2.813  410.000   24.36   3.101    47   8.1
   1  16   76.107   -2.572  410.000   24.60   3.099    47   8.1
   1  17   76.127   -2.339  410.000   24.82   3.098    47   8.1
   1  18   76.146   -2.065  410.000   25.08   3.097    47   8.1
   1  19   76.165   -1.803  410.000   25.32   3.096    47   8.1
   1  20   76.184   -1.502  410.000   25.60   3.095    48   8.1
   1  21   76.203   -1.218  410.000   25.86   3.094    47   8.1
   1  22   76.223   -6.205  410.000   23.80   3.111    47   8.1
   1  23   76.242   -5.389  410.000   24.25   3.105    46   8.1
   1  24   76.261   -4.813  410.000   24.58   3.101    45   8.1
   1  25   76.280   -4.160  410.000   24.96   3.098    45   8.1
   1  26   76.300   -3.529  410.000   25.35   3.095    45   8.1
   1  27   76.319   -3.002  410.000   25.68   3.092    44   8.1
   1  28   76.338   -2.418  410.000   26.06   3.089    44   8.1
   1  29   76.357   -1.870  410.000   26.42   3.088    43   8.1
   1  30   76.377   -1.378  410.000   26.76   3.087    43   8.1

***  less than nray rays traced for    1 ray groups  ***

|----------------------------------------------------------------|
|                                                                |
| total of   1223 rays consisting of    59780 points were traced |
|                                                                |
|           model consists of  9 layers and *** blocks           |
|                                                                |
|----------------------------------------------------------------|

 
Number of data points used:      756
RMS traveltime residual:       0.102
Normalized chi-squared:        2.906
 
 phase    npts   Trms   chi-squared
-----------------------------------
     1      66   0.101     2.854
     5     514   0.099     2.748
     8      58   0.149     6.296
    10      41   0.032     0.293
    14      77   0.103     3.003
 
     shot  dir   npts   Trms   chi-squared
------------------------------------------
   330.766 -1     586   0.112     3.462
   330.766  1     170   0.060     0.998
 
