   330.766    -1.000     0.000         0
   325.598     3.716     0.060         1
   325.759     3.617     0.060         1
   325.920     3.517     0.060         1
   326.071     3.425     0.060         1
   326.232     3.328     0.060         1
   326.383     3.236     0.060         1
   326.544     3.139     0.060         1
   326.692     3.051     0.060         1
   326.853     2.956     0.060         1
   327.003     2.868     0.060         1
   327.164     2.774     0.060         1
   327.326     2.682     0.060         1
   327.476     2.596     0.060         1
   327.637     2.506     0.060         1
   327.799     2.417     0.060         1
   327.946     2.337     0.060         1
   328.107     2.252     0.060         1
   328.266     2.169     0.060         1
   328.424     2.089     0.060         1
   328.585     2.010     0.060         1
   328.733     1.940     0.060         1
   328.891     1.868     0.060         1
   329.049     1.799     0.060         1
   329.197     1.737     0.060         1
   329.358     1.675     0.060         1
   329.505     1.622     0.060         1
   329.669     1.568     0.060         1
   329.819     1.524     0.060         1
   329.969     1.485     0.060         1
   330.123     1.452     0.060         1
   330.284     1.424     0.060         1
   330.433     1.405     0.060         1
   330.587     1.392     0.060         1
   330.728     1.384     0.060         1
   227.435    19.303     0.060         8
   228.167    19.247     0.060         8
   229.178    19.170     0.060         8
   229.745    19.127     0.060         8
   231.423    18.999     0.060         8
   232.407    18.924     0.060         8
   233.265    18.859     0.060         8
   234.252    18.763     0.060         8
   234.529    18.713     0.060         8
   235.529    18.535     0.060         8
   236.522    18.359     0.060         8
   237.251    18.229     0.060         8
   237.982    18.099     0.060         8
   239.504    17.828     0.060         8
   240.593    17.634     0.060         8
   241.819    17.416     0.060         8
   242.704    17.258     0.060         8
   243.857    17.053     0.060         8
   245.538    16.754     0.060         8
   246.734    16.541     0.060         8
   247.203    16.457     0.060         8
   249.397    16.067     0.060         8
   250.317    15.903     0.060         8
   251.410    15.708     0.060         8
   252.681    15.482     0.060         8
   253.795    15.284     0.060         8
   255.036    15.063     0.060         8
   255.660    14.952     0.060         8
   256.735    14.760     0.060         8
   257.208    14.676     0.060         8
   258.167    14.506     0.060         8
   258.640    14.421     0.060         8
   259.914    14.195     0.060         8
   261.014    13.999     0.060         8
   261.812    13.857     0.060         8
   262.947    13.670     0.060         8
   263.906    13.551     0.060         8
   265.222    13.387     0.060         8
   266.538    13.219     0.060         8
   268.320    12.946     0.060         8
   269.596    12.751     0.060         8
   271.355    12.446     0.060         8
   271.998    12.325     0.060         8
   274.099    11.930     0.060         8
   275.737    11.622     0.060         8
   276.728    11.468     0.060         8
   278.649    11.185     0.060         8
   280.098    10.970     0.060         8
   281.542    10.754     0.060         8
   282.812    10.563     0.060         8
   284.729    10.269     0.060         8
   292.785     9.307     0.060         8
   294.498     9.248     0.060         8
   295.428     9.216     0.060         8
   296.662     9.163     0.060         8
   298.039     9.105     0.060         8
   299.574     9.024     0.060         8
   301.083     8.942     0.060         8
   308.443     5.828     0.060         5
   308.597     5.807     0.060         5
   308.758     5.785     0.060         5
   308.911     5.764     0.060         5
   309.073     5.741     0.060         5
   309.223     5.720     0.060         5
   309.384     5.697     0.060         5
   309.535     5.675     0.060         5
   309.696     5.652     0.060         5
   309.847     5.629     0.060         5
   310.008     5.606     0.060         5
   310.158     5.584     0.060         5
   310.319     5.559     0.060         5
   310.481     5.535     0.060         5
   310.631     5.513     0.060         5
   310.792     5.488     0.060         5
   310.943     5.465     0.060         5
   311.104     5.440     0.060         5
   311.255     5.416     0.060         5
   311.416     5.391     0.060         5
   311.566     5.367     0.060         5
   311.730     5.341     0.060         5
   311.881     5.318     0.060         5
   312.042     5.294     0.060         5
   312.203     5.269     0.060         5
   312.354     5.247     0.060         5
   312.504     5.225     0.060         5
   312.666     5.202     0.060         5
   312.816     5.180     0.060         5
   312.977     5.157     0.060         5
   313.131     5.135     0.060         5
   313.292     5.113     0.060         5
   313.442     5.092     0.060         5
   313.604     5.069     0.060         5
   313.905     5.026     0.060         5
   314.069     5.003     0.060         5
   314.219     4.982     0.060         5
   314.380     4.959     0.060         5
   314.531     4.937     0.060         5
   314.692     4.914     0.060         5
   314.843     4.891     0.060         5
   315.004     4.866     0.060         5
   315.154     4.843     0.060         5
   315.315     4.818     0.060         5
   315.466     4.794     0.060         5
   315.627     4.769     0.060         5
   315.778     4.745     0.060         5
   315.928     4.721     0.060         5
   316.089     4.696     0.060         5
   316.240     4.673     0.060         5
   316.404     4.648     0.060         5
   316.554     4.626     0.060         5
   316.716     4.602     0.060         5
   316.877     4.578     0.060         5
   317.038     4.551     0.060         5
   317.199     4.524     0.060         5
   317.350     4.498     0.060         5
   317.511     4.469     0.060         5
   317.672     4.440     0.060         5
   317.833     4.411     0.060         5
   317.995     4.381     0.060         5
   318.159     4.351     0.060         5
   318.320     4.321     0.060         5
   318.481     4.291     0.060         5
   318.632     4.263     0.060         5
   318.793     4.233     0.060         5
   318.954     4.203     0.060         5
   319.115     4.172     0.060         5
   319.276     4.142     0.060         5
   319.427     4.114     0.060         5
   319.588     4.083     0.060         5
   319.746     4.052     0.060         5
   319.908     4.020     0.060         5
   320.058     3.991     0.060         5
   320.219     3.961     0.060         5
   320.370     3.933     0.060         5
   320.523     3.904     0.060         5
   320.684     3.874     0.060         5
   320.835     3.847     0.060         5
   320.988     3.821     0.060         5
   321.139     3.794     0.060         5
   321.300     3.766     0.060         5
   321.451     3.740     0.060         5
   321.604     3.714     0.060         5
   321.754     3.688     0.060         5
   321.905     3.663     0.060         5
   322.055     3.637     0.060         5
   322.206     3.612     0.060         5
   322.370     3.584     0.060         5
   322.520     3.559     0.060         5
   322.671     3.533     0.060         5
   322.835     3.506     0.060         5
   322.986     3.481     0.060         5
   323.150     3.453     0.060         5
   323.300     3.427     0.060         5
   323.451     3.400     0.060         5
   323.604     3.371     0.060         5
   323.754     3.344     0.060         5
   323.905     3.316     0.060         5
   324.055     3.289     0.060         5
   324.209     3.260     0.060         5
   324.359     3.233     0.060         5
   324.510     3.204     0.060         5
   324.671     3.173     0.060         5
   324.824     3.143     0.060         5
   324.975     3.114     0.060         5
   273.455    11.459     0.060         5
   273.616    11.420     0.060         5
   273.777    11.381     0.060         5
   273.938    11.341     0.060         5
   274.099    11.302     0.060         5
   274.261    11.262     0.060         5
   274.422    11.223     0.060         5
   274.586    11.183     0.060         5
   274.747    11.146     0.060         5
   274.911    11.110     0.060         5
   275.073    11.074     0.060         5
   275.237    11.038     0.060         5
   275.412    10.999     0.060         5
   275.573    10.968     0.060         5
   275.737    10.937     0.060         5
   275.901    10.906     0.060         5
   276.062    10.875     0.060         5
   276.226    10.846     0.060         5
   276.398    10.816     0.060         5
   276.557    10.789     0.060         5
   276.728    10.760     0.060         5
   276.887    10.732     0.060         5
   277.048    10.704     0.060         5
   277.206    10.676     0.060         5
   277.367    10.648     0.060         5
   277.529    10.619     0.060         5
   277.679    10.592     0.060         5
   277.840    10.562     0.060         5
   278.001    10.533     0.060         5
   278.163    10.503     0.060         5
   278.324    10.473     0.060         5
   278.488    10.442     0.060         5
   278.649    10.412     0.060         5
   278.810    10.382     0.060         5
   278.975    10.350     0.060         5
   279.125    10.322     0.060         5
   279.286    10.291     0.060         5
   279.448    10.260     0.060         5
   279.612    10.229     0.060         5
   279.773    10.198     0.060         5
   279.934    10.167     0.060         5
   280.098    10.136     0.060         5
   280.262    10.105     0.060         5
   280.413    10.076     0.060         5
   280.577    10.045     0.060         5
   280.738    10.015     0.060         5
   281.056     9.954     0.060         5
   281.217     9.922     0.060         5
   281.381     9.890     0.060         5
   281.542     9.859     0.060         5
   281.696     9.829     0.060         5
   281.857     9.799     0.060         5
   282.021     9.768     0.060         5
   282.172     9.740     0.060         5
   282.333     9.709     0.060         5
   282.497     9.678     0.060         5
   282.648     9.648     0.060         5
   282.812     9.617     0.060         5
   282.973     9.585     0.060         5
   283.127     9.556     0.060         5
   283.288     9.525     0.060         5
   283.452     9.494     0.060         5
   283.602     9.466     0.060         5
   283.764     9.435     0.060         5
   283.928     9.403     0.060         5
   284.089     9.372     0.060         5
   284.240     9.342     0.060         5
   284.404     9.309     0.060         5
   284.565     9.278     0.060         5
   285.044     9.178     0.060         5
   285.205     9.145     0.060         5
   285.369     9.111     0.060         5
   285.530     9.076     0.060         5
   285.684     9.044     0.060         5
   285.848     9.009     0.060         5
   286.012     8.974     0.060         5
   286.173     8.940     0.060         5
   286.327     8.909     0.060         5
   286.488     8.878     0.060         5
   286.652     8.846     0.060         5
   286.813     8.815     0.060         5
   286.977     8.783     0.060         5
   287.139     8.752     0.060         5
   287.303     8.723     0.060         5
   287.464     8.696     0.060         5
   287.625     8.668     0.060         5
   287.789     8.641     0.060         5
   287.940     8.615     0.060         5
   288.101     8.588     0.060         5
   288.262     8.560     0.060         5
   288.420     8.534     0.060         5
   288.582     8.506     0.060         5
   288.743     8.478     0.060         5
   288.904     8.450     0.060         5
   289.065     8.422     0.060         5
   289.226     8.395     0.060         5
   289.718     8.311     0.060         5
   289.879     8.284     0.060         5
   290.040     8.258     0.060         5
   290.201     8.231     0.060         5
   290.365     8.204     0.060         5
   290.527     8.177     0.060         5
   290.688     8.151     0.060         5
   290.849     8.125     0.060         5
   291.021     8.098     0.060         5
   291.182     8.073     0.060         5
   291.343     8.048     0.060         5
   291.505     8.022     0.060         5
   291.669     7.997     0.060         5
   291.830     7.971     0.060         5
   291.994     7.946     0.060         5
   292.145     7.924     0.060         5
   292.309     7.906     0.060         5
   292.470     7.887     0.060         5
   292.623     7.870     0.060         5
   292.785     7.852     0.060         5
   292.949     7.833     0.060         5
   293.099     7.816     0.060         5
   293.253     7.798     0.060         5
   293.414     7.780     0.060         5
   293.567     7.763     0.060         5
   293.718     7.750     0.060         5
   293.882     7.736     0.060         5
   294.033     7.724     0.060         5
   294.183     7.711     0.060         5
   294.347     7.698     0.060         5
   294.498     7.685     0.060         5
   294.648     7.673     0.060         5
   294.812     7.659     0.060         5
   294.963     7.647     0.060         5
   295.113     7.634     0.060         5
   295.278     7.621     0.060         5
   295.428     7.608     0.060         5
   295.579     7.596     0.060         5
   295.732     7.581     0.060         5
   295.883     7.564     0.060         5
   296.044     7.546     0.060         5
   296.194     7.530     0.060         5
   296.348     7.513     0.060         5
   296.498     7.496     0.060         5
   296.662     7.478     0.060         5
   296.813     7.462     0.060         5
   296.963     7.445     0.060         5
   297.117     7.428     0.060         5
   297.278     7.411     0.060         5
   297.432     7.394     0.060         5
   297.582     7.376     0.060         5
   297.736     7.356     0.060         5
   297.889     7.337     0.060         5
   298.039     7.318     0.060         5
   298.193     7.298     0.060         5
   298.357     7.277     0.060         5
   298.500     7.259     0.060         5
   298.653     7.240     0.060         5
   298.807     7.220     0.060         5
   298.960     7.201     0.060         5
   299.113     7.181     0.060         5
   299.267     7.162     0.060         5
   299.420     7.142     0.060         5
   299.574     7.122     0.060         5
   299.727     7.102     0.060         5
   299.873     7.082     0.060         5
   300.023     7.061     0.060         5
   300.177     7.040     0.060         5
   300.330     7.019     0.060         5
   300.481     6.999     0.060         5
   300.631     6.978     0.060         5
   300.782     6.958     0.060         5
   300.932     6.937     0.060         5
   301.083     6.917     0.060         5
   301.230     6.896     0.060         5
   301.381     6.876     0.060         5
   301.542     6.854     0.060         5
   301.700     6.832     0.060         5
   301.862     6.810     0.060         5
   302.020     6.789     0.060         5
   302.170     6.768     0.060         5
   302.332     6.746     0.060         5
   302.493     6.724     0.060         5
   302.654     6.699     0.060         5
   302.815     6.675     0.060         5
   302.966     6.652     0.060         5
   303.127     6.627     0.060         5
   303.285     6.603     0.060         5
   303.436     6.580     0.060         5
   303.597     6.555     0.060         5
   303.747     6.532     0.060         5
   303.909     6.508     0.060         5
   304.059     6.485     0.060         5
   304.220     6.460     0.060         5
   304.371     6.437     0.060         5
   304.532     6.412     0.060         5
   304.683     6.389     0.060         5
   304.844     6.365     0.060         5
   304.997     6.341     0.060         5
   305.158     6.317     0.060         5
   305.320     6.292     0.060         5
   305.470     6.269     0.060         5
   305.631     6.244     0.060         5
   305.782     6.221     0.060         5
   305.943     6.197     0.060         5
   306.094     6.174     0.060         5
   306.258     6.149     0.060         5
   306.419     6.124     0.060         5
   306.569     6.101     0.060         5
   306.731     6.076     0.060         5
   306.884     6.053     0.060         5
   307.045     6.028     0.060         5
   307.196     6.005     0.060         5
   307.349     5.982     0.060         5
   307.510     5.957     0.060         5
   307.661     5.934     0.060         5
   243.282    17.250     0.060         5
   243.717    17.175     0.060         5
   244.163    17.088     0.060         5
   244.622    16.996     0.060         5
   244.931    16.934     0.060         5
   245.387    16.843     0.060         5
   245.825    16.758     0.060         5
   246.129    16.706     0.060         5
   246.584    16.629     0.060         5
   246.734    16.603     0.060         5
   246.888    16.577     0.060         5
   247.203    16.527     0.060         5
   247.367    16.502     0.060         5
   247.671    16.455     0.060         5
   247.835    16.427     0.060         5
   247.986    16.402     0.060         5
   248.297    16.349     0.060         5
   248.609    16.294     0.060         5
   248.770    16.266     0.060         5
   248.921    16.239     0.060         5
   249.085    16.209     0.060         5
   249.397    16.153     0.060         5
   249.709    16.091     0.060         5
   250.163    15.996     0.060         5
   250.785    15.865     0.060         5
   251.103    15.796     0.060         5
   251.256    15.763     0.060         5
   251.574    15.694     0.060         5
   251.728    15.661     0.060         5
   252.045    15.593     0.060         5
   252.363    15.526     0.060         5
   252.681    15.459     0.060         5
   253.009    15.391     0.060         5
   253.327    15.326     0.060         5
   253.795    15.230     0.060         5
   254.257    15.135     0.060         5
   254.566    15.071     0.060         5
   255.036    14.975     0.060         5
   255.187    14.945     0.060         5
   255.348    14.912     0.060         5
   255.660    14.847     0.060         5
   255.810    14.816     0.060         5
   256.272    14.708     0.060         5
   256.434    14.668     0.060         5
   256.584    14.632     0.060         5
   257.046    14.517     0.060         5
   257.208    14.476     0.060         5
   257.519    14.398     0.060         5
   257.681    14.359     0.060         5
   257.842    14.320     0.060         5
   258.006    14.280     0.060         5
   258.167    14.242     0.060         5
   258.328    14.203     0.060         5
   258.479    14.166     0.060         5
   258.640    14.127     0.060         5
   258.801    14.091     0.060         5
   258.966    14.055     0.060         5
   259.116    14.022     0.060         5
   259.277    13.987     0.060         5
   259.439    13.951     0.060         5
   259.592    13.917     0.060         5
   259.753    13.882     0.060         5
   259.914    13.848     0.060         5
   260.068    13.818     0.060         5
   260.552    13.724     0.060         5
   260.702    13.695     0.060         5
   260.863    13.664     0.060         5
   261.014    13.634     0.060         5
   261.178    13.603     0.060         5
   261.339    13.571     0.060         5
   261.490    13.542     0.060         5
   261.651    13.515     0.060         5
   261.812    13.491     0.060         5
   261.976    13.468     0.060         5
   262.138    13.444     0.060         5
   262.299    13.421     0.060         5
   262.460    13.397     0.060         5
   262.624    13.373     0.060         5
   262.785    13.350     0.060         5
   262.947    13.327     0.060         5
   263.111    13.303     0.060         5
   263.272    13.281     0.060         5
   263.433    13.260     0.060         5
   263.584    13.241     0.060         5
   263.745    13.221     0.060         5
   263.906    13.201     0.060         5
   264.081    13.179     0.060         5
   264.242    13.159     0.060         5
   264.401    13.138     0.060         5
   264.562    13.112     0.060         5
   264.734    13.086     0.060         5
   264.892    13.061     0.060         5
   265.053    13.036     0.060         5
   265.222    13.009     0.060         5
   265.383    12.984     0.060         5
   265.552    12.958     0.060         5
   265.713    12.932     0.060         5
   265.882    12.903     0.060         5
   266.043    12.875     0.060         5
   266.205    12.847     0.060         5
   266.376    12.817     0.060         5
   266.538    12.789     0.060         5
   266.699    12.761     0.060         5
   266.863    12.733     0.060         5
   267.024    12.706     0.060         5
   267.185    12.678     0.060         5
   267.347    12.651     0.060         5
   267.511    12.623     0.060         5
   267.672    12.595     0.060         5
   267.833    12.568     0.060         5
   267.994    12.540     0.060         5
   268.159    12.512     0.060         5
   268.320    12.484     0.060         5
   268.473    12.457     0.060         5
   268.637    12.428     0.060         5
   268.802    12.399     0.060         5
   268.955    12.371     0.060         5
   269.119    12.342     0.060         5
   269.276    12.315     0.060         5
   269.429    12.288     0.060         5
   269.596    12.258     0.060         5
   308.911     6.336     0.060        14
   309.384     6.269     0.060        14
   311.104     6.014     0.060        14
   311.881     5.893     0.060        14
   312.816     5.755     0.060        14
   314.380     5.537     0.060        14
   315.466     5.374     0.060        14
   316.877     5.158     0.060        14
   317.995     4.964     0.060        14
   319.588     4.668     0.060        14
   320.835     4.435     0.060        14
   322.206     4.200     0.060        14
   323.604     3.960     0.060        14
   274.586    11.751     0.060        14
   275.573    11.538     0.060        14
   277.048    11.273     0.060        14
   278.001    11.101     0.060        14
   279.286    10.860     0.060        14
   280.738    10.584     0.060        14
   282.172    10.308     0.060        14
   283.127    10.126     0.060        14
   283.764    10.004     0.060        14
   284.890     9.781     0.060        14
   286.012     9.546     0.060        14
   287.303     9.298     0.060        14
   288.743     9.049     0.060        14
   289.388     8.939     0.060        14
   291.343     8.618     0.060        14
   292.309     8.475     0.060        14
   293.253     8.374     0.060        14
   294.648     8.246     0.060        14
   296.348     8.085     0.060        14
   298.357     7.846     0.060        14
   299.727     7.672     0.060        14
   302.020     7.359     0.060        14
   303.597     7.132     0.060        14
   304.683     6.966     0.060        14
   305.782     6.799     0.060        14
   306.419     6.702     0.060        14
   307.510     6.536     0.060        14
   244.461    17.594     0.060        14
   246.269    17.247     0.060        14
   247.520    17.045     0.060        14
   248.921    16.807     0.060        14
   250.785    16.432     0.060        14
   252.363    16.094     0.060        14
   253.945    15.767     0.060        14
   255.971    15.350     0.060        14
   257.681    14.927     0.060        14
   259.592    14.486     0.060        14
   262.460    13.966     0.060        14
   263.906    13.770     0.060        14
   265.222    13.578     0.060        14
   267.024    13.274     0.060        14
   268.473    13.024     0.060        14
   330.766     1.000     0.000         0
   331.055     1.400     0.060         1
   331.207     1.418     0.060         1
   331.371     1.444     0.060         1
   331.525     1.476     0.060         1
   331.675     1.514     0.060         1
   331.828     1.557     0.060         1
   331.993     1.611     0.060         1
   332.146     1.665     0.060         1
   332.297     1.722     0.060         1
   332.450     1.784     0.060         1
   332.604     1.851     0.060         1
   332.768     1.925     0.060         1
   332.922     1.998     0.060         1
   333.072     2.071     0.060         1
   333.226     2.149     0.060         1
   333.369     2.222     0.060         1
   333.523     2.304     0.060         1
   333.676     2.385     0.060         1
   333.827     2.468     0.060         1
   333.980     2.553     0.060         1
   334.134     2.640     0.060         1
   334.284     2.726     0.060         1
   334.438     2.814     0.060         1
   334.592     2.905     0.060         1
   334.742     2.993     0.060         1
   334.906     3.090     0.060         1
   335.060     3.182     0.060         1
   335.224     3.281     0.060         1
   335.375     3.373     0.060         1
   335.536     3.471     0.060         1
   335.689     3.564     0.060         1
   335.854     3.666     0.060         1
   334.284     2.770     0.060        10
   334.438     2.808     0.060        10
   334.592     2.847     0.060        10
   334.742     2.885     0.060        10
   334.906     2.927     0.060        10
   335.060     2.966     0.060        10
   335.224     3.007     0.060        10
   335.375     3.046     0.060        10
   335.536     3.086     0.060        10
   335.689     3.125     0.060        10
   335.854     3.167     0.060        10
   336.004     3.205     0.060        10
   336.168     3.246     0.060        10
   336.329     3.287     0.060        10
   336.493     3.329     0.060        10
   336.647     3.366     0.060        10
   336.808     3.406     0.060        10
   336.972     3.446     0.060        10
   337.137     3.486     0.060        10
   337.290     3.524     0.060        10
   337.454     3.564     0.060        10
   337.608     3.602     0.060        10
   337.772     3.641     0.060        10
   337.933     3.678     0.060        10
   338.098     3.717     0.060        10
   338.248     3.751     0.060        10
   338.409     3.789     0.060        10
   338.559     3.824     0.060        10
   338.720     3.860     0.060        10
   338.881     3.896     0.060        10
   339.042     3.932     0.060        10
   339.203     3.968     0.060        10
   339.354     4.002     0.060        10
   339.834     4.106     0.060        10
   339.984     4.137     0.060        10
   340.145     4.171     0.060        10
   340.306     4.205     0.060        10
   340.454     4.232     0.060        10
   340.615     4.261     0.060        10
   340.773     4.290     0.060        10
   340.934     4.319     0.060        10
   346.204     5.335     0.060         5
   346.354     5.366     0.060         5
   346.515     5.400     0.060         5
   346.679     5.434     0.060         5
   346.840     5.467     0.060         5
   346.991     5.499     0.060         5
   347.155     5.533     0.060         5
   347.623     5.631     0.060         5
   347.787     5.664     0.060         5
   348.256     5.758     0.060         5
   348.727     5.849     0.060         5
   349.209     5.942     0.060         5
   349.520     6.006     0.060         5
   349.843     6.072     0.060         5
   350.323     6.169     0.060         5
   350.645     6.235     0.060         5
   350.953     6.299     0.060         5
   351.273     6.362     0.060         5
   351.906     6.482     0.060         5
   352.393     6.572     0.060         5
   352.554     6.602     0.060         5
   353.016     6.683     0.060         5
   353.492     6.765     0.060         5
   354.110     6.863     0.060         5
   354.271     6.887     0.060         5
   354.739     6.953     0.060         5
   364.631     8.984     0.060         5
   364.795     9.021     0.060         5
   365.271     9.130     0.060         5
   365.749     9.238     0.060         5
   366.064     9.310     0.060         5
   366.540     9.419     0.060         5
   366.865     9.493     0.060         5
   367.341     9.601     0.060         5
   367.816     9.709     0.060         5
   368.292     9.810     0.060         5
   368.607     9.872     0.060         5
   368.921     9.934     0.060         5
   369.236     9.996     0.060         5
   369.550    10.057     0.060         5
   370.023    10.150     0.060         5
   370.338    10.212     0.060         5
   370.660    10.276     0.060         5
   371.122    10.353     0.060         5
   371.595    10.416     0.060         5
   372.067    10.478     0.060         5
   372.529    10.540     0.060         5
   372.852    10.583     0.060         5
   373.174    10.621     0.060         5
   373.488    10.656     0.060         5
   373.814    10.691     0.060         5
   374.289    10.743     0.060         5
   374.943    10.814     0.060         5
   375.418    10.865     0.060         5
   375.744    10.901     0.060         5
   376.383    10.970     0.060         5
   376.706    11.005     0.060         5
   377.031    11.035     0.060         5
   377.356    11.062     0.060         5
   377.678    11.088     0.060         5
   378.004    11.115     0.060         5
   378.168    11.128     0.060         5
   378.501    11.143     0.060         5
   378.826    11.153     0.060         5
   379.140    11.162     0.060         5
   379.466    11.172     0.060         5
   379.791    11.182     0.060         5
   380.105    11.191     0.060         5
   380.431    11.201     0.060         5
   380.909    11.215     0.060         5
   381.073    11.220     0.060         5
   381.552    11.234     0.060         5
   381.703    11.240     0.060         5
   382.020    11.253     0.060         5
   382.657    11.280     0.060         5
   345.403     5.738     0.060        14
   347.787     6.232     0.060        14
   348.891     6.446     0.060        14
   350.165     6.703     0.060        14
   352.554     7.165     0.060        14
   354.425     7.471     0.060        14
   356.148     7.825     0.060        14
   358.057     8.171     0.060        14
   359.665     8.463     0.060        14
   360.445     8.604     0.060        14
   362.208     8.923     0.060        14
   363.986     9.366     0.060        14
   365.110     9.646     0.060        14
   366.386     9.965     0.060        14
   368.607    10.439     0.060        14
   369.550    10.636     0.060        14
   371.595    10.991     0.060        14
   373.488    11.181     0.060        14
   375.268    11.367     0.060        14
   377.678    11.596     0.060        14
   378.826    11.665     0.060        14
   381.867    11.802     0.060        14
     0.000     0.000     0.000        -1
