# strategy jumping=0 robust=0 crit_chi=1000
# ray_trace -N xorder=8 zorder=8 clen=0.8 nintp=8 bend_tol=0.001
# smooth_vel -SV on=1 wmin=200 wmax=200 dw=201 -Ss=-1 log10(-XV)=0
# smooth_dep -SD on=0 wmin=0 wmax=0 dw=1 log10(-XD)=0
# damping: MODE=auto  using=-T/-TV/-TD  fixed_-D=OFF  -TV_percent=5 -TV_frac=0.05  -TD_percent=0 -TD_frac=0
# filter_-s: OFF  (ON=2D filter after each iter; OFF=no -s)
# water: invert_only=0 crust_only=1 seafloor=Y
# psx: invert_vs=1 joint_vpvs=0 freeze_lid=0
# ndata 83
# nnodes nnodev=6156 nvel=6156 nnoded(refl)=0 freeze_-u=OFF refl_weight=1
# LSQR atol=0.001 itermax=615600 cap=8000  (TOMO2D_INV_LSQR_MAXITER)
# lsqr_precond: OFF maxD=10  (ON=TOMO2D_INV_LSQR_PRECOND!=0; default OFF; Legacy forces OFF; maxD=kappa vs col-norm median, empty D=0, miniter=20)
# sens_weight: OFF kappa=10 eps=0.05  (ON=TOMO2D_INV_SENS_WEIGHT!=0; default OFF; T*=w, R couple 2/(wi+wj); median per Vp/Vs-lid/Vs-below/Moho)
# linesearch: OFF c=0.0001 rho=0.5 amin=0.03125  (ON=TOMO2D_INV_LINESEARCH!=0; default OFF; Armijo on true chi2 after re-trace)
# lm: OFF lambda=1 up=4 down=0.5 lmax=256 rho_acc=0.1 rho_good=0.5  (ON=TOMO2D_INV_LM!=0; default OFF; trust-region: scale T and re-LSQR on true chi2)
# accel: reuse=OFF thresh=0 c2f=OFF legacy=OFF
1 1 0 0.866859 7514.44 0 0 0 0 0 0 3.09999e-06 35.1012 200 0 291.788 0 6 399 0 1496.24 0.057393 0 0.0145627 0.00390628 -1
2 1 0 0.548934 3013.29 0 0 0 0 0 0 3.20002e-06 43.4146 200 0 135.487 0 4 190 0 174.886 0.0646562 0 0.00660811 0.00116819 -1
3 1 0 0.111939 125.304 0 0 0 0 0 0 2.60002e-06 41.5836 200 0 0 0 1 45 0 30.704 0.0286041 0 0.00139619 0.000150821 -1
4 1 0 0.0620892 38.5507 0 0 0 0 0 0 2.59999e-06 40.161 200 0 0 0 1 70 0 12.2888 0.0188712 0 0.00124965 0.000109455 -1
5 1 0 0.0647442 41.9181 0 0 0 0 0 0 2.70002e-06 40.8189 200 0 0 0 1 59 0 18.5102 0.0308645 0 0.00159253 0.000130335 -1
6 1 0 0.0452359 20.4628 0 0 0 0 0 0 2.30002e-06 40.3601 200 0 0 0 1 62 0 11.8464 0.0164189 0 0.000949678 5.45173e-05 -1
7 1 0 0.0235703 5.55557 0 0 0 0 0 0 3.4e-06 39.8118 200 0 0 0 1 36 0 4.15379 0.00298381 0 6.72715e-05 1.60429e-05 -1
8 1 0 0.0218179 4.76019 0 0 0 0 0 0 3.89997e-06 39.3324 200 0 0 0 1 15 0 4.70044 0.000328097 0 3.92658e-05 1.41648e-05 -1
