# strategy jumping=0 robust=0 crit_chi=1000
# ray_trace -N xorder=8 zorder=8 clen=0.8 nintp=8 bend_tol=0.001
# smooth_vel -SV on=1 wmin=200 wmax=200 dw=201 -Ss=-1 log10(-XV)=0
# smooth_dep -SD on=0 wmin=0 wmax=0 dw=1 log10(-XD)=0
# damping: MODE=auto  using=-T/-TV/-TD  fixed_-D=OFF  -TV_percent=5 -TV_frac=0.05  -TD_percent=0 -TD_frac=0
# filter_-s: OFF  (ON=2D filter after each iter; OFF=no -s)
# water: invert_only=0 crust_only=1 seafloor=Y
# psx: invert_vs=1 joint_vpvs=0 freeze_lid=0
# ndata 83
# nnodes nnodev=6156 nvel=6156 nnoded(refl)=0 freeze_-u=OFF refl_weight=1
# LSQR atol=0.001 itermax=615600 cap=8000  (TOMO2D_INV_LSQR_MAXITER)
# lsqr_precond: OFF maxD=10  (ON=TOMO2D_INV_LSQR_PRECOND!=0; default OFF; Legacy forces OFF; maxD=kappa vs col-norm median, empty D=0, miniter=20)
# sens_weight: OFF kappa=10 eps=0.05  (ON=TOMO2D_INV_SENS_WEIGHT!=0; default OFF; T*=w, R couple 2/(wi+wj); median per Vp/Vs-lid/Vs-below/Moho)
# linesearch: OFF c=0.0001 rho=0.5 amin=0.03125  (ON=TOMO2D_INV_LINESEARCH!=0; default OFF; Armijo on true chi2 after re-trace)
# lm: OFF lambda=1 up=4 down=0.5 lmax=256 rho_acc=0.1 rho_good=0.5  (ON=TOMO2D_INV_LM!=0; default OFF; trust-region: scale T and re-LSQR on true chi2)
# accel: reuse=OFF thresh=0 c2f=OFF legacy=OFF
1 1 0 0.282385 797.415 0 0 0 0 0 0 2.29999e-06 39.6914 200 0 98.9803 0 4 410 0 302.5 0.0482093 0 0.00490172 0.000810687 -1
2 1 0 0.167277 279.816 0 0 0 0 0 0 2.70002e-06 44.0729 200 0 64.1551 0 6 522 0 58.3677 0.0444747 0 0.0029071 0.000414806 -1
3 1 0 0.0718494 51.6234 0 0 0 0 0 0 3.59997e-06 35.4647 200 0 26.8865 0 4 427 0 2.16813 0.0388333 0 0.000684655 9.47316e-05 -1
4 1 0 0.0122328 1.49642 0 0 0 0 0 0 2.79999e-06 31.2065 200 0 0 0 1 59 0 0.48362 0.00764472 0 4.26537e-05 9.11489e-06 -1
5 1 0 0.00694341 0.482109 0 0 0 0 0 0 2.00002e-06 29.7541 200 0 0 0 1 28 0 0.479412 0.000305782 0 7.77287e-06 2.0151e-06 -1
6 1 0 0.0069241 0.479432 0 0 0 0 0 0 2.90002e-06 30.9124 200 0 0 0 1 4 0 0.479392 6.44444e-06 0 2.30679e-06 7.98743e-07 -1
7 1 0 0.00692363 0.479367 0 0 0 0 0 0 1.70001e-06 31.7219 200 0 0 0 1 2 0 0.479346 2.94764e-06 0 1.65515e-06 7.1111e-07 -1
8 1 0 0.00694189 0.481898 0 0 0 0 0 0 2.90002e-06 33.0528 200 0 0 0 1 3 0 0.481874 3.92328e-06 0 1.82618e-06 6.13887e-07 -1
