# strategy jumping=0 robust=0 crit_chi=1000
# ray_trace -N xorder=8 zorder=8 clen=0.8 nintp=8 bend_tol=0.001
# smooth_vel -SV on=1 wmin=200 wmax=200 dw=201 -Ss=-1 log10(-XV)=0
# smooth_dep -SD on=1 wmin=20 wmax=20 dw=21 log10(-XD)=0
# damping: MODE=fixed  using=-D/-DV/-DD  auto_-T=OFF  -DV=30 -DD=200
# filter_-s: OFF  (ON=2D filter after each iter; OFF=no -s)
# water: invert_only=0 crust_only=1 seafloor=Y
# psx: invert_vs=1 joint_vpvs=0 freeze_lid=1
# ndata 166
# nnodes nnodev=6156 nvel=6156 nnoded(refl)=76 freeze_-u=OFF refl_weight=1
# LSQR atol=0.001 itermax=615600 cap=8000  (TOMO2D_INV_LSQR_MAXITER)
# lsqr_precond: OFF maxD=10  (ON=TOMO2D_INV_LSQR_PRECOND!=0; default OFF; Legacy forces OFF; maxD=kappa vs col-norm median, empty D=0, miniter=20)
# sens_weight: ON kappa=10 eps=0.05  (ON=TOMO2D_INV_SENS_WEIGHT!=0; default OFF; T*=w, R couple 2/(wi+wj); median per Vp/Vs-lid/Vs-below/Moho)
# linesearch: OFF c=0.0001 rho=0.5 amin=0.03125  (ON=TOMO2D_INV_LINESEARCH!=0; default OFF; Armijo on true chi2 after re-trace)
# lm: OFF lambda=1 up=4 down=0.5 lmax=256 rho_acc=0.1 rho_good=0.5  (ON=TOMO2D_INV_LM!=0; default OFF; trust-region: scale T and re-LSQR on true chi2)
# accel: reuse=OFF thresh=0 c2f=OFF legacy=OFF
1 1 0 0.490305 2403.99 0 0 0 0 0 0 3.90003e-06 110.021 200 20 30 200 1 82 0 26.5788 0.0308339 0.0200776 0.00197745 0.00395683 0.075972
2 1 0 0.225917 510.385 0 0 0 0 0 0 3.79997e-06 132.553 200 20 30 200 1 49 0 155.132 0.0135772 0.00459594 0.00199875 0.00336254 0.0378175
3 1 0 0.153803 236.555 0 0 0 0 0 0 2.30002e-06 97.9316 200 20 30 200 1 46 0 211.225 0.00457477 0.00496034 0.00106037 0.00145245 0.0431701
4 1 0 0.157227 247.202 0 0 0 0 0 0 2.10002e-06 96.9983 200 20 30 200 1 53 0 211.316 0.00543449 0.00550347 0.00124999 0.00185843 0.0571188
5 1 0 0.146625 214.988 0 0 0 0 0 0 2.50002e-06 92.7744 200 20 30 200 1 51 0 198.988 0.00434877 0.00517135 0.00104124 0.00130164 0.0291077
6 1 0 0.149082 222.255 0 0 0 0 0 0 3.90003e-06 92.2186 200 20 30 200 1 44 0 207.011 0.00329069 0.00343479 0.00096786 0.00143696 0.029376
7 1 0 0.148962 221.897 0 0 0 0 0 0 3.2e-06 111.246 200 20 30 200 1 46 0 209.65 0.00332054 0.00207946 0.000894111 0.00124673 0.0220931
8 1 0 0.147761 218.334 0 0 0 0 0 0 3.80003e-06 126.168 200 20 30 200 1 40 0 209.714 0.00266083 0.00347058 0.000745073 0.00106157 0.0373127
