# strategy jumping=0 robust=0 crit_chi=1000
# ray_trace -N xorder=8 zorder=8 clen=0.8 nintp=8 bend_tol=0.001
# smooth_vel -SV on=1 wmin=200 wmax=200 dw=201 -Ss=-1 log10(-XV)=0
# smooth_dep -SD on=0 wmin=0 wmax=0 dw=1 log10(-XD)=0
# damping: MODE=auto  using=-T/-TV/-TD  fixed_-D=OFF  -TV_percent=5 -TV_frac=0.05  -TD_percent=0 -TD_frac=0
# filter_-s: OFF  (ON=2D filter after each iter; OFF=no -s)
# water: invert_only=0 crust_only=1 seafloor=Y
# psx: invert_vs=1 joint_vpvs=0 freeze_lid=1 zmax_below=0  (TOMO2D_INV_PSX_ZMAX, 0=off)
# ndata 150
# nnodes nnodev=5103 nvel=5103 nnoded(refl)=0 refl_weight=1
# LSQR atol=0.001 itermax=510300 cap=8000  (TOMO2D_INV_LSQR_MAXITER)
# lsqr_precond: OFF maxD=50  (ON=TOMO2D_INV_LSQR_PRECOND!=0; default OFF; Legacy forces OFF; maxD<=0=unbounded)
# accel: reuse=OFF thresh=0 c2f=OFF legacy=OFF
1 1 0 0.467128 2182.09 0 0 0 0 0 0 1.1e-06 22.6457 200 0 51.9772 0 4 274 0 77.8004 0.0386039 0 0.0020166 0.00295038 -1
2 1 0 0.10345 107.018 0 0 0 0 0 0 2.4e-06 22.9493 200 0 0 0 1 103 0 31.3255 0.0276752 0 0.000939581 0.00124664 -1
3 1 0 0.0518011 26.8336 0 0 0 0 0 0 1.2e-06 21.8398 200 0 0 0 1 39 0 22.4104 0.00412825 0 0.000455336 0.000652188 -1
4 1 0 0.0471264 22.209 0 0 0 0 0 0 1.5e-06 21.6902 200 0 0 0 1 15 0 20.8066 0.000673759 0 0.0003517 0.000571947 -1
5 1 0 0.0532139 28.3172 0 0 0 0 0 0 2.7e-06 21.1514 200 0 0 0 1 19 0 26.4091 0.000835977 0 0.000371495 0.000654236 -1
6 1 0 0.0520721 27.115 0 0 0 0 0 0 1.6e-06 21.8672 200 0 0 0 1 15 0 25.4645 0.000620202 0 0.0002727 0.000615172 -1
7 1 0 0.0513118 26.329 0 0 0 0 0 0 1.4e-06 20.6993 200 0 0 0 1 13 0 25.2902 0.000407026 0 0.000243604 0.000513815 -1
8 1 0 0.0520157 27.0564 0 0 0 0 0 0 1.8e-06 21.799 200 0 0 0 1 16 0 26.2771 0.000559916 0 0.000273746 0.000423262 -1
