# strategy jumping=0 robust=0 crit_chi=1000
# ray_trace -N xorder=8 zorder=8 clen=0.8 nintp=8 bend_tol=0.0001
# smooth_vel -SV on=1 wmin=50 wmax=50 dw=51 -Ss=200 log10(-XV)=0
# smooth_dep -SD on=0 wmin=0 wmax=0 dw=1 log10(-XD)=0
# damping: MODE=auto  using=-T/-TV/-TD  fixed_-D=OFF  -TV_percent=5 -TV_frac=0.05  -TD_percent=0 -TD_frac=0
# filter_-s: OFF  (ON=2D filter after each iter; OFF=no -s)
# water: invert_only=0 crust_only=1 seafloor=Y
# psx: invert_vs=1 joint_vpvs=1 freeze_lid=0
# ndata 310
# nnodes nnodev=5103 nvel=10206 nnoded(refl)=0 refl_weight=1
# LSQR atol=0.001
# lsqr_precond: OFF maxD=50  (ON=TOMO2D_INV_LSQR_PRECOND!=0; default OFF; Legacy forces OFF; maxD<=0=unbounded)
# accel: reuse=OFF thresh=0 c2f=OFF legacy=OFF
1 1 155 0.196591 386.482 155 0.196591 386.482 0 0 0 0.269787 15.1142 50 0 0 0 1 96 0 9.73515 0.0468155 0 0.00262083 0.00444355 -1
2 1 155 0.080534 64.8573 155 0.080534 64.8573 0 0 0 0.303982 15.4929 50 0 0 0 1 36 0 4.27964 0.00389701 0 0.000885914 0.0015541 -1
3 1 155 0.0216856 4.70266 155 0.0216856 4.70266 0 0 0 0.27497 16.4518 50 0 0 0 1 27 0 3.03892 0.00143184 0 0.000670433 0.00155894 -1
4 1 155 0.233233 543.977 0 0 0 0 0 0 0.322002 15.2723 50 0 0 0 1 78 0 44.0886 0.0244336 0 0.000774431 3.43963e-05 -1
5 1 155 0.0667134 44.5068 0 0 0 0 0 0 0.349434 15.6358 50 0 0 0 1 21 0 44.1324 0.000557954 0 0.0001168 1.1996e-05 -1
6 1 155 0.0664287 44.1277 0 0 0 0 0 0 0.293274 16.1955 50 0 0 0 1 9 0 44.0965 5.4869e-05 0 7.05019e-05 7.77747e-06 -1
7 1 155 0.066408 44.1002 0 0 0 0 0 0 0.274951 15.3222 50 0 0 0 1 6 0 44.0849 2.56248e-05 0 5.04789e-05 6.83429e-06 -1
8 1 155 0.0663941 44.0818 0 0 0 0 0 0 0.289387 15.1773 50 0 0 0 1 5 0 44.0721 1.83264e-05 0 4.01517e-05 6.32454e-06 -1
