# strategy jumping=0 robust=0 crit_chi=1000
# ray_trace -N xorder=8 zorder=8 clen=0.8 nintp=8 bend_tol=0.0001
# smooth_vel -SV on=1 wmin=50 wmax=50 dw=51 -Ss=200 log10(-XV)=0
# smooth_dep -SD on=0 wmin=0 wmax=0 dw=1 log10(-XD)=0
# damping: MODE=auto  using=-T/-TV/-TD  fixed_-D=OFF  -TV_percent=5 -TV_frac=0.05  -TD_percent=0 -TD_frac=0
# filter_-s: OFF  (ON=2D filter after each iter; OFF=no -s)
# water: invert_only=0 crust_only=1 seafloor=Y
# psx: invert_vs=1 joint_vpvs=1 freeze_lid=1
# ndata 310
# nnodes nnodev=5103 nvel=10206 nnoded(refl)=0 refl_weight=1
# LSQR atol=0.001
# lsqr_precond: OFF maxD=50  (ON=TOMO2D_INV_LSQR_PRECOND!=0; default OFF; Legacy forces OFF; maxD<=0=unbounded)
# accel: reuse=OFF thresh=0 c2f=OFF legacy=OFF
1 1 155 0.196591 386.482 155 0.196591 386.482 0 0 0 0.254981 21.367 50 0 0 0 1 96 0 9.73515 0.0468155 0 0.00262083 0.00444355 -1
2 1 155 0.080534 64.8573 155 0.080534 64.8573 0 0 0 0.271119 27.4866 50 0 0 0 1 36 0 4.27964 0.00389701 0 0.000885914 0.0015541 -1
3 1 155 0.0216856 4.70266 155 0.0216856 4.70266 0 0 0 0.315959 29.1052 50 0 0 0 1 27 0 3.03892 0.00143184 0 0.000670433 0.00155894 -1
4 1 155 0.756016 5715.6 0 0 0 0 0 0 0.26405 37.7988 50 0 46.9332 0 4 359 0 192.556 0.0361169 0 0.00215581 0.00383965 -1
5 1 155 0.128221 164.407 0 0 0 0 0 0 0.298728 46.7558 50 0 0 0 1 62 0 94.6977 0.0100259 0 0.000665729 0.00133872 -1
6 1 155 0.100479 100.961 0 0 0 0 0 0 0.263006 42.1574 50 0 0 0 1 42 0 86.0529 0.00300762 0 0.000613943 0.00054401 -1
7 1 155 0.0951955 90.6218 0 0 0 0 0 0 0.282243 44.4052 50 0 0 0 1 39 0 87.6776 0.00220997 0 0.000506194 0.000453803 -1
8 1 155 0.0935637 87.5417 0 0 0 0 0 0 0.270386 44.8103 50 0 0 0 1 23 0 85.8664 0.00091762 0 0.000362491 0.00035334 -1
