# strategy jumping=0 robust=0 crit_chi=1000
# ray_trace -N xorder=8 zorder=8 clen=0.8 nintp=8 bend_tol=0.0001
# smooth_vel -SV on=1 wmin=200 wmax=200 dw=201 -Ss=-1 log10(-XV)=0
# smooth_dep -SD on=0 wmin=0 wmax=0 dw=1 log10(-XD)=0
# damping: MODE=auto  using=-T/-TV/-TD  fixed_-D=OFF  -TV_percent=5 -TV_frac=0.05  -TD_percent=0 -TD_frac=0
# filter_-s: OFF  (ON=2D filter after each iter; OFF=no -s)
# water: invert_only=0 crust_only=1 seafloor=Y
# psx: invert_vs=1 joint_vpvs=0 freeze_lid=0 zmax_below=0  (TOMO2D_INV_PSX_ZMAX, 0=off)
# ndata 155
# nnodes nnodev=5103 nvel=5103 nnoded(refl)=0 refl_weight=1
# LSQR atol=0.001 itermax=510300 cap=8000  (TOMO2D_INV_LSQR_MAXITER)
# lsqr_precond: OFF maxD=50  (ON=TOMO2D_INV_LSQR_PRECOND!=0; default OFF; Legacy forces OFF; maxD<=0=unbounded)
# accel: reuse=OFF thresh=0 c2f=OFF legacy=OFF
1 1 0 0.329237 1083.97 0 0 0 0 0 0 1.8e-06 17.6522 200 0 79.4326 0 4 287 0 276.213 0.0377999 0 0.00473359 0.00104499 -1
2 1 0 0.156688 245.51 0 0 0 0 0 0 3.50001e-06 18.387 200 0 17.3535 0 5 395 0 7.53885 0.0364343 0 0.00163892 0.000200194 -1
3 1 0 0.0271127 7.35096 0 0 0 0 0 0 3.10001e-06 17.2986 200 0 0 0 1 56 0 5.55247 0.00276731 0 0.000630588 8.44427e-05 -1
4 1 0 0.0233896 5.47074 0 0 0 0 0 0 3.00002e-06 18.0404 200 0 0 0 1 44 0 5.10337 0.00117222 0 0.000306679 4.58732e-05 -1
5 1 0 0.0225882 5.10225 0 0 0 0 0 0 2.49999e-06 18.0594 200 0 0 0 1 41 0 5.00266 0.000606484 0 0.000159846 2.82018e-05 -1
6 1 0 0.0224102 5.02219 0 0 0 0 0 0 2.50002e-06 18.4367 200 0 0 0 1 15 0 5.00228 0.00012687 0 7.38306e-05 1.51217e-05 -1
7 1 0 0.022359 4.99923 0 0 0 0 0 0 2.49999e-06 17.859 200 0 0 0 1 13 0 4.99189 7.00232e-05 0 4.57327e-05 1.09674e-05 -1
8 1 0 0.0223427 4.99198 0 0 0 0 0 0 1.6e-06 18.4049 200 0 0 0 1 8 0 4.98923 3.06785e-05 0 2.84802e-05 8.77184e-06 -1
