# strategy jumping=0 robust=0 crit_chi=1000
# ray_trace -N xorder=8 zorder=8 clen=0.8 nintp=8 bend_tol=0.001
# smooth_vel -SV on=1 wmin=200 wmax=200 dw=201 -Ss=-1 log10(-XV)=0
# smooth_dep -SD on=0 wmin=0 wmax=0 dw=1 log10(-XD)=0
# damping: MODE=auto  using=-T/-TV/-TD  fixed_-D=OFF  -TV_percent=5 -TV_frac=0.05  -TD_percent=0 -TD_frac=0
# filter_-s: OFF  (ON=2D filter after each iter; OFF=no -s)
# water: invert_only=0 crust_only=1 seafloor=Y
# psx: invert_vs=0 joint_vpvs=0 freeze_lid=0 zmax_below=0  (TOMO2D_INV_PSX_ZMAX, 0=off)
# ndata 465
# nnodes nnodev=5103 nvel=5103 nnoded(refl)=0 refl_weight=1
# LSQR atol=0.001 itermax=510300 cap=8000  (TOMO2D_INV_LSQR_MAXITER)
# lsqr_precond: OFF maxD=50  (ON=TOMO2D_INV_LSQR_PRECOND!=0; default OFF; Legacy forces OFF; maxD<=0=unbounded)
# accel: reuse=OFF thresh=0 c2f=OFF legacy=OFF
1 1 310 0.107878 116.378 155 0.107878 116.378 0 0 0 0.387752 2.5314 200 0 2.66652 0 5 619 0 17.7832 0.0509625 0 0.00114588 0.00238183 -1
2 1 310 0.0543773 29.5689 155 0.0543773 29.5689 0 0 0 0.356077 2.87898 200 0 0 0 1 87 0 11.6406 0.0067117 0 0.00070595 0.000973249 -1
3 1 310 0.0345585 11.9429 155 0.0345585 11.9429 0 0 0 0.342144 2.7552 200 0 0 0 1 45 0 9.71405 0.00201984 0 0.000433329 0.000726486 -1
4 1 310 0.0312467 9.76355 155 0.0312467 9.76355 0 0 0 0.354709 2.79026 200 0 0 0 1 43 0 8.3263 0.00160664 0 0.000338178 0.000608918 -1
5 1 310 0.0291765 8.51266 155 0.0291765 8.51266 0 0 0 0.35993 2.77329 200 0 0 0 1 40 0 7.48298 0.00121904 0 0.000275603 0.000530334 -1
6 1 310 0.027329 7.46876 155 0.027329 7.46876 0 0 0 0.394827 3.14451 200 0 0 0 1 39 0 6.73427 0.000951592 0 0.000221534 0.000459955 -1
7 1 310 0.0259966 6.75823 155 0.0259966 6.75823 0 0 0 0.391396 2.83003 200 0 0 0 1 36 0 6.16395 0.000750091 0 0.000193426 0.000418975 -1
8 1 310 0.0253131 6.40754 155 0.0253131 6.40754 0 0 0 0.330078 2.66931 200 0 0 0 1 35 0 5.91951 0.000642093 0 0.00016836 0.000385105 -1
9 1 155 0.231001 533.616 0 0 0 0 0 0 3.5e-06 39.1972 200 0 0 0 1 37 0 470.11 0.00910432 0 0.00349765 0.00455534 -1
10 1 155 0.224098 502.198 0 0 0 0 0 0 3.1e-06 37.8519 200 0 0 0 1 25 0 474.365 0.00424177 0 0.00243444 0.00356286 -1
11 1 155 0.209653 439.545 0 0 0 0 0 0 4.4e-06 37.9908 200 0 0 0 1 26 0 421.172 0.00374133 0 0.00208019 0.00289959 -1
12 1 155 0.215183 463.037 0 0 0 0 0 0 5.3e-06 37.6301 200 0 0 0 1 26 0 446.551 0.0036926 0 0.00195209 0.00277434 -1
13 1 155 0.204945 420.024 0 0 0 0 0 0 3.1e-06 37.8228 200 0 0 0 1 19 0 409.49 0.00207212 0 0.00155611 0.00227653 -1
14 1 155 0.206197 425.17 0 0 0 0 0 0 3.6e-06 37.6732 200 0 0 0 1 20 0 414.408 0.00228878 0 0.0015289 0.00229857 -1
15 1 155 0.206957 428.312 0 0 0 0 0 0 3.7e-06 38.37 200 0 0 0 1 21 0 416.582 0.00275526 0 0.0016872 0.00224856 -1
16 1 155 0.201639 406.582 0 0 0 0 0 0 3.2e-06 39.1366 200 0 0 0 1 16 0 400.501 0.00158321 0 0.0012867 0.00158198 -1
