# strategy jumping=0 robust=0 crit_chi=1000
# ray_trace -N xorder=8 zorder=8 clen=0.8 nintp=8 bend_tol=0.001
# smooth_vel -SV on=1 wmin=200 wmax=200 dw=201 -Ss=-1 log10(-XV)=0
# smooth_dep -SD on=0 wmin=0 wmax=0 dw=1 log10(-XD)=0
# damping: MODE=auto  using=-T/-TV/-TD  fixed_-D=OFF  -TV_percent=5 -TV_frac=0.05  -TD_percent=0 -TD_frac=0
# filter_-s: OFF  (ON=2D filter after each iter; OFF=no -s)
# water: invert_only=0 crust_only=1 seafloor=Y
# psx: invert_vs=1 joint_vpvs=0 freeze_lid=0 zmax_below=0  (TOMO2D_INV_PSX_ZMAX, 0=off)
# ndata 620
# nnodes nnodev=5103 nvel=5103 nnoded(refl)=0 refl_weight=1
# LSQR atol=0.001 itermax=510300 cap=8000  (TOMO2D_INV_LSQR_MAXITER)
# lsqr_precond: OFF maxD=50  (ON=TOMO2D_INV_LSQR_PRECOND!=0; default OFF; Legacy forces OFF; maxD<=0=unbounded)
# accel: reuse=OFF thresh=0 c2f=OFF legacy=OFF
1 1 155 0.60404 3300.85 0 0 0 0 0 0 2.04403 58.7187 200 0 130.35 0 4 234 0 652.018 0.0566333 0 0.011194 0.00714193 -1
2 1 155 0.324071 844.026 0 0 0 0 0 0 1.83627 61.8989 200 0 0 0 1 56 0 521.691 0.0461305 0 0.00417108 0.00474925 -1
3 1 155 0.237886 446.435 0 0 0 0 0 0 1.84667 60.6497 200 0 0 0 1 47 0 425.129 0.012276 0 0.00254214 0.00318166 -1
4 1 155 0.230107 411.52 0 0 0 0 0 0 1.92918 60.3764 200 0 0 0 1 22 0 403.586 0.00334351 0 0.00141819 0.00234244 -1
5 1 155 0.210008 323.309 0 0 0 0 0 0 1.94409 58.4343 200 0 0 0 1 21 0 316.917 0.00233179 0 0.00148205 0.00196486 -1
6 1 155 0.210214 322.449 0 0 0 0 0 0 1.88669 58.0007 200 0 0 0 1 17 0 318.144 0.00192743 0 0.0011467 0.00170845 -1
7 1 155 0.17929 203.308 0 0 0 0 0 0 1.91537 59.8298 200 0 0 0 1 24 0 191.878 0.00440208 0 0.00217198 0.00213993 -1
8 1 155 0.201635 287.43 0 0 0 0 0 0 1.79972 60.6187 200 0 0 0 1 18 0 282.962 0.00223649 0 0.000960383 0.00160266 -1
