# strategy jumping=0 robust=0 crit_chi=1000
# ray_trace -N xorder=8 zorder=8 clen=0.8 nintp=8 bend_tol=0.0001
# smooth_vel -SV on=1 wmin=200 wmax=200 dw=201 -Ss=-1 log10(-XV)=0
# smooth_dep -SD on=0 wmin=0 wmax=0 dw=1 log10(-XD)=0
# damping: MODE=fixed  using=-D/-DV/-DD  auto_-T=OFF  -DV=1 -DD=0
# damping: -DQ=ON wdv=1
# filter_-s: OFF  (ON=2D filter after each iter; OFF=no -s)
# water: invert_only=0 crust_only=1 seafloor=Y
# psx: invert_vs=1 joint_vpvs=0 freeze_lid=1 zmax_below=0  (TOMO2D_INV_PSX_ZMAX, 0=off)
# ndata 155
# nnodes nnodev=5103 nvel=5103 nnoded(refl)=0 refl_weight=1
# LSQR atol=0.001 itermax=510300 cap=8000  (TOMO2D_INV_LSQR_MAXITER)
# lsqr_precond: OFF maxD=50  (ON=TOMO2D_INV_LSQR_PRECOND!=0; default OFF; Legacy forces OFF; maxD<=0=unbounded)
# accel: reuse=OFF thresh=0 c2f=OFF legacy=OFF
1 1 0 0.427992 1831.77 0 0 0 0 0 0 5.10001e-06 36.1389 200 0 1 0 1 43 0 23.1842 0.0411335 0 0.00158006 0.00246245 -1
2 1 0 0.0485306 23.5522 0 0 0 0 0 0 3.80003e-06 36.0871 200 0 1 0 1 39 0 8.54279 0.00702363 0 0.000524251 0.000680256 -1
3 1 0 0.0232195 5.39146 0 0 0 0 0 0 1.90001e-06 34.511 200 0 1 0 1 34 0 3.60201 0.00261288 0 0.000264555 0.000361329 -1
4 1 0 0.0161998 2.62433 0 0 0 0 0 0 3.50003e-06 33.5598 200 0 1 0 1 32 0 1.99892 0.00137447 0 0.00020246 0.000283455 -1
5 1 0 0.0272531 7.42729 0 0 0 0 0 0 2.30002e-06 33.1369 200 0 1 0 1 26 0 6.53506 0.00108879 0 0.000267124 0.000419684 -1
6 1 0 0.0226172 5.11538 0 0 0 0 0 0 1.80001e-06 34.1052 200 0 1 0 1 23 0 4.86995 0.000488681 0 0.000129765 0.000243397 -1
7 1 0 0.0138029 1.90519 0 0 0 0 0 0 2.20002e-06 34.0526 200 0 1 0 1 23 0 1.77774 0.000356429 0 9.25156e-05 0.000183068 -1
8 1 0 0.0227164 5.16035 0 0 0 0 0 0 2.49999e-06 33.2995 200 0 1 0 1 18 0 4.89499 0.000310563 0 0.000167065 0.000250268 -1
