# strategy jumping=0 robust=0 crit_chi=1000
# ray_trace -N xorder=8 zorder=8 clen=0.8 nintp=8 bend_tol=0.0001
# smooth_vel -SV on=1 wmin=200 wmax=200 dw=201 -Ss=-1 log10(-XV)=0
# smooth_dep -SD on=0 wmin=0 wmax=0 dw=1 log10(-XD)=0
# damping: MODE=auto  using=-T/-TV/-TD  fixed_-D=OFF  -TV_percent=5 -TV_frac=0.05  -TD_percent=0 -TD_frac=0
# filter_-s: OFF  (ON=2D filter after each iter; OFF=no -s)
# water: invert_only=0 crust_only=1 seafloor=Y
# psx: invert_vs=1 joint_vpvs=0 freeze_lid=0 zmax_below=0  (TOMO2D_INV_PSX_ZMAX, 0=off)
# ndata 465
# nnodes nnodev=5103 nvel=5103 nnoded(refl)=0 refl_weight=1
# LSQR atol=0.001 itermax=510300 cap=8000  (TOMO2D_INV_LSQR_MAXITER)
# lsqr_precond: OFF maxD=50  (ON=TOMO2D_INV_LSQR_PRECOND!=0; default OFF; Legacy forces OFF; maxD<=0=unbounded)
# accel: reuse=OFF thresh=0 c2f=OFF legacy=OFF
1 1 0 0.178862 319.917 0 0 0 0 0 0 3.30003e-06 85.5305 200 0 0 0 1 30 0 282.28 0.00760395 0 0.00289607 0.00439427 -1
2 1 0 0.189435 358.858 0 0 0 0 0 0 2.89998e-06 83.9172 200 0 0 0 1 29 0 338.938 0.00505798 0 0.00237657 0.00367453 -1
3 1 0 0.162502 264.068 0 0 0 0 0 0 2.70001e-06 81.4455 200 0 0 0 1 17 0 257.946 0.00175915 0 0.00137881 0.00213999 -1
4 1 0 0.172096 296.169 0 0 0 0 0 0 3.79999e-06 80.7981 200 0 0 0 1 20 0 287.784 0.00249128 0 0.00168542 0.00240765 -1
5 1 0 0.164438 270.397 0 0 0 0 0 0 1.7e-06 82.9081 200 0 0 0 1 14 0 265.957 0.00127744 0 0.0012575 0.00174601 -1
6 1 0 0.163244 266.486 0 0 0 0 0 0 2.2e-06 81.0742 200 0 0 0 1 15 0 261.986 0.00141139 0 0.00121047 0.00184938 -1
7 1 0 0.16272 264.776 0 0 0 0 0 0 2.59999e-06 82.1991 200 0 0 0 1 17 0 261.343 0.00156139 0 0.00105468 0.00148632 -1
8 1 0 0.169433 287.075 0 0 0 0 0 0 1.70001e-06 80.7241 200 0 0 0 1 22 0 277.675 0.00308633 0 0.00168856 0.00240644 -1
