# strategy jumping=0 robust=0 crit_chi=1000
# ray_trace -N xorder=8 zorder=8 clen=0.8 nintp=8 bend_tol=0.0001
# smooth_vel -SV on=1 wmin=200 wmax=200 dw=201 -Ss=-1 log10(-XV)=0
# smooth_dep -SD on=0 wmin=0 wmax=0 dw=1 log10(-XD)=0
# damping: MODE=auto  using=-T/-TV/-TD  fixed_-D=OFF  -TV_percent=5 -TV_frac=0.05  -TD_percent=0 -TD_frac=0
# filter_-s: OFF  (ON=2D filter after each iter; OFF=no -s)
# water: invert_only=0 crust_only=1 seafloor=Y
# psx: invert_vs=1 joint_vpvs=0 freeze_lid=0 zmax_below=0  (TOMO2D_INV_PSX_ZMAX, 0=off)
# ndata 155
# nnodes nnodev=5103 nvel=5103 nnoded(refl)=0 refl_weight=1
# LSQR atol=0.001 itermax=510300 cap=8000  (TOMO2D_INV_LSQR_MAXITER)
# lsqr_precond: OFF maxD=50  (ON=TOMO2D_INV_LSQR_PRECOND!=0; default OFF; Legacy forces OFF; maxD<=0=unbounded)
# accel: reuse=OFF thresh=0 c2f=OFF legacy=OFF
1 1 0 0.88064 7755.28 0 0 0 0 0 0 2.2e-06 29.7134 200 0 107.868 0 4 282 0 1410 0.054096 0 0.00679338 0.00743656 -1
2 1 0 0.419043 1755.97 0 0 0 0 0 0 2.5e-06 34.6584 200 0 0 0 1 69 0 1146.35 0.0493747 0 0.00372564 0.00497164 -1
3 1 0 0.305369 932.501 0 0 0 0 0 0 3.00001e-06 31.9515 200 0 0 0 1 48 0 861.597 0.0129305 0 0.00241746 0.0031752 -1
4 1 0 0.286359 820.017 0 0 0 0 0 0 4.60001e-06 31.7745 200 0 0 0 1 48 0 787.723 0.0119799 0 0.00164157 0.00221733 -1
5 1 0 0.290402 843.336 0 0 0 0 0 0 3.60001e-06 31.6198 200 0 0 0 1 23 0 816.909 0.00313868 0 0.00165622 0.00248197 -1
6 1 0 0.287174 824.687 0 0 0 0 0 0 2.2e-06 30.8295 200 0 0 0 1 24 0 803.231 0.00283485 0 0.00150156 0.00234998 -1
7 1 0 0.307964 948.419 0 0 0 0 0 0 2.29999e-06 32.3714 200 0 0 0 1 34 0 910.546 0.00753159 0 0.0022848 0.00243063 -1
8 1 0 0.335438 1125.19 0 0 0 0 0 0 2.00002e-06 29.5509 200 0 0 0 1 29 0 1081.21 0.00540556 0 0.00242861 0.00283692 -1
