# strategy jumping=0 robust=0 crit_chi=1000
# ray_trace -N xorder=8 zorder=8 clen=0.8 nintp=8 bend_tol=0.0001
# smooth_vel -SV on=1 wmin=200 wmax=200 dw=201 -Ss=-1 log10(-XV)=0
# smooth_dep -SD on=0 wmin=0 wmax=0 dw=1 log10(-XD)=0
# damping: MODE=fixed  using=-D/-DV/-DD  auto_-T=OFF  -DV=1 -DD=0
# damping: -DQ=ON wdv=1
# filter_-s: OFF  (ON=2D filter after each iter; OFF=no -s)
# water: invert_only=0 crust_only=1 seafloor=Y
# psx: invert_vs=1 joint_vpvs=0 freeze_lid=1 zmax_below=0  (TOMO2D_INV_PSX_ZMAX, 0=off)
# ndata 155
# nnodes nnodev=5103 nvel=5103 nnoded(refl)=0 refl_weight=1
# LSQR atol=0.001 itermax=510300 cap=8000  (TOMO2D_INV_LSQR_MAXITER)
# lsqr_precond: OFF maxD=50  (ON=TOMO2D_INV_LSQR_PRECOND!=0; default OFF; Legacy forces OFF; maxD<=0=unbounded)
# accel: reuse=OFF thresh=0 c2f=OFF legacy=OFF
1 1 0 0.464103 2153.92 0 0 0 0 0 0 3.19997e-06 36.4848 200 0 1 0 1 42 0 57.6994 0.0442795 0 0.0017551 0.00251785 -1
2 1 0 0.0705256 49.7387 0 0 0 0 0 0 1.89999e-06 40.2124 200 0 1 0 1 35 0 28.7038 0.00789259 0 0.000713924 0.000866003 -1
3 1 0 0.0575073 33.0709 0 0 0 0 0 0 1.80001e-06 36.7932 200 0 1 0 1 23 0 30.0953 0.00221916 0 0.000410521 0.000653554 -1
4 1 0 0.0546981 29.9188 0 0 0 0 0 0 1.79996e-06 35.1703 200 0 1 0 1 19 0 28.5052 0.000857198 0 0.000360494 0.000572107 -1
5 1 0 0.0560974 31.4691 0 0 0 0 0 0 1.50001e-06 33.757 200 0 1 0 1 13 0 29.8132 0.00060633 0 0.000373216 0.000621186 -1
6 1 0 0.0552288 30.5022 0 0 0 0 0 0 1.60001e-06 34.0363 200 0 1 0 1 17 0 28.926 0.000739263 0 0.000285672 0.000602016 -1
7 1 0 0.0544448 29.6424 0 0 0 0 0 0 2.19996e-06 32.8953 200 0 1 0 1 15 0 28.8509 0.000537456 0 0.000249796 0.000452383 -1
8 1 0 0.0593353 35.2068 0 0 0 0 0 0 2.90002e-06 33.4205 200 0 1 0 1 16 0 34.0327 0.000616661 0 0.000232898 0.000508867 -1
