# strategy jumping=0 robust=0 crit_chi=1000
# ray_trace -N xorder=8 zorder=8 clen=0.8 nintp=8 bend_tol=0.0001
# smooth_vel -SV on=1 wmin=200 wmax=200 dw=201 -Ss=-1 log10(-XV)=0
# smooth_dep -SD on=0 wmin=0 wmax=0 dw=1 log10(-XD)=0
# damping: MODE=auto  using=-T/-TV/-TD  fixed_-D=OFF  -TV_percent=5 -TV_frac=0.05  -TD_percent=0 -TD_frac=0
# filter_-s: OFF  (ON=2D filter after each iter; OFF=no -s)
# water: invert_only=0 crust_only=1 seafloor=Y
# psx: invert_vs=0 joint_vpvs=0 freeze_lid=0 zmax_below=0  (TOMO2D_INV_PSX_ZMAX, 0=off)
# ndata 155
# nnodes nnodev=5103 nvel=5103 nnoded(refl)=0 refl_weight=1
# LSQR atol=0.001 itermax=510300 cap=8000  (TOMO2D_INV_LSQR_MAXITER)
# lsqr_precond: OFF maxD=50  (ON=TOMO2D_INV_LSQR_PRECOND!=0; default OFF; Legacy forces OFF; maxD<=0=unbounded)
# accel: reuse=OFF thresh=0 c2f=OFF legacy=OFF
1 1 0 0.0296375 8.78381 155 0.0296375 8.78381 0 0 0 0.317555 4.76863 200 0 0 0 1 29 0 7.83029 0.00153717 0 0.000275776 0.000189204 -1
2 1 0 0.0280491 7.86753 155 0.0280491 7.86753 0 0 0 0.327009 4.92461 200 0 0 0 1 15 0 7.66505 0.000274319 0 0.000188082 0.000190226 -1
3 1 0 0.0276588 7.65007 155 0.0276588 7.65007 0 0 0 0.333823 4.95505 200 0 0 0 1 14 0 7.48607 0.000198206 0 0.000159503 0.000185816 -1
4 1 0 0.0273279 7.46814 155 0.0273279 7.46814 0 0 0 0.302273 4.78002 200 0 0 0 1 15 0 7.32392 0.000181967 0 0.000145036 0.000179439 -1
5 1 0 0.0270893 7.33832 155 0.0270893 7.33832 0 0 0 0.32573 5.08379 200 0 0 0 1 22 0 7.2006 0.000289839 0 0.000138279 0.000178479 -1
6 1 0 0.0267718 7.1673 155 0.0267718 7.1673 0 0 0 0.309019 4.8277 200 0 0 0 1 15 0 7.04461 0.000142562 0 0.000123409 0.000174856 -1
7 1 0 0.0265397 7.04356 155 0.0265397 7.04356 0 0 0 0.368026 5.12614 200 0 0 0 1 15 0 6.92878 0.000136924 0 0.00011777 0.000170375 -1
8 1 0 0.0262824 6.90767 155 0.0262824 6.90767 0 0 0 0.319101 4.95569 200 0 0 0 1 15 0 6.79948 0.000133613 0 0.000112083 0.000167284 -1
