# strategy jumping=0 robust=0 crit_chi=1000
# ray_trace -N xorder=8 zorder=8 clen=0.8 nintp=8 bend_tol=0.001
# smooth_vel -SV on=1 wmin=200 wmax=200 dw=201 -Ss=-1 log10(-XV)=0
# smooth_dep -SD on=0 wmin=0 wmax=0 dw=1 log10(-XD)=0
# damping: MODE=auto  using=-T/-TV/-TD  fixed_-D=OFF  -TV_percent=5 -TV_frac=0.05  -TD_percent=0 -TD_frac=0
# filter_-s: OFF  (ON=2D filter after each iter; OFF=no -s)
# water: invert_only=0 crust_only=1 seafloor=Y
# psx: invert_vs=1 joint_vpvs=0 freeze_lid=0
# ndata 83
# nnodes nnodev=6156 nvel=6156 nnoded(refl)=0 freeze_-u=OFF refl_weight=1
# LSQR atol=0.001 itermax=615600 cap=8000  (TOMO2D_INV_LSQR_MAXITER)
# lsqr_precond: OFF maxD=10  (ON=TOMO2D_INV_LSQR_PRECOND!=0; default OFF; Legacy forces OFF; maxD=kappa vs col-norm median, empty D=0, miniter=20)
# sens_weight: OFF kappa=10 eps=0.05  (ON=TOMO2D_INV_SENS_WEIGHT!=0; default OFF; T*=w, R couple 2/(wi+wj); median per Vp/Vs-lid/Vs-below/Moho)
# linesearch: ON c=0.0001 rho=0.5 amin=0.03125  (ON=TOMO2D_INV_LINESEARCH!=0; default OFF; Armijo on true chi2 after re-trace)
# accel: reuse=OFF thresh=0 c2f=OFF legacy=OFF
1 1 0 0.13789 190.137 0 0 0 0 0 0 2.90002e-06 29.7703 200 0 55.4717 0 6 535 0 27.391 0.0444967 0 0.00210505 0.00031563 -1
# linesearch: alpha=1 ntry=1 chi2_0=190.137 chi2=23.1216
2 1 0 0.048085 23.1216 0 0 0 0 0 0 2.29999e-06 34.2686 200 0 0 0 1 168 0 0.279359 0.0392055 0 0.000114139 1.7734e-05 -1
# linesearch: alpha=1 ntry=1 chi2_0=23.1216 chi2=0.323031
3 1 0 0.00568358 0.323031 0 0 0 0 0 0 1.9e-06 32.8375 200 0 0 0 1 48 0 0.261153 0.0016817 0 1.59049e-05 3.2909e-06 -1
# linesearch: alpha=1 ntry=1 chi2_0=0.323031 chi2=0.247479
4 1 0 0.00497473 0.247479 0 0 0 0 0 0 3.59998e-06 33.1163 200 0 0 0 1 16 0 0.247105 6.9739e-05 0 4.66986e-06 1.15974e-06 -1
# linesearch: alpha=1 ntry=1 chi2_0=0.247479 chi2=0.247132
5 1 0 0.00497124 0.247132 0 0 0 0 0 0 2.69999e-06 32.8545 200 0 0 0 1 3 0 0.247124 2.47378e-06 0 1.02645e-06 4.0759e-07 -1
# linesearch: alpha=1 ntry=1 chi2_0=0.247132 chi2=0.247123
6 1 0 0.00497115 0.247123 0 0 0 0 0 0 2.3e-06 33.107 200 0 0 0 1 2 0 0.247119 1.56823e-06 0 7.51542e-07 4.03329e-07 -1
# linesearch: alpha=1 ntry=1 chi2_0=0.247123 chi2=0.247108
7 1 0 0.004971 0.247108 0 0 0 0 0 0 3.79999e-06 34.4439 200 0 0 0 1 2 0 0.247105 1.3794e-06 0 6.54677e-07 3.90902e-07 -1
# linesearch: alpha=1 ntry=1 chi2_0=0.247108 chi2=0.247105
8 1 0 0.00497096 0.247105 0 0 0 0 0 0 3.20001e-06 32.4439 200 0 0 0 1 2 0 0.247102 1.25412e-06 0 5.90165e-07 3.82782e-07 -1
