   348.590    -1.000     0.000         0
   345.564     2.418     0.060         1
   345.729     2.328     0.060         1
   345.879     2.246     0.060         1
   346.040     2.161     0.060         1
   346.204     2.076     0.060         1
   346.355     2.000     0.060         1
   346.516     1.921     0.060         1
   346.680     1.844     0.060         1
   346.841     1.771     0.060         1
   346.991     1.707     0.060         1
   347.156     1.641     0.060         1
   347.309     1.584     0.060         1
   347.470     1.528     0.060         1
   347.624     1.481     0.060         1
   347.788     1.437     0.060         1
   347.939     1.403     0.060         1
   348.092     1.374     0.060         1
   348.256     1.352     0.060         1
   348.409     1.339     0.060         1
   250.940    18.712     0.060         8
   251.411    18.616     0.060         8
   251.575    18.583     0.060         8
   252.046    18.488     0.060         8
   252.528    18.391     0.060         8
   253.174    18.260     0.060         8
   253.796    18.130     0.060         8
   254.417    18.000     0.060         8
   254.728    17.935     0.060         8
   255.188    17.839     0.060         8
   255.661    17.740     0.060         8
   256.273    17.611     0.060         8
   256.435    17.578     0.060         8
   256.897    17.481     0.060         8
   257.370    17.382     0.060         8
   257.682    17.316     0.060         8
   258.168    17.217     0.060         8
   258.967    17.091     0.060         8
   259.440    17.016     0.060         8
   259.915    16.941     0.060         8
   260.553    16.840     0.060         8
   261.340    16.715     0.060         8
   261.813    16.640     0.060         8
   262.300    16.563     0.060         8
   278.976    13.776     0.060         8
   279.126    13.750     0.060         8
   279.287    13.722     0.060         8
   279.448    13.694     0.060         8
   279.613    13.666     0.060         8
   279.774    13.638     0.060         8
   279.935    13.610     0.060         8
   280.099    13.581     0.060         8
   280.263    13.553     0.060         8
   280.414    13.527     0.060         8
   280.578    13.498     0.060         8
   280.739    13.470     0.060         8
   280.893    13.444     0.060         8
   281.057    13.415     0.060         8
   281.218    13.387     0.060         8
   281.382    13.359     0.060         8
   281.543    13.331     0.060         8
   281.697    13.304     0.060         8
   281.858    13.277     0.060         8
   282.022    13.248     0.060         8
   282.173    13.223     0.060         8
   282.334    13.197     0.060         8
   282.498    13.170     0.060         8
   282.813    13.119     0.060         8
   282.974    13.093     0.060         8
   283.128    13.069     0.060         8
   283.289    13.043     0.060         8
   283.453    13.016     0.060         8
   283.604    12.992     0.060         8
   283.765    12.966     0.060         8
   283.929    12.939     0.060         8
   284.090    12.913     0.060         8
   284.241    12.889     0.060         8
   284.405    12.862     0.060         8
   284.566    12.836     0.060         8
   284.730    12.810     0.060         8
   284.891    12.784     0.060         8
   285.045    12.759     0.060         8
   285.206    12.733     0.060         8
   285.685    12.655     0.060         8
   286.328    12.551     0.060         8
   286.979    12.459     0.060         8
   288.102    12.311     0.060         8
   288.744    12.226     0.060         8
   289.558    12.119     0.060         8
   289.880    12.077     0.060         8
   290.366    12.013     0.060         8
   290.850    11.949     0.060         8
   291.505    11.881     0.060         8
   292.145    11.839     0.060         8
   292.785    11.798     0.060         8
   293.415    11.757     0.060         8
   293.719    11.738     0.060         8
   294.348    11.697     0.060         8
   294.964    11.657     0.060         8
   295.580    11.617     0.060         8
   296.045    11.586     0.060         8
   296.499    11.555     0.060         8
   296.814    11.533     0.060         8
   297.118    11.511     0.060         8
   297.737    11.468     0.060         8
   298.194    11.437     0.060         8
   298.808    11.394     0.060         8
   299.422    11.351     0.060         8
   300.332    11.283     0.060         8
   300.784    11.247     0.060         8
   301.544    11.186     0.060         8
   302.334    11.122     0.060         8
   302.817    11.083     0.060         8
   303.287    11.045     0.060         8
   304.373    10.951     0.060         8
   304.999    10.894     0.060         8
   305.472    10.851     0.060         8
   306.259    10.779     0.060         8
   306.732    10.736     0.060         8
   307.197    10.694     0.060         8
   307.663    10.656     0.060         8
   308.445    10.598     0.060         8
   309.698    10.506     0.060         8
   310.633    10.437     0.060         8
   311.418    10.388     0.060         8
   335.535     5.122     0.060        10
   335.689     5.094     0.060        10
   335.853     5.062     0.060        10
   336.003     5.031     0.060        10
   336.168     4.997     0.060        10
   336.329     4.965     0.060        10
   336.493     4.931     0.060        10
   336.646     4.900     0.060        10
   336.808     4.867     0.060        10
   336.972     4.834     0.060        10
   337.136     4.800     0.060        10
   337.289     4.769     0.060        10
   337.453     4.736     0.060        10
   337.607     4.704     0.060        10
   337.771     4.671     0.060        10
   337.932     4.632     0.060        10
   338.096     4.592     0.060        10
   338.247     4.555     0.060        10
   338.408     4.515     0.060        10
   338.558     4.477     0.060        10
   338.720     4.436     0.060        10
   338.881     4.396     0.060        10
   339.042     4.354     0.060        10
   339.203     4.313     0.060        10
   339.354     4.275     0.060        10
   339.515     4.234     0.060        10
   339.676     4.193     0.060        10
   339.834     4.153     0.060        10
   339.984     4.115     0.060        10
   340.146     4.073     0.060        10
   340.307     4.036     0.060        10
   340.454     4.003     0.060        10
   340.615     3.966     0.060        10
   340.773     3.929     0.060        10
   340.934     3.892     0.060        10
   341.092     3.856     0.060        10
   341.253     3.819     0.060        10
   341.404     3.784     0.060        10
   341.568     3.746     0.060        10
   341.719     3.713     0.060        10
   341.883     3.678     0.060        10
   342.047     3.642     0.060        10
   342.197     3.609     0.060        10
   342.362     3.573     0.060        10
   325.600     6.670     0.060         5
   325.761     6.649     0.060         5
   326.073     6.609     0.060         5
   326.384     6.570     0.060         5
   326.546     6.549     0.060         5
   326.854     6.501     0.060         5
   327.005     6.477     0.060         5
   327.327     6.426     0.060         5
   327.800     6.349     0.060         5
   327.947     6.325     0.060         5
   328.108     6.299     0.060         5
   328.424     6.248     0.060         5
   328.733     6.200     0.060         5
   328.891     6.176     0.060         5
   329.357     6.105     0.060         5
   329.669     6.058     0.060         5
   329.970     6.013     0.060         5
   330.435     5.949     0.060         5
   330.750     5.908     0.060         5
   331.054     5.867     0.060         5
   331.372     5.823     0.060         5
   331.676     5.779     0.060         5
   331.993     5.732     0.060         5
   277.207    13.548     0.060         5
   277.368    13.519     0.060         5
   277.529    13.490     0.060         5
   277.680    13.462     0.060         5
   277.841    13.433     0.060         5
   278.002    13.404     0.060         5
   278.164    13.374     0.060         5
   278.325    13.345     0.060         5
   278.489    13.315     0.060         5
   278.650    13.286     0.060         5
   278.811    13.256     0.060         5
   278.976    13.226     0.060         5
   279.126    13.199     0.060         5
   279.287    13.170     0.060         5
   279.448    13.141     0.060         5
   279.613    13.110     0.060         5
   279.774    13.081     0.060         5
   279.935    13.052     0.060         5
   280.099    13.022     0.060         5
   280.263    12.992     0.060         5
   280.414    12.964     0.060         5
   280.578    12.934     0.060         5
   280.739    12.904     0.060         5
   280.893    12.875     0.060         5
   281.057    12.845     0.060         5
   281.218    12.815     0.060         5
   281.382    12.785     0.060         5
   281.543    12.755     0.060         5
   281.697    12.727     0.060         5
   281.858    12.697     0.060         5
   282.022    12.666     0.060         5
   282.173    12.639     0.060         5
   282.334    12.609     0.060         5
   282.498    12.578     0.060         5
   282.649    12.550     0.060         5
   282.813    12.520     0.060         5
   282.974    12.490     0.060         5
   283.128    12.462     0.060         5
   283.289    12.432     0.060         5
   283.453    12.401     0.060         5
   283.604    12.373     0.060         5
   283.929    12.313     0.060         5
   284.090    12.283     0.060         5
   284.241    12.255     0.060         5
   284.566    12.195     0.060         5
   284.730    12.164     0.060         5
   285.045    12.102     0.060         5
   285.370    12.036     0.060         5
   285.849    11.937     0.060         5
   286.174    11.872     0.060         5
   286.653    11.782     0.060         5
   286.814    11.752     0.060         5
   287.140    11.692     0.060         5
   287.465    11.637     0.060         5
   287.941    11.560     0.060         5
   288.263    11.508     0.060         5
   288.583    11.455     0.060         5
   289.066    11.375     0.060         5
   289.389    11.320     0.060         5
   289.558    11.293     0.060         5
   289.719    11.268     0.060         5
   289.880    11.242     0.060         5
   290.202    11.191     0.060         5
   290.689    11.114     0.060         5
   291.505    10.989     0.060         5
   291.995    10.916     0.060         5
   292.624    10.835     0.060         5
   293.254    10.770     0.060         5
   293.719    10.730     0.060         5
   294.184    10.697     0.060         5
   294.649    10.664     0.060         5
   295.114    10.627     0.060         5
   295.429    10.600     0.060         5
   296.045    10.540     0.060         5
   296.499    10.493     0.060         5
   297.118    10.429     0.060         5
   297.583    10.376     0.060         5
   297.890    10.340     0.060         5
   298.359    10.283     0.060         5
   298.808    10.228     0.060         5
   299.115    10.190     0.060         5
   299.269    10.170     0.060         5
   299.576    10.131     0.060         5
   299.875    10.093     0.060         5
   300.332    10.035     0.060         5
   300.784     9.976     0.060         5
   301.085     9.935     0.060         5
   301.383     9.895     0.060         5
   301.703     9.852     0.060         5
   301.864     9.831     0.060         5
   302.022     9.809     0.060         5
   302.172     9.789     0.060         5
   302.334     9.766     0.060         5
   302.656     9.722     0.060         5
   303.287     9.635     0.060         5
   303.749     9.568     0.060         5
   304.222     9.500     0.060         5
   304.684     9.430     0.060         5
   304.846     9.405     0.060         5
   305.321     9.333     0.060         5
   305.633     9.285     0.060         5
   306.095     9.215     0.060         5
   306.421     9.165     0.060         5
   306.732     9.118     0.060         5
   307.197     9.044     0.060         5
   307.512     8.994     0.060         5
   307.816     8.951     0.060         5
   308.131     8.907     0.060         5
   308.445     8.863     0.060         5
   308.599     8.842     0.060         5
   309.075     8.778     0.060         5
   309.698     8.693     0.060         5
   309.849     8.673     0.060         5
   310.010     8.651     0.060         5
   310.483     8.585     0.060         5
   310.945     8.520     0.060         5
   311.106     8.498     0.060         5
   311.568     8.433     0.060         5
   312.044     8.366     0.060         5
   312.506     8.307     0.060         5
   312.979     8.247     0.060         5
   313.294     8.209     0.060         5
   313.605     8.172     0.060         5
   313.906     8.137     0.060         5
   314.221     8.099     0.060         5
   314.844     8.024     0.060         5
   315.317     7.967     0.060         5
   315.930     7.893     0.060         5
   316.406     7.836     0.060         5
   316.879     7.779     0.060         5
   317.351     7.717     0.060         5
   317.835     7.653     0.060         5
   318.321     7.587     0.060         5
   318.633     7.544     0.060         5
   319.117     7.477     0.060         5
   320.059     7.348     0.060         5
   320.989     7.225     0.060         5
   321.452     7.164     0.060         5
   321.906     7.112     0.060         5
   322.207     7.078     0.060         5
   322.522     7.042     0.060         5
   322.836     7.006     0.060         5
   322.987     6.989     0.060         5
   323.302     6.953     0.060         5
   323.606     6.918     0.060         5
   323.756     6.901     0.060         5
   324.361     6.827     0.060         5
   324.826     6.768     0.060         5
   325.288     6.709     0.060         5
   256.435    17.500     0.060         5
   256.736    17.425     0.060         5
   257.048    17.347     0.060         5
   257.209    17.307     0.060         5
   257.520    17.231     0.060         5
   257.682    17.192     0.060         5
   258.007    17.114     0.060         5
   258.168    17.075     0.060         5
   258.329    17.036     0.060         5
   258.967    16.889     0.060         5
   259.117    16.855     0.060         5
   259.440    16.786     0.060         5
   259.754    16.720     0.060         5
   259.915    16.686     0.060         5
   260.553    16.558     0.060         5
   260.864    16.497     0.060         5
   261.179    16.438     0.060         5
   261.491    16.382     0.060         5
   261.813    16.328     0.060         5
   261.977    16.301     0.060         5
   262.139    16.275     0.060         5
   262.300    16.251     0.060         5
   262.461    16.228     0.060         5
   262.625    16.207     0.060         5
   262.786    16.186     0.060         5
   262.948    16.166     0.060         5
   263.112    16.146     0.060         5
   263.273    16.126     0.060         5
   263.434    16.105     0.060         5
   263.585    16.087     0.060         5
   263.746    16.068     0.060         5
   263.907    16.050     0.060         5
   264.082    16.028     0.060         5
   264.243    16.007     0.060         5
   264.401    15.985     0.060         5
   264.563    15.963     0.060         5
   264.734    15.939     0.060         5
   264.893    15.915     0.060         5
   265.054    15.890     0.060         5
   265.384    15.837     0.060         5
   265.714    15.783     0.060         5
   266.044    15.727     0.060         5
   266.377    15.670     0.060         5
   266.699    15.614     0.060         5
   267.025    15.559     0.060         5
   267.347    15.505     0.060         5
   267.673    15.450     0.060         5
   267.834    15.423     0.060         5
   267.995    15.395     0.060         5
   268.159    15.368     0.060         5
   268.474    15.315     0.060         5
   268.638    15.287     0.060         5
   269.120    15.202     0.060         5
   269.277    15.174     0.060         5
   269.751    15.089     0.060         5
   270.395    14.965     0.060         5
   270.559    14.932     0.060         5
   270.713    14.901     0.060         5
   270.877    14.868     0.060         5
   271.041    14.835     0.060         5
   271.356    14.772     0.060         5
   271.684    14.705     0.060         5
   271.838    14.674     0.060         5
   271.999    14.643     0.060         5
   272.163    14.610     0.060         5
   272.489    14.545     0.060         5
   272.650    14.513     0.060         5
   272.811    14.480     0.060         5
   272.972    14.441     0.060         5
   273.456    14.325     0.060         5
   273.617    14.285     0.060         5
   273.778    14.246     0.060         5
   273.939    14.207     0.060         5
   274.101    14.168     0.060         5
   274.262    14.128     0.060         5
   325.600     7.145     0.060        14
   326.234     7.058     0.060        14
   326.854     6.963     0.060        14
   327.327     6.888     0.060        14
   327.800     6.812     0.060        14
   328.424     6.712     0.060        14
   329.196     6.594     0.060        14
   329.669     6.523     0.060        14
   330.285     6.435     0.060        14
   309.537     9.174     0.060        14
   310.322     9.066     0.060        14
   311.106     8.956     0.060        14
   311.883     8.847     0.060        14
   312.356     8.784     0.060        14
   312.979     8.704     0.060        14
   313.444     8.649     0.060        14
   314.221     8.557     0.060        14
   314.694     8.501     0.060        14
   315.317     8.426     0.060        14
   316.406     8.291     0.060        14
   316.717     8.253     0.060        14
   317.996     8.091     0.060        14
   318.955     7.957     0.060        14
   319.428     7.892     0.060        14
   320.371     7.761     0.060        14
   320.989     7.682     0.060        14
   321.452     7.627     0.060        14
   321.756     7.590     0.060        14
   322.522     7.501     0.060        14
   322.836     7.464     0.060        14
   323.606     7.376     0.060        14
   324.361     7.289     0.060        14
   315.156    12.759     0.060        24
   315.779    12.608     0.060        24
   316.556    12.420     0.060        24
   348.590     1.000     0.000         0
   348.729     1.337     0.060         1
   348.892     1.349     0.060         1
   349.046     1.368     0.060         1
   349.210     1.396     0.060         1
   349.360     1.429     0.060         1
   349.521     1.471     0.060         1
   349.681     1.519     0.060         1
   349.842     1.574     0.060         1
   350.003     1.633     0.060         1
   350.164     1.697     0.060         1
   350.322     1.764     0.060         1
   350.484     1.837     0.060         1
   350.645     1.912     0.060         1
   350.792     1.984     0.060         1
   350.953     2.064     0.060         1
   351.114     2.148     0.060         1
   356.463     4.009     0.060         5
   356.624     4.042     0.060         5
   356.788     4.076     0.060         5
   356.939     4.108     0.060         5
   357.103     4.142     0.060         5
   357.264     4.176     0.060         5
   357.418     4.208     0.060         5
   357.579     4.241     0.060         5
   357.743     4.276     0.060         5
   357.896     4.308     0.060         5
   358.057     4.341     0.060         5
   358.211     4.375     0.060         5
   358.375     4.415     0.060         5
   358.536     4.454     0.060         5
   358.700     4.494     0.060         5
   358.861     4.533     0.060         5
   359.015     4.570     0.060         5
   359.179     4.615     0.060         5
   359.340     4.659     0.060         5
   359.504     4.705     0.060         5
   359.665     4.749     0.060         5
   359.819     4.791     0.060         5
   359.980     4.836     0.060         5
   360.130     4.879     0.060         5
   360.295     4.927     0.060         5
   360.445     4.971     0.060         5
   360.609     5.018     0.060         5
   360.770     5.065     0.060         5
   360.934     5.113     0.060         5
   361.096     5.161     0.060         5
   361.260     5.209     0.060         5
   361.421     5.256     0.060         5
   361.582     5.302     0.060         5
   361.732     5.345     0.060         5
   361.894     5.391     0.060         5
   362.044     5.434     0.060         5
   362.208     5.483     0.060         5
   362.359     5.528     0.060         5
   362.520     5.576     0.060         5
   362.681     5.625     0.060         5
   362.842     5.674     0.060         5
   363.006     5.726     0.060         5
   363.167     5.776     0.060         5
   363.339     5.830     0.060         5
   363.500     5.881     0.060         5
   363.664     5.930     0.060         5
   363.825     5.978     0.060         5
   363.987     6.028     0.060         5
   364.148     6.077     0.060         5
   364.309     6.126     0.060         5
   364.470     6.175     0.060         5
   364.631     6.224     0.060         5
   364.795     6.275     0.060         5
   364.946     6.321     0.060         5
   365.110     6.369     0.060         5
   365.271     6.417     0.060         5
   365.424     6.462     0.060         5
   365.586     6.510     0.060         5
   365.750     6.558     0.060         5
   365.911     6.605     0.060         5
   366.064     6.649     0.060         5
   366.225     6.693     0.060         5
   366.386     6.737     0.060         5
   366.540     6.777     0.060         5
   366.701     6.819     0.060         5
   366.865     6.862     0.060         5
   367.016     6.899     0.060         5
   367.177     6.940     0.060         5
   367.341     6.981     0.060         5
   367.491     7.017     0.060         5
   367.655     7.058     0.060         5
   367.817     7.097     0.060         5
   367.967     7.133     0.060         5
   368.131     7.172     0.060         5
   368.292     7.211     0.060         5
   368.446     7.247     0.060         5
   368.607     7.286     0.060         5
   368.760     7.322     0.060         5
   368.921     7.361     0.060         5
   369.072     7.398     0.060         5
   369.236     7.438     0.060         5
   369.387     7.474     0.060         5
   369.551     7.514     0.060         5
   369.712     7.553     0.060         5
   369.862     7.587     0.060         5
   370.023     7.623     0.060         5
   370.187     7.657     0.060         5
   370.338     7.686     0.060         5
   370.499     7.718     0.060         5
   370.660     7.753     0.060         5
   370.811     7.785     0.060         5
   370.972     7.820     0.060         5
   371.122     7.853     0.060         5
   371.283     7.889     0.060         5
   371.444     7.923     0.060         5
   371.595     7.952     0.060         5
   371.756     7.979     0.060         5
   371.907     8.003     0.060         5
   372.068     8.028     0.060         5
   372.218     8.050     0.060         5
   372.379     8.072     0.060         5
   372.530     8.092     0.060         5
   372.691     8.110     0.060         5
   372.852     8.128     0.060         5
   373.013     8.146     0.060         5
   373.174     8.164     0.060         5
   373.338     8.182     0.060         5
   373.489     8.185     0.060         5
   373.653     8.190     0.060         5
   373.814     8.207     0.060         5
   373.978     8.214     0.060         5
   374.139     8.221     0.060         5
   374.290     8.227     0.060         5
   374.454     8.234     0.060         5
   374.615     8.241     0.060         5
   374.779     8.248     0.060         5
   374.943     8.259     0.060         5
   375.104     8.284     0.060         5
   375.268     8.310     0.060         5
   375.419     8.334     0.060         5
   375.583     8.360     0.060         5
   375.744     8.386     0.060         5
   375.908     8.412     0.060         5
   376.069     8.437     0.060         5
   376.220     8.465     0.060         5
   376.545     8.535     0.060         5
   376.706     8.570     0.060         5
   376.870     8.596     0.060         5
   377.031     8.607     0.060         5
   377.193     8.618     0.060         5
   377.357     8.629     0.060         5
   377.518     8.640     0.060         5
   377.679     8.661     0.060         5
   377.843     8.683     0.060         5
   378.004     8.704     0.060         5
   378.168     8.723     0.060         5
   378.329     8.741     0.060         5
   378.501     8.751     0.060         5
   378.665     8.758     0.060         5
     0.000     0.000     0.000        -1
