# strategy jumping=0 robust=0 crit_chi=1000
# ray_trace -N xorder=8 zorder=8 clen=0.8 nintp=8 bend_tol=0.0001
# smooth_vel -SV on=1 wmin=200 wmax=200 dw=201 -Ss=-1 log10(-XV)=0
# smooth_dep -SD on=0 wmin=0 wmax=0 dw=1 log10(-XD)=0
# damping: MODE=fixed  using=-D/-DV/-DD  auto_-T=OFF  -DV=1 -DD=0
# damping: -DQ=ON wdv=1
# filter_-s: OFF  (ON=2D filter after each iter; OFF=no -s)
# water: invert_only=0 crust_only=1 seafloor=Y
# psx: invert_vs=1 joint_vpvs=0 freeze_lid=1 zmax_below=0  (TOMO2D_INV_PSX_ZMAX, 0=off)
# ndata 155
# nnodes nnodev=5103 nvel=5103 nnoded(refl)=0 refl_weight=1
# LSQR atol=0.001 itermax=510300 cap=8000  (TOMO2D_INV_LSQR_MAXITER)
# lsqr_precond: OFF maxD=50  (ON=TOMO2D_INV_LSQR_PRECOND!=0; default OFF; Legacy forces OFF; maxD<=0=unbounded)
# accel: reuse=OFF thresh=0 c2f=OFF legacy=OFF
1 1 0 0.457654 2094.47 0 0 0 0 0 0 2.89999e-06 35.6462 200 0 1 0 1 43 0 35.3624 0.0431977 0 0.00168717 0.00258134 -1
2 1 0 0.0614948 37.8161 0 0 0 0 0 0 2.39999e-06 36.4735 200 0 1 0 1 37 0 18.9288 0.00776383 0 0.000632428 0.000734545 -1
3 1 0 0.0373769 13.9704 0 0 0 0 0 0 2.3e-06 34.8441 200 0 1 0 1 30 0 11.4962 0.00289467 0 0.000368183 0.000495821 -1
4 1 0 0.0342341 11.7197 0 0 0 0 0 0 2.30002e-06 34.0317 200 0 1 0 1 25 0 10.8326 0.00144934 0 0.000283983 0.000363734 -1
5 1 0 0.0318523 10.1457 0 0 0 0 0 0 3.4e-06 34.7409 200 0 1 0 1 22 0 9.78213 0.000824588 0 0.000181315 0.000263978 -1
6 1 0 0.0323021 10.4342 0 0 0 0 0 0 2.70001e-06 34.9756 200 0 1 0 1 21 0 10.0782 0.000568967 0 0.000182517 0.00028459 -1
7 1 0 0.0382167 14.6052 0 0 0 0 0 0 2.99998e-06 32.9853 200 0 1 0 1 20 0 13.8747 0.000790541 0 0.000245274 0.000375679 -1
8 1 0 0.0331007 10.9566 0 0 0 0 0 0 1.6e-06 34.7627 200 0 1 0 1 17 0 10.5574 0.000478828 0 0.000190817 0.000296154 -1
