# strategy jumping=0 robust=0 crit_chi=1000
# ray_trace -N xorder=8 zorder=8 clen=0.8 nintp=8 bend_tol=0.001
# smooth_vel -SV on=1 wmin=80 wmax=80 dw=81 -Ss=-1 log10(-XV)=0
# smooth_dep -SD on=0 wmin=0 wmax=0 dw=1 log10(-XD)=0
# damping: MODE=fixed  using=-D/-DV/-DD  auto_-T=OFF  -DV=30 -DD=0
# filter_-s: OFF  (ON=2D filter after each iter; OFF=no -s)
# water: invert_only=0 crust_only=1 seafloor=Y
# psx: invert_vs=1 joint_vpvs=0 freeze_lid=1
# ndata 166
# nnodes nnodev=6156 nvel=6156 nnoded(refl)=76 freeze_-u=ON refl_weight=1
# LSQR atol=0.001 itermax=615600 cap=8000  (TOMO2D_INV_LSQR_MAXITER)
# lsqr_precond: OFF maxD=10  (ON=TOMO2D_INV_LSQR_PRECOND!=0; default OFF; Legacy forces OFF; maxD=kappa vs col-norm median, empty D=0, miniter=20)
# sens_weight: OFF kappa=10 eps=0.05  (ON=TOMO2D_INV_SENS_WEIGHT!=0; default OFF; T*=w, R couple 2/(wi+wj); median per Vp/Vs-lid/Vs-below/Moho)
# linesearch: OFF c=0.0001 rho=0.5 amin=0.03125  (ON=TOMO2D_INV_LINESEARCH!=0; default OFF; Armijo on true chi2 after re-trace)
# lm: OFF lambda=1 up=4 down=0.5 lmax=256 rho_acc=0.1 rho_good=0.5  (ON=TOMO2D_INV_LM!=0; default OFF; trust-region: scale T and re-LSQR on true chi2)
# accel: reuse=OFF thresh=0 c2f=OFF legacy=OFF
1 1 0 0.0552414 30.5161 0 0 0 0 0 0 2.20002e-06 110.495 80 0 30 0 1 18 0 1.46189 0.00198136 0 0.000619014 0.00154422 -1
2 1 0 0.0483844 23.4105 0 0 0 0 0 0 3.39997e-06 104.168 80 0 30 0 1 20 0 1.03038 0.0021446 0 0.000534064 0.00112863 -1
3 1 0 0.0503694 25.3708 0 0 0 0 0 0 2.59999e-06 111.362 80 0 30 0 1 20 0 0.782032 0.00126302 0 0.000355149 0.000749067 -1
4 1 0 0.0195767 3.83248 0 0 0 0 0 0 1.70001e-06 108.687 80 0 30 0 1 19 0 0.631904 0.00129743 0 0.000275541 0.000676123 -1
5 1 0 0.0879692 77.3857 0 0 0 0 0 0 3.30003e-06 109.133 80 0 30 0 1 16 0 0.646295 0.000889811 0 0.000244083 0.000685774 -1
6 1 0 0.058917 34.7121 0 0 0 0 0 0 2.80002e-06 105.483 80 0 30 0 1 19 0 0.49279 0.000883709 0 0.000256527 0.000588292 -1
7 1 0 0.0172602 2.97915 0 0 0 0 0 0 8.39998e-06 99.1299 80 0 30 0 1 21 0 0.503115 0.000937132 0 0.000247262 0.000579304 -1
8 1 0 0.0109336 1.19543 0 0 0 0 0 0 1.89999e-06 94.0941 80 0 30 0 1 19 0 0.523289 0.00108432 0 0.000213791 0.000572351 -1
