# strategy jumping=0 robust=0 crit_chi=1000
# ray_trace -N xorder=8 zorder=8 clen=0.8 nintp=8 bend_tol=0.001
# smooth_vel -SV on=1 wmin=200 wmax=200 dw=201 -Ss=-1 log10(-XV)=0
# smooth_dep -SD on=1 wmin=20 wmax=20 dw=21 log10(-XD)=0
# damping: MODE=auto  using=-T/-TV/-TD  fixed_-D=OFF  -TV_percent=5 -TV_frac=0.05  -TD_percent=1 -TD_frac=0.01
# filter_-s: OFF  (ON=2D filter after each iter; OFF=no -s)
# water: invert_only=0 crust_only=1 seafloor=Y
# psx: invert_vs=1 joint_vpvs=0 freeze_lid=1 zmax_below=0  (TOMO2D_INV_PSX_ZMAX, 0=off)
# ndata 50
# nnodes nnodev=5103 nvel=5103 nnoded(refl)=63 freeze_-u=OFF refl_weight=1
# LSQR atol=0.001 itermax=510300 cap=8000  (TOMO2D_INV_LSQR_MAXITER)
# lsqr_precond: OFF maxD=50  (ON=TOMO2D_INV_LSQR_PRECOND!=0; default OFF; Legacy forces OFF; maxD<=0=unbounded)
# accel: reuse=OFF thresh=0 c2f=OFF legacy=OFF
1 1 0 0.176305 310.834 0 0 0 0 0 0 8e-07 24.8629 200 20 0 102.016 4 477 1 35.9535 0.0210031 0.0112896 0.00160736 0.00153211 0.0614693
2 1 0 0.0611672 37.4143 0 0 0 0 0 0 1e-06 24.8775 200 20 0 70.0069 4 260 0 21.6391 0.00401328 0.00944207 0.000661534 0.000700335 0.0328343
3 1 0 0.0478614 22.9072 0 0 0 0 0 0 1.2e-06 23.9336 200 20 0 51.7309 4 266 0 16.2088 0.00265728 0.00710869 0.000460053 0.000490343 0.0269865
4 1 0 0.0413185 17.0722 0 0 0 0 0 0 7e-07 27.6601 200 20 0 16.0808 4 258 1 12.656 0.00227439 0.00932439 0.00036732 0.000399714 0.0197549
5 1 0 0.0408363 16.676 0 0 0 0 0 0 1.1e-06 22.2811 200 20 0 20.7649 5 317 1 12.3433 0.00199596 0.00826116 0.000353598 0.000365461 0.0230805
6 1 0 0.0371568 13.8063 0 0 0 0 0 0 1e-06 26.1268 200 20 0 0 1 72 0 10.7897 0.00184261 0.0098292 0.000293576 0.000312092 0.015976
7 1 0 0.0352561 12.4299 0 0 0 0 0 0 1e-06 23.3114 200 20 0 0 1 52 0 10.1285 0.00138326 0.0045014 0.00026523 0.0002628 0.0124118
8 1 0 0.0324828 10.5514 0 0 0 0 0 0 9e-07 21.9634 200 20 0 0 1 51 0 9.05937 0.00106883 0.00410473 0.000223772 0.00021835 0.0113091
