# strategy jumping=0 robust=0 crit_chi=1000
# ray_trace -N xorder=8 zorder=8 clen=0.8 nintp=8 bend_tol=0.001
# smooth_vel -SV on=1 wmin=200 wmax=200 dw=201 -Ss=-1 log10(-XV)=0
# smooth_dep -SD on=0 wmin=0 wmax=0 dw=1 log10(-XD)=0
# damping: MODE=auto  using=-T/-TV/-TD  fixed_-D=OFF  -TV_percent=5 -TV_frac=0.05  -TD_percent=0 -TD_frac=0
# filter_-s: OFF  (ON=2D filter after each iter; OFF=no -s)
# water: invert_only=0 crust_only=1 seafloor=Y
# psx: invert_vs=1 joint_vpvs=0 freeze_lid=0 zmax_below=0  (TOMO2D_INV_PSX_ZMAX, 0=off)
# ndata 465
# nnodes nnodev=5103 nvel=5103 nnoded(refl)=0 refl_weight=1
# LSQR atol=0.001 itermax=510300 cap=8000  (TOMO2D_INV_LSQR_MAXITER)
# lsqr_precond: OFF maxD=50  (ON=TOMO2D_INV_LSQR_PRECOND!=0; default OFF; Legacy forces OFF; maxD<=0=unbounded)
# accel: reuse=OFF thresh=0 c2f=OFF legacy=OFF
1 1 155 0.404927 1117.96 0 0 0 0 0 0 1.9774 27.0388 200 0 86.2265 0 4 235 0 287.583 0.0474395 0 0.00666935 0.00150144 -1
2 1 155 0.261941 384.395 0 0 0 0 0 0 1.83601 29.3701 200 0 0 0 1 62 1 181.265 0.0403314 0 0.00212435 0.000273834 -1
3 1 155 0.188855 184.707 0 0 0 0 0 0 2.07409 29.9239 200 0 0 0 1 14 0 183.948 0.00105565 0 0.000562791 9.59592e-05 -1
4 1 155 0.189002 183.958 0 0 0 0 0 0 1.99771 31.5221 200 0 0 0 1 7 0 183.824 0.000265929 0 0.000279442 5.62691e-05 -1
5 1 155 0.188943 183.804 0 0 0 0 0 0 2.07154 30.9463 200 0 0 0 1 6 0 183.747 0.000157794 0 0.000184533 3.67025e-05 -1
6 1 155 0.188916 183.764 0 0 0 0 0 0 1.97766 29.3662 200 0 0 0 1 5 0 183.739 9.62278e-05 0 0.000124396 2.7409e-05 -1
7 1 155 0.188896 183.738 0 0 0 0 0 0 1.86905 26.9406 200 0 0 0 1 4 0 183.727 5.4828e-05 0 8.22642e-05 2.88696e-05 -1
8 1 155 0.188885 183.727 0 0 0 0 0 0 1.83985 26.8402 200 0 0 0 1 2 0 183.723 1.78053e-05 0 5.18169e-05 2.09425e-05 -1
