# strategy jumping=0 robust=0 crit_chi=1000
# ray_trace -N xorder=8 zorder=8 clen=0.8 nintp=8 bend_tol=0.001
# smooth_vel -SV on=1 wmin=200 wmax=200 dw=201 -Ss=-1 log10(-XV)=0
# smooth_dep -SD on=0 wmin=0 wmax=0 dw=1 log10(-XD)=0
# damping: MODE=auto  using=-T/-TV/-TD  fixed_-D=OFF  -TV_percent=5 -TV_frac=0.05  -TD_percent=0 -TD_frac=0
# filter_-s: OFF  (ON=2D filter after each iter; OFF=no -s)
# water: invert_only=0 crust_only=1 seafloor=Y
# psx: invert_vs=1 joint_vpvs=0 freeze_lid=1 zmax_below=0  (TOMO2D_INV_PSX_ZMAX, 0=off)
# ndata 155
# nnodes nnodev=5103 nvel=5103 nnoded(refl)=0 refl_weight=1
# LSQR atol=0.001 itermax=510300 cap=8000  (TOMO2D_INV_LSQR_MAXITER)
# lsqr_precond: OFF maxD=50  (ON=TOMO2D_INV_LSQR_PRECOND!=0; default OFF; Legacy forces OFF; maxD<=0=unbounded)
# accel: reuse=OFF thresh=0 c2f=OFF legacy=OFF
1 1 0 0.548897 3012.88 0 0 0 0 0 0 7.89994e-06 28.5381 200 0 29.626 0 4 145 0 847.919 0.0431718 0 0.00294117 0.00501971 -1
2 1 0 0.329247 1084.04 0 0 0 0 0 0 6.89997e-06 28.1062 200 0 0 0 1 25 0 1011.41 0.0126637 0 0.00257172 0.00372646 -1
3 1 0 0.293576 861.871 0 0 0 0 0 0 2.79999e-06 27.6402 200 0 0 0 1 24 0 828.48 0.00537136 0 0.00183757 0.00277348 -1
4 1 0 0.274005 750.788 0 0 0 0 0 0 5.70004e-06 28.0567 200 0 0 0 1 12 0 737.522 0.00161334 0 0.000952761 0.00194851 -1
5 1 0 0.28754 826.793 0 0 0 0 0 0 2.50002e-06 28.7156 200 0 0 0 1 9 0 814.963 0.00135219 0 0.00101252 0.00179415 -1
6 1 0 0.294812 869.143 0 0 0 0 0 0 2.20002e-06 28.6077 200 0 0 0 1 19 0 845.271 0.00449529 0 0.00160128 0.0022057 -1
7 1 0 0.291889 851.992 0 0 0 0 0 0 2.70002e-06 27.0593 200 0 0 0 1 13 0 829.569 0.0023473 0 0.00165779 0.00231096 -1
8 1 0 0.291619 850.418 0 0 0 0 0 0 1.70001e-06 28.036 200 0 0 0 1 11 0 833.727 0.00176746 0 0.00139441 0.00203171 -1
