# strategy jumping=0 robust=0 crit_chi=1000
# ray_trace -N xorder=8 zorder=8 clen=0.8 nintp=8 bend_tol=0.001
# smooth_vel -SV on=1 wmin=200 wmax=200 dw=201 -Ss=-1 log10(-XV)=0
# smooth_dep -SD on=0 wmin=0 wmax=0 dw=1 log10(-XD)=0
# damping: MODE=auto  using=-T/-TV/-TD  fixed_-D=OFF  -TV_percent=5 -TV_frac=0.05  -TD_percent=0 -TD_frac=0
# filter_-s: OFF  (ON=2D filter after each iter; OFF=no -s)
# water: invert_only=0 crust_only=1 seafloor=Y
# psx: invert_vs=1 joint_vpvs=0 freeze_lid=0 zmax_below=0  (TOMO2D_INV_PSX_ZMAX, 0=off)
# ndata 620
# nnodes nnodev=5103 nvel=5103 nnoded(refl)=0 refl_weight=1
# LSQR atol=0.001 itermax=510300 cap=8000  (TOMO2D_INV_LSQR_MAXITER)
# lsqr_precond: OFF maxD=50  (ON=TOMO2D_INV_LSQR_PRECOND!=0; default OFF; Legacy forces OFF; maxD<=0=unbounded)
# accel: reuse=OFF thresh=0 c2f=OFF legacy=OFF
1 1 155 0.574076 2978.91 0 0 0 0 0 0 1.3788 41.8725 200 0 124.355 0 4 238 0 612.349 0.0547884 0 0.0100922 0.00672511 -1
2 1 155 0.376243 980.738 0 0 0 0 0 0 1.40198 40.6358 200 0 0 0 1 55 1 714.182 0.0434552 0 0.00386663 0.00455015 -1
3 1 155 0.492504 1367.2 0 0 0 0 0 0 1.46183 41.4666 200 0 0 0 1 26 0 1334.98 0.0098206 0 0.00278079 0.00344824 -1
4 1 155 0.457052 1199.76 0 0 0 0 0 0 1.44987 40.92 200 0 0 0 1 19 0 1190.33 0.00400551 0 0.00144049 0.00256212 -1
5 1 155 0.448949 1124.62 0 0 0 0 0 0 1.44114 41.4148 200 0 0 0 1 14 0 1119.07 0.00216189 0 0.00116178 0.0019672 -1
6 1 155 0.454464 1171.7 0 0 0 0 0 0 1.42865 40.4335 200 0 0 0 1 14 0 1164.65 0.00225118 0 0.00167041 0.0020345 -1
7 1 155 0.452926 1163.64 0 0 0 0 0 0 1.33168 40.0406 200 0 0 0 1 10 0 1159.6 0.00126036 0 0.00146042 0.0014463 -1
8 1 155 0.454041 1175.51 0 0 0 0 0 0 1.39041 40.4947 200 0 0 0 1 10 0 1171.82 0.00134061 0 0.00122599 0.00153263 -1
