# strategy jumping=0 robust=0 crit_chi=1000
# ray_trace -N xorder=8 zorder=8 clen=0.8 nintp=8 bend_tol=0.001
# smooth_vel -SV on=1 wmin=200 wmax=200 dw=201 -Ss=-1 log10(-XV)=0
# smooth_dep -SD on=0 wmin=0 wmax=0 dw=1 log10(-XD)=0
# damping: MODE=auto  using=-T/-TV/-TD  fixed_-D=OFF  -TV_percent=5 -TV_frac=0.05  -TD_percent=0 -TD_frac=0
# filter_-s: OFF  (ON=2D filter after each iter; OFF=no -s)
# water: invert_only=0 crust_only=1 seafloor=Y
# psx: invert_vs=0 joint_vpvs=0 freeze_lid=0 zmax_below=0  (TOMO2D_INV_PSX_ZMAX, 0=off)
# ndata 620
# nnodes nnodev=5103 nvel=5103 nnoded(refl)=0 refl_weight=1
# LSQR atol=0.001 itermax=510300 cap=8000  (TOMO2D_INV_LSQR_MAXITER)
# lsqr_precond: OFF maxD=50  (ON=TOMO2D_INV_LSQR_PRECOND!=0; default OFF; Legacy forces OFF; maxD<=0=unbounded)
# accel: reuse=OFF thresh=0 c2f=OFF legacy=OFF
1 1 465 0.107878 116.378 155 0.107878 116.378 0 0 0 0.32103 2.38077 200 0 2.66652 0 5 619 0 17.7832 0.0509625 0 0.00114588 0.00238183 -1
2 1 465 0.0543773 29.5689 155 0.0543773 29.5689 0 0 0 0.329123 2.45921 200 0 0 0 1 87 0 11.6406 0.0067117 0 0.00070595 0.000973249 -1
3 1 465 0.0345585 11.9429 155 0.0345585 11.9429 0 0 0 0.320091 2.44819 200 0 0 0 1 45 0 9.71405 0.00201984 0 0.000433329 0.000726486 -1
4 1 465 0.0312467 9.76355 155 0.0312467 9.76355 0 0 0 0.396052 2.54933 200 0 0 0 1 43 0 8.3263 0.00160664 0 0.000338178 0.000608918 -1
5 1 465 0.0291765 8.51266 155 0.0291765 8.51266 0 0 0 0.334501 2.48615 200 0 0 0 1 40 0 7.48298 0.00121904 0 0.000275603 0.000530334 -1
6 1 465 0.027329 7.46876 155 0.027329 7.46876 0 0 0 0.335033 2.51056 200 0 0 0 1 39 0 6.73427 0.000951592 0 0.000221534 0.000459955 -1
7 1 465 0.0259966 6.75823 155 0.0259966 6.75823 0 0 0 0.312407 2.56267 200 0 0 0 1 36 0 6.16395 0.000750091 0 0.000193426 0.000418975 -1
8 1 465 0.0253131 6.40754 155 0.0253131 6.40754 0 0 0 0.318671 2.60605 200 0 0 0 1 35 0 5.91951 0.000642093 0 0.00016836 0.000385105 -1
9 1 155 0.192134 369.154 0 0 0 0 0 0 3.7e-06 60.3885 200 0 0 0 1 37 0 330.795 0.00759812 0 0.00326494 0.00423032 -1
10 1 155 0.187746 352.485 0 0 0 0 0 0 7.1e-06 60.8802 200 0 0 0 1 20 0 335.856 0.00318906 0 0.00222057 0.00344907 -1
11 1 155 0.15966 254.912 0 0 0 0 0 0 3.3e-06 60.7378 200 0 0 0 1 28 0 240.284 0.00477864 0 0.00203769 0.00257143 -1
12 1 155 0.138194 190.977 0 0 0 0 0 0 5.1e-06 58.7523 200 0 0 0 1 23 0 185.565 0.0020606 0 0.00140852 0.00181998 -1
13 1 155 0.173674 301.626 0 0 0 0 0 0 5.2e-06 58.0041 200 0 0 0 1 18 0 286.165 0.00228812 0 0.00186846 0.00352209 -1
14 1 155 0.180716 326.582 0 0 0 0 0 0 5.7e-06 58.5423 200 0 0 0 1 16 0 318.222 0.00197382 0 0.00197829 0.00218607 -1
15 1 155 0.189733 359.984 0 0 0 0 0 0 4.6e-06 56.9224 200 0 0 0 1 17 0 345.119 0.00253927 0 0.00222601 0.0028197 -1
16 1 155 0.190942 364.588 0 0 0 0 0 0 4.7e-06 54.1986 200 0 0 0 1 24 0 327.556 0.00498359 0 0.00292886 0.00348683 -1
