# strategy jumping=0 robust=0 crit_chi=1000
# ray_trace -N xorder=8 zorder=8 clen=0.8 nintp=8 bend_tol=0.001
# smooth_vel -SV on=1 wmin=200 wmax=200 dw=201 -Ss=-1 log10(-XV)=0
# smooth_dep -SD on=0 wmin=0 wmax=0 dw=1 log10(-XD)=0
# damping: MODE=auto  using=-T/-TV/-TD  fixed_-D=OFF  -TV_percent=5 -TV_frac=0.05  -TD_percent=0 -TD_frac=0
# filter_-s: OFF  (ON=2D filter after each iter; OFF=no -s)
# water: invert_only=0 crust_only=1 seafloor=Y
# psx: invert_vs=1 joint_vpvs=0 freeze_lid=1 zmax_below=0  (TOMO2D_INV_PSX_ZMAX, 0=off)
# ndata 178
# nnodes nnodev=5103 nvel=5103 nnoded(refl)=0 refl_weight=1
# LSQR atol=0.001 itermax=510300 cap=8000  (TOMO2D_INV_LSQR_MAXITER)
# lsqr_precond: OFF maxD=50  (ON=TOMO2D_INV_LSQR_PRECOND!=0; default OFF; Legacy forces OFF; maxD<=0=unbounded)
# accel: reuse=OFF thresh=0 c2f=OFF legacy=OFF
1 1 0 0.543209 551.744 0 0 0 0 0 0 2.2e-06 79.7723 200 0 26.0764 0 4 245 0 107.951 0.0395618 0 0.00139 0.00211127 -1
2 1 0 0.170002 42.9933 0 0 0 0 0 0 1.7e-06 80.2816 200 0 0 0 1 63 0 32.3854 0.0140888 0 0.000547386 0.000844684 -1
3 1 0 0.152596 33.2332 0 0 0 0 0 0 2.6e-06 79.7662 200 0 0 0 1 30 0 32.45 0.00269636 0 0.000260905 0.000333504 -1
4 1 0 0.168708 39.6842 0 0 0 0 0 0 2.1e-06 82.9743 200 0 0 0 1 13 0 39.2569 0.000591714 0 0.000249322 0.000321482 -1
5 1 0 0.123407 23.8063 0 0 0 0 0 0 1.7e-06 79.2099 200 0 0 0 1 18 0 23.4619 0.000611723 0 0.000191033 0.000293257 -1
6 1 0 0.13684 27.69 0 0 0 0 0 0 3.1e-06 77.9537 200 0 0 0 1 12 0 27.4852 0.000326183 0 0.000161624 0.000241191 -1
7 1 0 0.128735 25.2584 0 0 0 0 0 0 2e-06 77.3186 200 0 0 0 1 12 0 25.0151 0.000353018 0 0.0001773 0.000257491 -1
8 1 0 0.131647 27.4157 0 0 0 0 0 0 2.3e-06 76.4708 200 0 0 0 1 18 0 26.5239 0.00101128 0 0.000376828 0.000428714 -1
