# strategy jumping=0 robust=0 crit_chi=1000
# ray_trace -N xorder=8 zorder=8 clen=0.8 nintp=8 bend_tol=0.001
# smooth_vel -SV on=1 wmin=200 wmax=200 dw=201 -Ss=-1 log10(-XV)=0
# smooth_dep -SD on=0 wmin=0 wmax=0 dw=1 log10(-XD)=0
# damping: MODE=auto  using=-T/-TV/-TD  fixed_-D=OFF  -TV_percent=5 -TV_frac=0.05  -TD_percent=0 -TD_frac=0
# filter_-s: OFF  (ON=2D filter after each iter; OFF=no -s)
# water: invert_only=0 crust_only=1 seafloor=Y
# psx: invert_vs=1 joint_vpvs=0 freeze_lid=1 zmax_below=0  (TOMO2D_INV_PSX_ZMAX, 0=off)
# ndata 155
# nnodes nnodev=5103 nvel=5103 nnoded(refl)=0 refl_weight=1
# LSQR atol=0.001 itermax=510300 cap=8000  (TOMO2D_INV_LSQR_MAXITER)
# lsqr_precond: OFF maxD=50  (ON=TOMO2D_INV_LSQR_PRECOND!=0; default OFF; Legacy forces OFF; maxD<=0=unbounded)
# accel: reuse=OFF thresh=0 c2f=OFF legacy=OFF
1 1 0 0.459704 2113.28 0 0 0 0 0 0 3e-06 30.7693 200 0 51.9772 0 4 274 0 76.8746 0.0386039 0 0.0020166 0.00295038 -1
2 1 0 0.10254 105.145 0 0 0 0 0 0 1.5e-06 24.8152 200 0 0 0 1 103 0 31.894 0.0276752 0 0.000939581 0.00124664 -1
3 1 0 0.0524854 27.5471 0 0 0 0 0 0 1.5e-06 22.2835 200 0 0 0 1 39 0 23.2666 0.00412828 0 0.00045536 0.000652195 -1
4 1 0 0.0479941 23.0343 0 0 0 0 0 0 1.8e-06 21.9053 200 0 0 0 1 15 0 21.6773 0.000673814 0 0.000351704 0.000571908 -1
5 1 0 0.0538414 28.989 0 0 0 0 0 0 3e-06 21.3537 200 0 0 0 1 19 0 27.1422 0.000836289 0 0.000371437 0.000654267 -1
6 1 0 0.0525683 27.6343 0 0 0 0 0 0 2.3e-06 21.6021 200 0 0 0 1 14 0 26.0373 0.000613299 0 0.000272962 0.000615295 -1
7 1 0 0.0520025 27.0426 0 0 0 0 0 0 1.3e-06 21.5236 200 0 0 0 1 13 0 26.0436 0.00040888 0 0.000243754 0.000511922 -1
8 1 0 0.0524863 27.5481 0 0 0 0 0 0 1.2e-06 21.6825 200 0 0 0 1 16 0 26.7916 0.000535004 0 0.000267201 0.000424123 -1
