# strategy jumping=0 robust=0 crit_chi=1000
# ray_trace -N xorder=8 zorder=8 clen=0.8 nintp=8 bend_tol=0.001
# smooth_vel -SV on=1 wmin=200 wmax=200 dw=201 -Ss=200 log10(-XV)=0
# smooth_dep -SD on=0 wmin=0 wmax=0 dw=1 log10(-XD)=0
# damping: MODE=auto  using=-T/-TV/-TD  fixed_-D=OFF  -TV_percent=5 -TV_frac=0.05  -TD_percent=0 -TD_frac=0
# filter_-s: OFF  (ON=2D filter after each iter; OFF=no -s)
# water: invert_only=0 crust_only=1 seafloor=Y
# psx: invert_vs=1 joint_vpvs=1 freeze_lid=0 zmax_below=0  (TOMO2D_INV_PSX_ZMAX, 0=off)
# ndata 620
# nnodes nnodev=5103 nvel=10206 nnoded(refl)=0 refl_weight=1
# LSQR atol=0.001 itermax=510300 cap=8000  (TOMO2D_INV_LSQR_MAXITER)
# lsqr_precond: OFF maxD=50  (ON=TOMO2D_INV_LSQR_PRECOND!=0; default OFF; Legacy forces OFF; maxD<=0=unbounded)
# accel: reuse=OFF thresh=0 c2f=OFF legacy=OFF
1 1 465 0.78775 6205.5 155 0.78775 6205.5 0 0 0 1.42535 62.1993 200 0 14.976 0 5 203 1 6050.5 0.0457933 0 0.00288677 0.00264483 -1
2 1 465 0.271407 736.618 155 0.271407 736.618 0 0 0 1.51408 59.4188 200 0 0 0 1 74 0 641.716 0.0384553 0 0.00211438 0.00156361 -1
3 1 465 0.134252 180.237 155 0.134252 180.237 0 0 0 1.27385 60.8096 200 0 0 0 1 114 0 92.4499 0.0447423 0 0.00189021 0.0010425 -1
# auto_damp: skip undamped probe (joint Vs-only iter=4)
# auto_damp: joint Vs-only wdv=50
4 1 155 0.256232 656.55 0 0 0 0 0 0 1.3754 61.3218 200 0 50 0 1 27 0 573.317 0.0132465 0 0.00182748 0.00235381 -1
# auto_damp: skip undamped probe (joint Vs-only iter=5)
# auto_damp: joint Vs-only wdv=50
5 1 155 0.240295 577.419 0 0 0 0 0 0 1.58819 62.0103 200 0 50 0 1 21 0 557.715 0.00414623 0 0.00143868 0.00267533 -1
# auto_damp: skip undamped probe (joint Vs-only iter=6)
# auto_damp: joint Vs-only wdv=50
6 1 155 0.233638 545.869 0 0 0 0 0 0 1.51719 60.8347 200 0 50 0 1 14 0 537.512 0.00176917 0 0.000965058 0.00182721 -1
# auto_damp: skip undamped probe (joint Vs-only iter=7)
# auto_damp: joint Vs-only wdv=50
7 1 155 0.230019 529.089 0 0 0 0 0 0 1.38786 61.9968 200 0 50 0 1 14 1 522.649 0.00177621 0 0.000903874 0.00159982 -1
# auto_damp: skip undamped probe (joint Vs-only iter=8)
# auto_damp: joint Vs-only wdv=50
8 1 155 0.227549 517.784 0 0 0 0 0 0 1.35529 61.869 200 0 50 0 1 15 0 512.445 0.00174848 0 0.000783544 0.00147489 -1
