# strategy jumping=0 robust=0 crit_chi=1000
# ray_trace -N xorder=8 zorder=8 clen=0.8 nintp=8 bend_tol=0.001
# smooth_vel -SV on=1 wmin=200 wmax=200 dw=201 -Ss=-1 log10(-XV)=0
# smooth_dep -SD on=0 wmin=0 wmax=0 dw=1 log10(-XD)=0
# damping: MODE=auto  using=-T/-TV/-TD  fixed_-D=OFF  -TV_percent=5 -TV_frac=0.05  -TD_percent=0 -TD_frac=0
# filter_-s: OFF  (ON=2D filter after each iter; OFF=no -s)
# water: invert_only=0 crust_only=1 seafloor=Y
# psx: invert_vs=1 joint_vpvs=0 freeze_lid=0 zmax_below=0  (TOMO2D_INV_PSX_ZMAX, 0=off)
# ndata 1085
# nnodes nnodev=5103 nvel=5103 nnoded(refl)=0 refl_weight=1
# LSQR atol=0.001 itermax=510300 cap=8000  (TOMO2D_INV_LSQR_MAXITER)
# lsqr_precond: OFF maxD=50  (ON=TOMO2D_INV_LSQR_PRECOND!=0; default OFF; Legacy forces OFF; maxD<=0=unbounded)
# accel: reuse=OFF thresh=0 c2f=OFF legacy=OFF
1 1 310 0.466642 1413.77 0 0 0 0 0 0 1.44092 64.1849 200 0 115.699 0 4 245 0 331.025 0.0534599 0 0.00915879 0.00463863 -1
2 1 310 0.262269 381.856 0 0 0 0 0 0 1.37214 65.7812 200 0 3.78183 0 4 237 0 208.767 0.0505606 0 0.0027175 0.00201061 -1
3 1 310 0.214232 233.48 0 0 0 0 0 0 1.3331 69.0417 200 0 0 0 1 34 0 230.045 0.00557939 0 0.00114981 0.0014013 -1
4 1 310 0.22341 252.787 0 0 0 0 0 0 1.44091 80.3366 200 0 0 0 1 15 0 250.933 0.0017277 0 0.00104509 0.00133084 -1
5 1 310 0.234734 280.107 0 0 0 0 0 0 1.38776 75.299 200 0 0 0 1 15 0 277.332 0.002205 0 0.0011784 0.00161375 -1
6 1 310 0.210255 226.588 0 0 0 0 0 0 1.34585 71.0398 200 0 0 0 1 14 0 225.25 0.00169333 0 0.000735575 0.00109166 -1
7 1 310 0.210732 226.699 0 0 0 0 0 0 1.41214 70.9643 200 0 0 0 1 15 0 225.142 0.00195225 0 0.000825661 0.00100944 -1
8 1 310 0.213402 231.902 0 0 0 0 0 0 1.35196 69.3645 200 0 0 0 1 14 0 230.925 0.00111553 0 0.000835573 0.000949848 -1
