# strategy jumping=0 robust=0 crit_chi=1000
# ray_trace -N xorder=8 zorder=8 clen=0.8 nintp=8 bend_tol=0.001
# smooth_vel -SV on=1 wmin=200 wmax=200 dw=201 -Ss=-1 log10(-XV)=0
# smooth_dep -SD on=0 wmin=0 wmax=0 dw=1 log10(-XD)=0
# damping: MODE=auto  using=-T/-TV/-TD  fixed_-D=OFF  -TV_percent=5 -TV_frac=0.05  -TD_percent=0 -TD_frac=0
# filter_-s: OFF  (ON=2D filter after each iter; OFF=no -s)
# water: invert_only=0 crust_only=1 seafloor=Y
# psx: invert_vs=0 joint_vpvs=0 freeze_lid=0 zmax_below=0  (TOMO2D_INV_PSX_ZMAX, 0=off)
# inv_strategy=ON  PPP->lid Vs->corr PSP->below Vs  (TOMO2D_INV_STRATEGY=0 off; -ts force)
# ndata 620
# nnodes nnodev=5103 nvel=5103 nnoded(refl)=0 refl_weight=1
# LSQR atol=0.001 itermax=510300 cap=8000  (TOMO2D_INV_LSQR_MAXITER)
# lsqr_precond: OFF maxD=50  (ON=TOMO2D_INV_LSQR_PRECOND!=0; default OFF; Legacy forces OFF; maxD<=0=unbounded)
# accel: reuse=OFF thresh=0 c2f=OFF legacy=OFF
1 1 465 0.107878 116.378 155 0.107878 116.378 0 0 0 0.325215 2.2467 200 0 2.66652 0 5 619 0 17.7832 0.0509625 0 0.00114588 0.00238183 -1
2 1 465 0.0543773 29.5689 155 0.0543773 29.5689 0 0 0 0.333796 2.40522 200 0 0 0 1 87 0 11.6406 0.0067117 0 0.00070595 0.000973249 -1
3 1 465 0.0345585 11.9429 155 0.0345585 11.9429 0 0 0 0.359216 2.40563 200 0 0 0 1 45 0 9.71405 0.00201984 0 0.000433329 0.000726486 -1
4 1 465 0.0312467 9.76355 155 0.0312467 9.76355 0 0 0 0.325116 2.48996 200 0 0 0 1 43 0 8.3263 0.00160664 0 0.000338178 0.000608918 -1
5 1 465 0.0291765 8.51266 155 0.0291765 8.51266 0 0 0 0.330491 2.60529 200 0 0 0 1 40 0 7.48298 0.00121904 0 0.000275603 0.000530334 -1
6 1 465 0.027329 7.46876 155 0.027329 7.46876 0 0 0 0.358257 2.54007 200 0 0 0 1 39 0 6.73427 0.000951592 0 0.000221534 0.000459955 -1
7 1 465 0.0259966 6.75823 155 0.0259966 6.75823 0 0 0 0.298977 2.35614 200 0 0 0 1 36 0 6.16395 0.000750091 0 0.000193426 0.000418975 -1
8 1 465 0.0253131 6.40754 155 0.0253131 6.40754 0 0 0 0.312736 2.61613 200 0 0 0 1 35 0 5.91951 0.000642093 0 0.00016836 0.000385105 -1
9 1 465 0.0436565 13.6312 0 0 0 0 0 0 0.526799 19.526 200 0 0 0 1 54 0 6.52748 0.00683064 0 0.000963946 0.000147803 -1
10 1 465 0.0303901 6.43399 0 0 0 0 0 0 0.309465 19.6266 200 0 0 0 1 44 0 6.09157 0.0010337 0 0.000426795 8.79429e-05 -1
11 1 465 0.0296233 6.07714 0 0 0 0 0 0 0.403765 19.8694 200 0 0 0 1 32 0 5.94974 0.000463819 0 0.000279229 5.34458e-05 -1
12 1 465 0.0294131 5.98311 0 0 0 0 0 0 0.336669 17.8465 200 0 0 0 1 14 0 5.91672 0.000138748 0 0.000207117 3.6464e-05 -1
13 1 465 0.029158 5.86336 0 0 0 0 0 0 0.352055 18.0196 200 0 0 0 1 12 0 5.82337 9.22043e-05 0 0.000162467 2.70923e-05 -1
14 1 465 0.0291685 5.86536 0 0 0 0 0 0 0.298312 20.2663 200 0 0 0 1 9 0 5.84123 6.37698e-05 0 0.000126549 2.12236e-05 -1
15 1 465 0.0291132 5.83819 0 0 0 0 0 0 0.342239 17.6677 200 0 0 0 1 8 0 5.82295 4.84057e-05 0 0.000100802 1.7039e-05 -1
16 1 465 0.0290788 5.82097 0 0 0 0 0 0 0.322625 17.7444 200 0 0 0 1 7 0 5.81108 3.73186e-05 0 8.13704e-05 1.4012e-05 -1
18 1 715 0.0448683 0.805265 0 0 0 0 0 0 6.2e-06 14.772 200 0 0 0 1 103 0 0.366943 0.00248434 0 5.51379e-05 5.54021e-05 -1
19 1 715 0.0304622 0.371178 0 0 0 0 0 0 5.3e-06 14.9708 200 0 0 0 1 45 0 0.354526 0.000287848 0 2.18485e-05 4.1572e-05 -1
20 1 715 0.0295486 0.349248 0 0 0 0 0 0 7.6e-06 14.8192 200 0 0 0 1 43 0 0.33727 0.00022077 0 1.98321e-05 3.53192e-05 -1
21 1 715 0.0290654 0.337918 0 0 0 0 0 0 6.2e-06 14.8764 200 0 0 0 1 31 0 0.328672 0.000108785 0 1.80889e-05 3.13887e-05 -1
22 1 715 0.0286694 0.328774 0 0 0 0 0 0 5.3e-06 14.9861 200 0 0 0 1 18 0 0.320959 5.97659e-05 0 1.42909e-05 3.03182e-05 -1
23 1 715 0.0281718 0.317461 0 0 0 0 0 0 5e-06 16.7468 200 0 0 0 1 18 0 0.310394 5.49793e-05 0 1.35685e-05 2.89071e-05 -1
24 1 715 0.0280509 0.314742 0 0 0 0 0 0 5.5e-06 15.0252 200 0 0 0 1 15 0 0.308112 5.02821e-05 0 1.36652e-05 2.77764e-05 -1
25 1 715 0.0276385 0.305556 0 0 0 0 0 0 1.45e-05 15.1448 200 0 0 0 1 14 0 0.299446 4.65755e-05 0 1.3199e-05 2.6649e-05 -1
