# strategy jumping=0 robust=0 crit_chi=1000
# ray_trace -N xorder=8 zorder=8 clen=0.8 nintp=8 bend_tol=0.001
# smooth_vel -SV on=1 wmin=200 wmax=200 dw=201 -Ss=-1 log10(-XV)=0
# smooth_dep -SD on=0 wmin=0 wmax=0 dw=1 log10(-XD)=0
# damping: MODE=auto  using=-T/-TV/-TD  fixed_-D=OFF  -TV_percent=5 -TV_frac=0.05  -TD_percent=0 -TD_frac=0
# filter_-s: OFF  (ON=2D filter after each iter; OFF=no -s)
# water: invert_only=0 crust_only=1 seafloor=Y
# psx: invert_vs=0 joint_vpvs=0 freeze_lid=0 zmax_below=0  (TOMO2D_INV_PSX_ZMAX, 0=off)
# inv_strategy=ON  PPP->lid Vs->corr PSP->below Vs  (TOMO2D_INV_STRATEGY=0 off; -ts force)
# ndata 620
# nnodes nnodev=5103 nvel=5103 nnoded(refl)=0 refl_weight=1
# LSQR atol=0.001 itermax=510300 cap=8000  (TOMO2D_INV_LSQR_MAXITER)
# lsqr_precond: OFF maxD=50  (ON=TOMO2D_INV_LSQR_PRECOND!=0; default OFF; Legacy forces OFF; maxD<=0=unbounded)
# accel: reuse=OFF thresh=0 c2f=OFF legacy=OFF
1 1 465 0.107878 116.378 155 0.107878 116.378 0 0 0 0.335296 2.44021 200 0 2.66652 0 5 619 0 17.7832 0.0509625 0 0.00114588 0.00238183 -1
2 1 465 0.0543773 29.5689 155 0.0543773 29.5689 0 0 0 0.344489 2.7 200 0 0 0 1 87 0 11.6406 0.0067117 0 0.00070595 0.000973249 -1
3 1 465 0.0345585 11.9429 155 0.0345585 11.9429 0 0 0 0.384774 2.49169 200 0 0 0 1 45 0 9.71405 0.00201984 0 0.000433329 0.000726486 -1
4 1 465 0.0312467 9.76355 155 0.0312467 9.76355 0 0 0 0.378275 2.55081 200 0 0 0 1 43 0 8.3263 0.00160664 0 0.000338178 0.000608918 -1
5 1 465 0.0291765 8.51266 155 0.0291765 8.51266 0 0 0 0.352778 3.16688 200 0 0 0 1 40 0 7.48298 0.00121904 0 0.000275603 0.000530334 -1
6 1 465 0.027329 7.46876 155 0.027329 7.46876 0 0 0 0.339185 2.59476 200 0 0 0 1 39 0 6.73427 0.000951592 0 0.000221534 0.000459955 -1
7 1 465 0.0259966 6.75823 155 0.0259966 6.75823 0 0 0 0.332868 2.58878 200 0 0 0 1 36 0 6.16395 0.000750091 0 0.000193426 0.000418975 -1
8 1 465 0.0253131 6.40754 155 0.0253131 6.40754 0 0 0 0.326226 2.65465 200 0 0 0 1 35 0 5.91951 0.000642093 0 0.00016836 0.000385105 -1
9 1 465 0.0436565 13.6312 0 0 0 0 0 0 0.381509 19.2342 200 0 0 0 1 54 0 6.52748 0.00683064 0 0.000963946 0.000147803 -1
10 1 465 0.0303901 6.43399 0 0 0 0 0 0 0.386181 19.6555 200 0 0 0 1 44 0 6.09157 0.0010337 0 0.000426795 8.79429e-05 -1
11 1 465 0.0296233 6.07714 0 0 0 0 0 0 0.365202 19.354 200 0 0 0 1 32 0 5.94974 0.000463819 0 0.000279229 5.34458e-05 -1
12 1 465 0.0294131 5.98311 0 0 0 0 0 0 0.345965 18.7449 200 0 0 0 1 14 0 5.91672 0.000138748 0 0.000207117 3.6464e-05 -1
13 1 465 0.029158 5.86336 0 0 0 0 0 0 0.354999 19.301 200 0 0 0 1 12 0 5.82337 9.22043e-05 0 0.000162467 2.70923e-05 -1
14 1 465 0.0291685 5.86536 0 0 0 0 0 0 0.385023 18.6061 200 0 0 0 1 9 0 5.84123 6.37698e-05 0 0.000126549 2.12236e-05 -1
15 1 465 0.0291132 5.83819 0 0 0 0 0 0 0.385588 18.9034 200 0 0 0 1 8 0 5.82295 4.84057e-05 0 0.000100802 1.7039e-05 -1
16 1 465 0.0290788 5.82097 0 0 0 0 0 0 0.308238 18.5286 200 0 0 0 1 7 0 5.81108 3.73186e-05 0 8.13704e-05 1.4012e-05 -1
18 1 625 0.0632828 40.0472 0 0 0 0 0 0 3.4e-06 22.8887 200 0 0 0 1 28 0 30.6974 0.00282926 0 0.000413426 0.000722393 -1
19 1 625 0.0539127 29.0658 0 0 0 0 0 0 4.1e-06 23.1505 200 0 0 0 1 21 0 27.8931 0.000807258 0 0.000283242 0.000549795 -1
20 1 625 0.0523602 27.4159 0 0 0 0 0 0 3e-06 22.9665 200 0 0 0 1 26 0 26.1733 0.00127729 0 0.000326396 0.000526086 -1
21 1 625 0.050487 25.4894 0 0 0 0 0 0 4.7e-06 22.4753 200 0 0 0 1 13 0 24.8761 0.000363912 0 0.000231881 0.000391763 -1
22 1 625 0.0462257 21.3681 0 0 0 0 0 0 3.8e-06 22.6123 200 0 0 0 1 24 0 20.5113 0.00107563 0 0.00027239 0.000435236 -1
23 1 625 0.0472604 22.3354 0 0 0 0 0 0 7.2e-06 22.3227 200 0 0 0 1 15 0 21.7354 0.00046904 0 0.000221894 0.000392602 -1
24 1 625 0.0512788 26.2952 0 0 0 0 0 0 3e-06 21.7556 200 0 0 0 1 12 0 25.5413 0.000420905 0 0.000227516 0.000441455 -1
25 1 625 0.0533662 28.4795 0 0 0 0 0 0 3.3e-06 22.0618 200 0 0 0 1 12 0 27.1252 0.000550292 0 0.000291611 0.000570861 -1
