# strategy jumping=0 robust=0 crit_chi=1000
# ray_trace -N xorder=8 zorder=8 clen=0.8 nintp=8 bend_tol=0.0001
# smooth_vel -SV on=1 wmin=200 wmax=200 dw=201 -Ss=-1 log10(-XV)=0
# smooth_dep -SD on=0 wmin=0 wmax=0 dw=1 log10(-XD)=0
# damping: MODE=fixed  using=-D/-DV/-DD  auto_-T=OFF  -DV=1 -DD=0
# damping: -DQ=ON wdv=1
# filter_-s: OFF  (ON=2D filter after each iter; OFF=no -s)
# water: invert_only=0 crust_only=1 seafloor=Y
# psx: invert_vs=0 joint_vpvs=0 freeze_lid=0 zmax_below=0  (TOMO2D_INV_PSX_ZMAX, 0=off)
# ndata 155
# nnodes nnodev=5103 nvel=5103 nnoded(refl)=0 refl_weight=1
# LSQR atol=0.001 itermax=510300 cap=8000  (TOMO2D_INV_LSQR_MAXITER)
# lsqr_precond: OFF maxD=50  (ON=TOMO2D_INV_LSQR_PRECOND!=0; default OFF; Legacy forces OFF; maxD<=0=unbounded)
# accel: reuse=OFF thresh=0 c2f=OFF legacy=OFF
1 1 0 0.0533704 28.484 155 0.0533704 28.484 0 0 0 0.345135 3.60793 200 0 1 0 1 32 0 19.4273 0.00197834 0 0.000244057 0.000964303 -1
2 1 0 0.0439727 19.336 155 0.0439727 19.336 0 0 0 0.336978 4.1441 200 0 1 0 1 27 0 17.5707 0.00091947 0 0.000216695 0.000617262 -1
3 1 0 0.041975 17.619 155 0.041975 17.619 0 0 0 0.334908 3.79915 200 0 1 0 1 23 0 16.6105 0.000691337 0 0.000186478 0.000477978 -1
4 1 0 0.0407042 16.5683 155 0.0407042 16.5683 0 0 0 0.311005 3.45416 200 0 1 0 1 22 0 15.8952 0.000519272 0 0.000154571 0.000388668 -1
5 1 0 0.0400692 16.0554 155 0.0400692 16.0554 0 0 0 0.296794 3.56421 200 0 1 0 1 21 0 15.57 0.000401316 0 0.00012829 0.000328299 -1
6 1 0 0.0391754 15.3471 155 0.0391754 15.3471 0 0 0 0.321912 3.89817 200 0 1 0 1 19 0 14.9709 0.000294819 0 0.00010759 0.000287237 -1
7 1 0 0.0388654 15.1052 155 0.0388654 15.1052 0 0 0 0.315081 4.02218 200 0 1 0 1 15 0 14.8002 0.000205357 0 9.00049e-05 0.000255316 -1
8 1 0 0.0384632 14.7941 155 0.0384632 14.7941 0 0 0 0.313453 3.65218 200 0 1 0 1 14 0 14.5269 0.000167577 0 8.41366e-05 0.000235034 -1
