# strategy jumping=0 robust=0 crit_chi=1000
# ray_trace -N xorder=8 zorder=8 clen=0.8 nintp=8 bend_tol=0.0001
# smooth_vel -SV on=1 wmin=200 wmax=200 dw=201 -Ss=-1 log10(-XV)=0
# smooth_dep -SD on=0 wmin=0 wmax=0 dw=1 log10(-XD)=0
# damping: MODE=fixed  using=-D/-DV/-DD  auto_-T=OFF  -DV=1 -DD=0
# damping: -DQ=ON wdv=1
# filter_-s: OFF  (ON=2D filter after each iter; OFF=no -s)
# water: invert_only=0 crust_only=1 seafloor=Y
# psx: invert_vs=0 joint_vpvs=0 freeze_lid=0 zmax_below=0  (TOMO2D_INV_PSX_ZMAX, 0=off)
# ndata 77
# nnodes nnodev=5103 nvel=5103 nnoded(refl)=0 refl_weight=1
# LSQR atol=0.001 itermax=510300 cap=8000  (TOMO2D_INV_LSQR_MAXITER)
# lsqr_precond: OFF maxD=50  (ON=TOMO2D_INV_LSQR_PRECOND!=0; default OFF; Legacy forces OFF; maxD<=0=unbounded)
# accel: reuse=OFF thresh=0 c2f=OFF legacy=OFF
1 1 0 0.11384 5.18384 77 0.11384 5.18384 0 0 0 0.323379 2.91287 200 0 1 0 1 49 0 3.56125 0.00200117 0 0.000112476 0.000364616 -1
2 1 0 0.094157 3.54621 77 0.094157 3.54621 0 0 0 0.321031 3.07744 200 0 1 0 1 49 0 2.61541 0.00152305 0 8.48903e-05 0.000275625 -1
3 1 0 0.0807943 2.61109 77 0.0807943 2.61109 0 0 0 0.315398 3.11605 200 0 1 0 1 48 0 2.08502 0.00115096 0 6.35671e-05 0.000206777 -1
4 1 0 0.0722383 2.08735 77 0.0722383 2.08735 0 0 0 0.326 3.17793 200 0 1 0 1 47 0 1.79234 0.000863628 0 4.73581e-05 0.000155164 -1
5 1 0 0.0669183 1.79123 77 0.0669183 1.79123 0 0 0 0.49026 3.74124 200 0 1 0 1 46 0 1.62451 0.000648088 0 3.56242e-05 0.000117274 -1
6 1 0 0.0636726 1.62168 77 0.0636726 1.62168 0 0 0 0.291976 3.15561 200 0 1 0 1 44 0 1.5286 0.000478342 0 2.69545e-05 8.88826e-05 -1
7 1 0 0.0617731 1.52636 77 0.0617731 1.52636 0 0 0 0.353294 2.80081 200 0 1 0 1 26 0 1.47626 0.000286827 0 2.03181e-05 7.28736e-05 -1
8 1 0 0.0607279 1.47515 77 0.0607279 1.47515 0 0 0 0.333953 2.8905 200 0 1 0 1 25 0 1.44451 0.000219304 0 1.67043e-05 5.76387e-05 -1
