# strategy jumping=0 robust=0 crit_chi=1000
# ray_trace -N xorder=8 zorder=8 clen=0.8 nintp=8 bend_tol=0.0001
# smooth_vel -SV on=1 wmin=200 wmax=200 dw=201 -Ss=-1 log10(-XV)=0
# smooth_dep -SD on=0 wmin=0 wmax=0 dw=1 log10(-XD)=0
# damping: MODE=fixed  using=-D/-DV/-DD  auto_-T=OFF  -DV=1 -DD=0
# damping: -DQ=ON wdv=1
# filter_-s: OFF  (ON=2D filter after each iter; OFF=no -s)
# water: invert_only=0 crust_only=1 seafloor=Y
# psx: invert_vs=1 joint_vpvs=0 freeze_lid=1 zmax_below=0  (TOMO2D_INV_PSX_ZMAX, 0=off)
# ndata 155
# nnodes nnodev=5103 nvel=5103 nnoded(refl)=0 refl_weight=1
# LSQR atol=0.001 itermax=510300 cap=8000  (TOMO2D_INV_LSQR_MAXITER)
# lsqr_precond: OFF maxD=50  (ON=TOMO2D_INV_LSQR_PRECOND!=0; default OFF; Legacy forces OFF; maxD<=0=unbounded)
# accel: reuse=OFF thresh=0 c2f=OFF legacy=OFF
1 1 0 0.457706 2094.95 0 0 0 0 0 0 2.70002e-06 35.8275 200 0 1 0 1 43 0 35.4852 0.0431963 0 0.00168478 0.00258124 -1
2 1 0 0.0616526 38.0105 0 0 0 0 0 0 2.99999e-06 37.1939 200 0 1 0 1 37 0 18.9155 0.00780848 0 0.000637144 0.000739388 -1
3 1 0 0.0370172 13.7027 0 0 0 0 0 0 4e-06 35.0306 200 0 1 0 1 30 0 11.1365 0.0029554 0 0.000387564 0.000498239 -1
4 1 0 0.033816 11.4353 0 0 0 0 0 0 2.99999e-06 35.1861 200 0 1 0 1 25 0 10.6187 0.00141992 0 0.000268555 0.000354623 -1
5 1 0 0.0315037 9.9248 0 0 0 0 0 0 2.80001e-06 33.9281 200 0 1 0 1 22 0 9.57359 0.000762024 0 0.000181595 0.000264294 -1
6 1 0 0.0320034 10.2422 0 0 0 0 0 0 2.69999e-06 35.1885 200 0 1 0 1 21 0 9.91053 0.000562858 0 0.000176786 0.000273599 -1
7 1 0 0.0306492 9.39371 0 0 0 0 0 0 2.5e-06 33.2422 200 0 1 0 1 20 0 9.10929 0.000444612 0 0.000147917 0.000267785 -1
8 1 0 0.0381071 14.5215 0 0 0 0 0 0 2.90001e-06 33.6734 200 0 1 0 1 18 0 13.8476 0.000689309 0 0.000216694 0.000375041 -1
